W/qdhwcomposer(  308): Excessive delay reading vsync: took 416 ms
W/qdhwcomposer(  308): Excessive delay reading vsync: took 866 ms
W/qdhwcomposer(  308): Excessive delay reading vsync: took 950 ms
W/qdhwcomposer(  308): Excessive delay reading vsync: took 850 ms
D/dalvikvm(21012): GC_CONCURRENT freed 1751K, 53% free 5212K/10928K, paused 2ms+13ms, total 35ms
W/GAV2    (22084): Thread[Service Reconnect,5,main]: Service unavailable (code=1), using local store.
W/ActivityManager(  831): Unable to start service Intent { act=com.google.android.gms.analytics.service.START (has extras) } U=0: not found
D/Diag_Lib(  745): [IMS_DEBUG]| 1035 | 749 |qpNetSelect : Select Unblocked , iRtn 0, errno 0, errno [Success]
E/Diag_Lib(  745): [IMS_FATAL]| 251 | 749 |qvp_rtp_handle_signals iRet : 0
E/Diag_Lib(  745): [IMS_FATAL]| 238 | 749 |qvp_rtp_handle_signals qpDplMainLoop: Calling imsSignalHandler
D/Diag_Lib(  745): [IMS_DEBUG]| 144 | 749 |qpDpl:imsSignalHandler
E/Diag_Lib(  745): [IMS_FATAL]| 155 | 749 |qpdpl:imsSignalHandler: GLobal data NULL or Event list size is 0
E/Diag_Lib(  745): [IMS_FATAL]| 243 | 749 |qvp_rtp_handle_signals add read fd : 8
W/qdhwcomposer(  308): Excessive delay reading vsync: took 1850 ms
I/ActivityManager(  831): START u0 {flg=0x50000000 cmp=com.android.vending/com.google.android.vending.verifier.ConsentDialog (has extras)} from pid 21012
W/qdhwcomposer(  308): Excessive delay reading vsync: took 933 ms
D/dalvikvm(21012): GC_CONCURRENT freed 4127K, 72% free 3073K/10928K, paused 2ms+1ms, total 25ms
D/dalvikvm(21012): WAIT_FOR_CONCURRENT_GC blocked 23ms
W/qdhwcomposer(  308): Excessive delay reading vsync: took 66 ms
D/libEGL  (21012): loaded /vendor/lib/egl/libEGL_adreno.so
D/libEGL  (21012): loaded /vendor/lib/egl/libGLESv1_CM_adreno.so
D/libEGL  (21012): loaded /vendor/lib/egl/libGLESv2_adreno.so
I/Adreno-EGL(21012): <qeglDrvAPI_eglInitialize:316>: EGL 1.4 QUALCOMM build: LNXBUILD_AU_LINUX_ANDROID_JB_2.6_RB1.04.03.00.144.009+PATCH[ES]_msm8960_JB_2.6_RB1_CL4169980_release_ENGG (CL4169980)
I/Adreno-EGL(21012): OpenGL ES Shader Compiler Version: 17.01.10.SPL
I/Adreno-EGL(21012): Build Date: 12/17/13 Tue
I/Adreno-EGL(21012): Local Branch: 
I/Adreno-EGL(21012): Remote Branch: quic/jb_2.6_rb1.10
I/Adreno-EGL(21012): Local Patches: 579c35762619098d011c9c2a718d817a52a65028 Merge "Merge e6898912278420151291719929e1eb6163c56cc2 on remote branch"
I/Adreno-EGL(21012):                  b075f07ef0d826864515aea57fd03e3d1caed533 Merge e6898912278420151291719929e1eb6163c56cc2 on remote bran
D/OpenGLRenderer(21012): Enabling debug mode 0
I/ActivityManager(  831): Displayed com.android.vending/com.google.android.vending.verifier.ConsentDialog: +238ms
W/qdhwcomposer(  308): Excessive delay reading vsync: took 516 ms
D/ALSADevice(  311): route: devices 0x2 in mode 0
V/ALSADevice(  311): switchDevice: device 0x2 mode:0
V/ALSADevice(  311): nonCallOutputRouting: 0x2, mDevSettingsFlag=0x00012012
V/ALSADevice(  311): Routing to rx=xLoud Speaker
V/ALSADevice(  311): nonCallInputRouting: 0, mDevSettingsFlag=0x00012012
V/ALSADevice(  311): Routing to tx=none
V/ALSADevice(  311): switchDevice,rxDev:xLoud Speaker, txDev:(null), curRxDev:xLoud Speaker, curTxDev:None
D/alsa_ucm(  311): snd_use_case_set(): uc_mgr 0xb89a5258 identifier _enadev value xLoud Speaker
D/ALSADevice(  311): switchDevice: mCurTxUCMDevivce None mCurRxDevDevice xLoud Speaker
D/alsa_ucm(  311): snd_use_case_set(): uc_mgr 0xb89a5258 identifier _verb value HiFi Lowlatency
D/alsa_ucm(  311): Set mixer controls for xLoud Speaker enable 1
D/alsa_ucm(  311): acdb_id 520 cap 1 enable 1
D/ACDB-LOADER(  311): ACDB -> send_audio_cal, acdb_id = 520, path =  0
D/ACDB-LOADER(  311): ACDB -> send_adm_topology
D/ACDB-LOADER(  311): ACDB -> ACDB_CMD_GET_AUDPROC_COMMON_TOPOLOGY_ID
D/ACDB-LOADER(  311): ACDB -> send_audtable
D/ACDB-LOADER(  311): ACDB -> ACDB_CMD_GET_AUDPROC_COMMON_TABLE
D/ACDB-LOADER(  311): ACDB -> AUDIO_SET_AUDPROC_CAL
D/ACDB-LOADER(  311): ACDB -> send_audvoltable
D/ACDB-LOADER(  311): ACDB -> ACDB_CMD_GET_AUDPROC_GAIN_DEP_VOLTBL_STEP_COPP
D/ACDB-LOADER(  311): ACDB -> AUDIO_SET_AUDPROC_VOL_CAL
D/ACDB-LOADER(  311): ACDB -> AUDIO_SET_AFE_CAL
D/alsa_ucm(  311): Setting mixer control: SLIM_0_RX Channels, value: Two
D/alsa_ucm(  311): Setting mixer control: RX3 MIX1 INP1, value: RX1
D/alsa_ucm(  311): Setting mixer control: RX3 MIX1 INP2, value: RX2
D/alsa_ucm(  311): Setting mixer control: LINEOUT1 Volume, value: 100
D/alsa_ucm(  311): Setting mixer control: RX3 Digital Volume, value: 68
D/alsa_ucm(  311): Set mixer controls for HiFi Lowlatency enable 1
D/alsa_ucm(  311): Setting mixer control: SLIMBUS_0_RX Audio Mixer MultiMedia5, value: 1
D/ALSADevice(  311): close: handle 0xb89fed40 h 0x0
D/ALSADevice(  311): open: handle 0xb89fed40, format 0x2
V/ALSADevice(  311): Music case
D/ALSADevice(  311): Device value returned is hw:0,14
V/ALSADevice(  311): flags 0, devName hw:0,14
D/Finsky  (21012): [1] PackageVerificationService.reportConsentDialog: User consent false for id=12
V/ALSADevice(  311): pcm_open returned fd 40
D/ALSADevice(  311): handle->format: 0x2
D/ALSADevice(  311): setHardwareParams: reqBuffSize 1024 channels 2 sampleRate 48000
D/ALSADevice(  311): setHardwareParams: buffer_size 2048, period_size 1024, period_cnt 2
D/Finsky  (21012): [1] PackageVerificationReceiver.onReceive: Verification requested, id = 12
W/qdhwcomposer(  308): Excessive delay reading vsync: took 47 ms
W/ActivityManager(  831): No content provider found for permission revoke: file:///data/local/tmp/demo-debug.apk
I/PackageManager(  831): Copying native libraries to /data/app-lib/vmdl1378125241
D/dalvikvm(  831): GC_CONCURRENT freed 3798K, 38% free 25222K/40432K, paused 3ms+9ms, total 91ms
D/dalvikvm(  831): WAIT_FOR_CONCURRENT_GC blocked 80ms
D/dalvikvm(  831): GC_CONCURRENT freed 5257K, 37% free 25646K/40432K, paused 4ms+7ms, total 93ms
D/dalvikvm(  831): WAIT_FOR_CONCURRENT_GC blocked 84ms
D/Diag_Lib(  745): [IMS_DEBUG]| 1035 | 749 |qpNetSelect : Select Unblocked , iRtn 0, errno 0, errno [Success]
E/Diag_Lib(  745): [IMS_FATAL]| 251 | 749 |qvp_rtp_handle_signals iRet : 0
E/Diag_Lib(  745): [IMS_FATAL]| 238 | 749 |qvp_rtp_handle_signals qpDplMainLoop: Calling imsSignalHandler
D/Diag_Lib(  745): [IMS_DEBUG]| 144 | 749 |qpDpl:imsSignalHandler
E/Diag_Lib(  745): [IMS_FATAL]| 155 | 749 |qpdpl:imsSignalHandler: GLobal data NULL or Event list size is 0
E/Diag_Lib(  745): [IMS_FATAL]| 243 | 749 |qvp_rtp_handle_signals add read fd : 8
D/dalvikvm(  831): GC_CONCURRENT freed 5727K, 37% free 25700K/40432K, paused 4ms+7ms, total 93ms
D/dalvikvm(  831): WAIT_FOR_CONCURRENT_GC blocked 82ms
W/qdhwcomposer(  308): Excessive delay reading vsync: took 1699 ms
W/qdhwcomposer(  308): Excessive delay reading vsync: took 883 ms
D/ALSADevice(  311): standby: handle 0xb89fed40 h 0x0
V/ALSADevice(  311): standby handle h 0xb8a67c38
I/PackageManager(  831): Running dexopt on: com.netease.nim.demo
D/alsa_ucm(  311): snd_use_case_set(): uc_mgr 0xb89a5258 identifier _verb value Inactive
D/alsa_ucm(  311): Set mixer controls for HiFi Lowlatency enable 0
D/alsa_ucm(  311): Setting mixer control: SLIMBUS_0_RX Audio Mixer MultiMedia5, value: 0
V/ALSADevice(  311): Number of modifiers 0
V/ALSADevice(  311): usecase_type is 0
D/alsa_ucm(  311): snd_use_case_set(): uc_mgr 0xb89a5258 identifier _disdev value xLoud Speaker
D/alsa_ucm(  311): Set mixer controls for xLoud Speaker enable 0
D/alsa_ucm(  311): Setting mixer control: RX3 MIX1 INP1, value: ZERO
D/alsa_ucm(  311): Setting mixer control: RX3 MIX1 INP2, value: ZERO
D/alsa_ucm(  311): Setting mixer control: LINEOUT1 Volume, value: 0
D/alsa_ucm(  311): Setting mixer control: RX3 Digital Volume, value: 0
V/AudioHardwareALSA(  311): closeUsbPlaybackIfNothingActive, musbPlaybackState: 0
D/AudioUsbALSA(  311): exitPlaybackThread, mproxypfdPlayback: -1
D/AudioUsbALSA(  311): closeDevice handle 0x0
D/AudioUsbALSA(  311): closeDevice handle 0x0
W/qdhwcomposer(  308): Excessive delay reading vsync: took 216 ms
W/dalvikvm(22144): method Landroid/support/v7/widget/ListViewCompat;.lookForSelectablePosition incorrectly overrides package-private method with same name in Landroid/widget/ListView;
W/qdhwcomposer(  308): Excessive delay reading vsync: took 600 ms
W/qdhwcomposer(  308): Excessive delay reading vsync: took 833 ms
D/dalvikvm(22144): DexOpt: couldn't find static field Landroid/os/Build;.SUPPORTED_ABIS
D/dalvikvm(22144): DexOpt: couldn't find static field Landroid/os/Build;.SUPPORTED_ABIS
D/dalvikvm(22144): DexOpt: couldn't find static field Landroid/os/Build;.SUPPORTED_ABIS
D/dalvikvm(22144): DexOpt: load 337ms, verify+opt 1671ms, 4880716 bytes
I/ActivityManager(  831): Force stopping package com.netease.nim.demo appid=10189 user=-1
W/PackageManager(  831): Unknown permission android.permission.ADD_SYSTEM_SERVICE in package com.android.phone
W/PackageManager(  831): Unknown permission com.sonyericsson.permission.VOIPCALLLOG in package com.android.phone
W/PackageManager(  831): Unknown permission com.sonyericsson.illumination.permission.ILLUMINATION in package com.android.phone
W/PackageManager(  831): Unknown permission com.sonymobile.providers.landownerprovider.permission.READ in package com.android.phone
W/PackageManager(  831): Unknown permission com.google.android.gallery3d.permission.GALLERY_PROVIDER in package com.android.bluetooth
W/PackageManager(  831): Unknown permission com.android.gallery3d.permission.GALLERY_PROVIDER in package com.android.bluetooth
W/PackageManager(  831): Unknown permission com.sonyericsson.android.permission.FACERECOGNITION_SERVICE in package com.sonyericsson.android.camera3d
W/PackageManager(  831): Unknown permission com.android.launcher.permission.READ_SETTINGS in package com.android.settings
W/PackageManager(  831): Unknown permission com.android.launcher.permission.WRITE_SETTINGS in package com.android.settings
W/PackageManager(  831): Unknown permission com.sonyericsson.android.permission.FACERECOGNITION_SERVICE in package com.sonyericsson.android.camera
W/PackageManager(  831): Unknown permission com.sonymobile.permission.IMAGE_PROCESSOR in package com.sonyericsson.android.camera
W/PackageManager(  831): Unknown permission com.facebook.orca.provider.ACCESS in package com.facebook.katana
W/PackageManager(  831): Unknown permission com.sec.android.provider.badge.permission.READ in package com.facebook.katana
W/PackageManager(  831): Unknown permission com.sec.android.provider.badge.permission.WRITE in package com.facebook.katana
W/PackageManager(  831): Unknown permission com.htc.launcher.permission.UPDATE_SHORTCUT in package com.facebook.katana
W/PackageManager(  831): Unknown permission com.amazon.device.messaging.permission.RECEIVE in package com.facebook.katana
W/PackageManager(  831): Unknown permission com.android.launcher.permission.READ_SETTINGS in package com.facebook.katana
W/PackageManager(  831): Unknown permission com.sec.android.app.launcher.READ_SETTINGS in package com.facebook.katana
W/PackageManager(  831): Unknown permission com.sec.android.app.twlauncher.READ_SETTINGS in package com.facebook.katana
W/PackageManager(  831): Unknown permission com.htc.launcher.permission.READ_SETTINGS in package com.facebook.katana
W/PackageManager(  831): Unknown permission com.google.android.voicesearch.SHORTCUTS_ACCESS in package com.google.android.googlequicksearchbox
W/PackageManager(  831): Unknown permission com.android.browser.permission.PRELOAD in package com.google.android.googlequicksearchbox
W/PackageManager(  831): Unknown permission com.google.android.ears.permission.WRITE in package com.google.android.googlequicksearchbox
W/PackageManager(  831): Unknown permission com.google.android.apps.maps.permission.PREFETCH in package com.google.android.googlequicksearchbox
W/PackageManager(  831): Unknown permission com.google.android.apps.googlevoice.permission.AUTO_SEND in package com.google.android.googlequicksearchbox
W/PackageManager(  831): Unknown permission com.sonymobile.tasks.provider.permission.READ_TASKS in package com.android.exchange
W/PackageManager(  831): Unknown permission com.sonymobile.tasks.provider.permission.WRITE_TASKS in package com.android.exchange
W/PackageManager(  831): Not granting permission android.permission.INTERACT_ACROSS_USERS_FULL to package com.android.exchange (protectionLevel=2 flags=0x883e45)
W/PackageManager(  831): Unknown permission com.android.email.permission.WRITE_ATTACHMENT in package com.android.exchange
W/PackageManager(  831): Not granting permission com.sonymobile.permission.SMIME_KEYSTORE to package com.android.exchange (protectionLevel=2 flags=0x883e45)
W/PackageManager(  831): Unknown permission android.permission.ACCESS_LOCATION in package com.sonyericsson.android.servicemenu
W/PackageManager(  831): Unknown permission android.permission.ACCESS_GPS in package com.sonyericsson.android.servicemenu
W/PackageManager(  831): Unknown permission android.permission.ACCESS_WAKE_LOCK in package com.sonyericsson.android.servicemenu
W/PackageManager(  831): Unknown permission com.sonyericsson.servicemenu.permission.ACCESS_SERVICE_MENU in package com.sonyericsson.android.servicemenu
W/PackageManager(  831): Unknown permission com.sony.nfx.app.irremoteservice.permission.EXECUTE_SERVICE in package com.sonyericsson.android.servicemenu
W/PackageManager(  831): Unknown permission android.permission.FM_RADIO_RECEIVER in package com.sonyericsson.android.servicemenu
W/PackageManager(  831): Not granting permission com.sonyericsson.permission.INSTALL_APPLICATION to package com.sonyericsson.trackid (protectionLevel=2 flags=0x48be44)
W/PackageManager(  831): Unknown permission com.sonyericsson.permission.USERAGENT in package com.sonyericsson.trackid
W/PackageManager(  831): Unknown permission com.sonyericsson.permission.CUSTOMIZATION in package com.sonyericsson.trackid
W/PackageManager(  831): Unknown permission android.permission.WRITE_SYNC_STATS in package com.google.android.apps.docs
W/PackageManager(  831): Unknown permission com.sonyericsson.music.permission.MUSICSERVICE in package com.sonyericsson.extras.liveware
W/PackageManager(  831): Unknown permission com.android.launcher.permission.READ_SETTINGS in package com.google.android.onetimeinitializer
W/PackageManager(  831): Unknown permission com.android.launcher.permission.WRITE_SETTINGS in package com.google.android.onetimeinitializer
W/PackageManager(  831): Not granting permission android.permission.MOUNT_UNMOUNT_FILESYSTEMS to package org.mozilla.firefox (protectionLevel=18 flags=0x883e44)
W/PackageManager(  831): Not granting permission android.permission.READ_LOGS to package org.mozilla.firefox (protectionLevel=50 flags=0x883e44)
W/PackageManager(  831): Unknown permission com.sony.walkman.media.service.permission.ACCESS_TEMPORARY_PROVIDER in package com.sonyericsson.video
W/PackageManager(  831): Unknown permission com.sony.walkman.media.service.permission.ACCESS_DRM in package com.sonyericsson.video
W/PackageManager(  831): Not granting permission com.sonyericsson.android.permission.SOLS_VIDEO_ACCESS to package com.sonyericsson.video (protectionLevel=2 flags=0xc8be45)
W/PackageManager(  831): Unknown permission com.sonyericsson.illumination.permission.ILLUMINATION in package com.sonymobile.playanywhere
W/PackageManager(  831): Unknown permission com.sonyericsson.permission.HANDOVER_SERVICE in package com.sonymobile.playanywhere
W/PackageManager(  831): Unknown permission com.sonyericsson.permission.FMRADIO in package com.sonyericsson.dlna
W/PackageManager(  831): Unknown permission com.sonyericsson.permission.MUSIC in package com.sonyericsson.dlna
W/PackageManager(  831): Unknown permission com.sonyericsson.dtcpctrl.permission.DTCPCTRL_SERVICE in package com.sonyericsson.dlna
W/PackageManager(  831): Unknown permission com.google.android.gallery3d.permission.PICASA_STORE in package com.google.android.apps.plus
W/PackageManager(  831): Not granting permission android.permission.SEND_DOWNLOAD_COMPLETED_INTENTS to package com.android.vending (protectionLevel=2 flags=0x8abe45)
W/PackageManager(  831): Unknown permission android.permission.SEND_SMS_NO_CONFIRMATION in package com.android.vending
W/PackageManager(  831): Unknown permission com.sonyericsson.illumination.permission.ILLUMINATION in package com.sonyericsson.album
W/PackageManager(  831): Unknown permission com.sonymobile.permission.READ_CONTACT_FACE_META in package com.sonyericsson.album
W/PackageManager(  831): Unknown permission com.sonymobile.permission.WRITE_CONTACT_FACE_META in package com.sonyericsson.album
W/PackageManager(  831): Not granting permission android.permission.READ_DREAM_STATE to package com.google.android.gsf (protectionLevel=2 flags=0x883e45)
W/PackageManager(  831): Unknown permission com.sonyericsson.illumination.permission.ILLUMINATION in package com.sonyericsson.retaildemo
W/PackageManager(  831): Unknown permission com.sony.walkman.database.media.permission.WRITE_MEDIA_METADATA in package com.sonyericsson.metadatacleanup
W/PackageManager(  831): Unknown permission com.sony.walkman.database.media.permission.ACCESS_DRM_METADATA in package com.sonyericsson.metadatacleanup
W/PackageManager(  831): Unknown permission com.sony.walkman.permission.ACCESS_MEDIA in package com.sonyericsson.metadatacleanup
W/PackageManager(  831): Unknown permission com.qualcomm.permission.USE_QCRIL_MSG_TUNNEL in package com.sonyericsson.rxdiversity
W/PackageManager(  831): Unknown permission com.timhoeck.android.eventghost.permission.SEND_EVENTS in package de.gavitec.semc
W/PackageManager(  831): Unknown permission com.sonyericsson.permission.CUSTOMIZATION in package com.sonyericsson.textinput.chinese
W/PackageManager(  831): Unknown permission com.android.vending.billing.IBillingAccountService.BIND2 in package com.google.android.gsf.login
W/PackageManager(  831): Unknown permission com.sonyericsson.permission.CONTACTS_PICK_CONVERSATIONS_TARGET in package com.sonyericsson.conversations
W/PackageManager(  831): Unknown permission com.sonyericsson.pws.permission.EMERGENCY_ALERTS in package com.sonyericsson.conversations
W/PackageManager(  831): Unknown permission com.sonyericsson.permission.ACCESS_PROTECTED_CONTACTS in package com.sonyericsson.conversations
W/PackageManager(  831): Unknown permission com.sonymobile.providers.landownerprovider.permission.READ in package com.sonyericsson.conversations
W/PackageManager(  831): Unknown permission com.sonyericsson.permission.MUSIC in package com.sonyericsson.music.wikipediaplugin
W/PackageManager(  831): Unknown permission com.sonyericsson.permission.CUSTOMIZATION in package com.sonyericsson.textinput.uxp
W/PackageManager(  831): Unknown permission FacebookProxy.Permission.PROXY_PERMISSION in package com.sonyericsson.textinput.uxp
W/PackageManager(  831): Unknown permission com.android.launcher.permission.READ_SETTINGS in package com.android.onetimeinitializer
W/PackageManager(  831): Unknown permission com.android.launcher.permission.WRITE_SETTINGS in package com.android.onetimeinitializer
W/PackageManager(  831): Unknown permission com.qualcomm.permission.USE_QCRIL_MSG_TUNNEL in package com.sonymobile.lteroaming
W/PackageManager(  831): Unknown permission android.permission.RECEIVE_USER_PRESENT in package com.btckan.app
W/PackageManager(  831): Not granting permission android.permission.MOUNT_UNMOUNT_FILESYSTEMS to package com.btckan.app (protectionLevel=18 flags=0x88be44)
W/PackageManager(  831): Not granting permission android.permission.ACCOUNT_MANAGER to package com.google.android.music (protectionLevel=2 flags=0x88be65)
D/Diag_Lib(  745): [IMS_DEBUG]| 1035 | 749 |qpNetSelect : Select Unblocked , iRtn 0, errno 0, errno [Success]
E/Diag_Lib(  745): [IMS_FATAL]| 251 | 749 |qvp_rtp_handle_signals iRet : 0
E/Diag_Lib(  745): [IMS_FATAL]| 238 | 749 |qvp_rtp_handle_signals qpDplMainLoop: Calling imsSignalHandler
D/Diag_Lib(  745): [IMS_DEBUG]| 144 | 749 |qpDpl:imsSignalHandler
E/Diag_Lib(  745): [IMS_FATAL]| 155 | 749 |qpdpl:imsSignalHandler: GLobal data NULL or Event list size is 0
E/Diag_Lib(  745): [IMS_FATAL]| 243 | 749 |qvp_rtp_handle_signals add read fd : 8
W/PackageManager(  831): Unknown permission com.sonyericsson.permission.MUSIC in package com.sonyericsson.music
W/PackageManager(  831): Unknown permission com.sonyericsson.illumination.permission.ILLUMINATION in package com.sonyericsson.music
W/PackageManager(  831): Not granting permission android.permission.INTERACT_ACROSS_USERS_FULL to package com.android.email (protectionLevel=2 flags=0xcbbc45)
W/PackageManager(  831): Not granting permission com.sonymobile.permission.SMIME_KEYSTORE to package com.android.email (protectionLevel=2 flags=0xcbbc45)
W/PackageManager(  831): Not granting permission android.permission.MODIFY_PHONE_STATE to package com.wsandroid.suite (protectionLevel=18 flags=0x8be04)
W/PackageManager(  831): Not granting permission android.permission.READ_LOGS to package com.wsandroid.suite (protectionLevel=50 flags=0x8be04)
W/PackageManager(  831): Not granting permission android.permission.BROADCAST_SMS to package com.wsandroid.suite (protectionLevel=2 flags=0x8be04)
W/PackageManager(  831): Not granting permission android.permission.WRITE_SECURE_SETTINGS to package com.wsandroid.suite (protectionLevel=50 flags=0x8be04)
W/PackageManager(  831): Not granting permission android.permission.CONTROL_LOCATION_UPDATES to package com.wsandroid.suite (protectionLevel=18 flags=0x8be04)
W/PackageManager(  831): Unknown permission android.permission.ACCESS_COARSE_UPDATES in package com.wsandroid.suite
W/PackageManager(  831): Not granting permission android.permission.MOUNT_FORMAT_FILESYSTEMS to package com.wsandroid.suite (protectionLevel=18 flags=0x8be04)
W/PackageManager(  831): Not granting permission android.permission.MOUNT_UNMOUNT_FILESYSTEMS to package com.wsandroid.suite (protectionLevel=18 flags=0x8be04)
W/PackageManager(  831): Unknown permission android.permission.RAISED_THREAD_PRIORITY in package com.wsandroid.suite
W/PackageManager(  831): Not granting permission android.permission.DELETE_PACKAGES to package com.wsandroid.suite (protectionLevel=18 flags=0x8be04)
W/PackageManager(  831): Unknown permission com.amazon.device.messaging.permission.RECEIVE in package com.wsandroid.suite
W/PackageManager(  831): Unknown permission com.sonyericsson.illumination.permission.ILLUMINATION in package com.sonymobile.tvout.wifidisplay
W/PackageManager(  831): Unknown permission com.sonymobile.tvout.wifidisplay.permission.ACCESS_QC_SERVICE in package com.sonymobile.tvout.wifidisplay
W/PackageManager(  831): Not granting permission android.permission.READ_LOGS to package org.microemu.android.se.appello.lp.WisepilotSE (protectionLevel=50 flags=0x8be44)
W/PackageManager(  831): Unknown permission com.sonyericsson.permission.CUSTOMIZATION in package com.sonyericsson.android.pobox
W/PackageManager(  831): Unknown permission com.android.launcher.permission.PRELOAD_WORKSPACE in package com.google.android.partnersetup
W/PackageManager(  831): Not granting permission android.permission.DEVICE_POWER to package com.sonyericsson.android.socialphonebook (protectionLevel=2 flags=0xc8be45)
W/PackageManager(  831): Not granting permission android.permission.ACCESS_DRM to package com.sonyericsson.android.socialphonebook (protectionLevel=2 flags=0xc8be45)
W/PackageManager(  831): Unknown permission com.sonyericsson.permission.VOIPCALLLOG in package com.sonyericsson.android.socialphonebook
W/PackageManager(  831): Unknown permission com.sonyericsson.phone.CALL_SCREEN_SHORTCUT in package com.sonyericsson.android.socialphonebook
W/PackageManager(  831): Unknown permission com.android.email.permission.ACCESS_GAL_PROVIDER in package com.sonyericsson.android.socialphonebook
W/PackageManager(  831): Unknown permission com.sonyericsson.aab.READ_ICE_CONTACTS in package com.sonyericsson.android.socialphonebook
W/PackageManager(  831): Unknown permission com.sonymobile.providers.landownerprovider.permission.READ in package com.sonyericsson.android.socialphonebook
W/PackageManager(  831): Unknown permission com.google.android.providers.gmail.permission.READ_GMAIL in package com.mobisystems.office
W/PackageManager(  831): Unknown permission com.sonyericsson.illumination.permission.ILLUMINATION in package com.android.nfc
W/PackageManager(  831): Unknown permission com.sonyericsson.permission.MUSIC in package com.sonyericsson.music.googlelyricsplugin
W/PackageManager(  831): Unknown permission com.qualcomm.permission.ACCESS_LOCATION_API in package com.qualcomm.location
W/PackageManager(  831): Unknown permission com.vodafone.vodafone360updates.permission.SHOW_SETUP_WIZARD in package com.sonyericsson.setupwizard
W/PackageManager(  831): Unknown permission com.sonyericsson.timescape.permission.TIMESCAPE_SETTINGS in package com.sonyericsson.settings
W/PackageManager(  831): Unknown permission com.sonyericsson.eventstream.twitterplugin.AUTHENTICATION in package com.sonyericsson.eventstream.twitterpostviewer
W/PackageManager(  831): Unknown permission com.sonyericsson.illumination.permission.ILLUMINATION in package com.sonyericsson.organizer
W/PackageManager(  831): Unknown permission com.sonyericsson.permission.MUSIC in package com.sonyericsson.musicvisualizer
W/PackageManager(  831): Unknown permission com.sony.walkman.database.media.permission.ACCESS_DRM_METADATA in package com.sonyericsson.musicvisualizer
W/PackageManager(  831): Unknown permission andriod.permission.MANAGE_USB in package com.sonyericsson.usbux
W/PackageManager(  831): Unknown permission com.twitter.android.permission.AUTH_APP in package com.sonymobile.twitter.account
W/PackageManager(  831): Unknown permission com.sonyericsson.android.fota.permission.FOTA in package com.sonyericsson.debugmenu
W/PackageManager(  831): Not granting permission android.permission.CHANGE_CONFIGURATION to package com.netease.nim.demo (protectionLevel=50 flags=0x8be46)
D/dalvikvm(  831): GC_CONCURRENT freed 5651K, 37% free 25804K/40432K, paused 3ms+21ms, total 98ms
I/ActivityManager(  831): No longer want com.google.android.gms (pid 20382): empty #17
I/InputReader(  831): Reconfiguring input devices.  changes=0x00000010
W/qdhwcomposer(  308): Excessive delay reading vsync: took 1616 ms
I/ActivityManager(  831): Start proc com.sonymobile.cameracommon for broadcast com.sonymobile.cameracommon/.provider.AddOnInstallationListener: pid=22145 uid=10015 gids={50015, 1028}
I/SocialEngine(16896): [main] PluginManager.onReceive: Package com.netease.nim.demo was added
W/qdhwcomposer(  308): Excessive delay reading vsync: took 83 ms
I/ActivityManager(  831): Start proc com.sonyericsson.eventstream for broadcast com.sonyericsson.eventstream/.EventStreamReceiver: pid=22161 uid=10033 gids={50033, 3003, 1028}
I/ActivityManager(  831): Start proc com.google.android.gms for broadcast com.google.android.gms/.games.receiver.GamesSystemBroadcastReceiver: pid=22176 uid=10044 gids={50044, 3003, 2001, 1007, 3006, 1028, 1015}
I/ActivityManager(  831): No longer want com.sonyericsson.capabilities (pid 21866): empty #17
I/ActivityManager(  831): No longer want com.sonyericsson.android.bootinfo:remote (pid 21893): empty #17
I/ActivityManager(  831): Start proc com.google.android.partnersetup for broadcast com.google.android.partnersetup/.RlzPingBroadcastReceiver: pid=22198 uid=10050 gids={50050, 3003, 1028}
D/BackupManagerService(  831): Received broadcast Intent { act=android.intent.action.PACKAGE_ADDED dat=package:com.netease.nim.demo flg=0x8000010 (has extras) }
D/dalvikvm(  309): GC_EXPLICIT freed 38K, 77% free 2585K/10928K, paused 1ms+1ms, total 20ms
D/dalvikvm(  309): GC_EXPLICIT freed <1K, 77% free 2585K/10928K, paused 2ms+2ms, total 16ms
D/dalvikvm(  309): GC_EXPLICIT freed <1K, 77% free 2585K/10928K, paused 2ms+2ms, total 15ms
V/BackupManagerService(  831): addPackageParticipantsLocked: #1
I/ActivityManager(  831): Start proc com.android.musicfx for broadcast com.android.musicfx/.Compatibility$Receiver: pid=22214 uid=10069 gids={50069, 3003, 3002, 1028}
I/ActivityManager(  831): No longer want com.sony.smallapp.managerservice (pid 21777): empty #17
I/ActivityManager(  831): Start proc com.svox.pico for broadcast com.svox.pico/.VoiceDataInstallerReceiver: pid=22229 uid=10089 gids={50089, 1015, 1028}
I/ActivityManager(  831): No longer want com.sonyericsson.android.locationbasedwifi:service (pid 21966): empty #17
D/gp.PicasaSync(21927): sync account database
D/dalvikvm(21927): GC_CONCURRENT freed 1190K, 29% free 7786K/10928K, paused 2ms+2ms, total 48ms
D/dalvikvm(21927): WAIT_FOR_CONCURRENT_GC blocked 21ms
D/dalvikvm( 1282): GC_EXPLICIT freed 889K, 73% free 2951K/10928K, paused 1ms+5ms, total 28ms
I/ActivityManager(  831): Start proc com.sonymobile.social.services for broadcast com.sonyericsson.facebook.proxylogin/.permissions.PackageChangedReceiver: pid=22278 uid=10034 gids={50034, 3003, 1028}
I/ActivityManager(  831): No longer want com.sonyericsson.idd.agent (pid 21880): empty #17
I/ActivityManager(  831): Start proc com.sonyericsson.album for broadcast com.sonyericsson.album/.online.playmemories.UpdateReceiver: pid=22299 uid=10102 gids={50102, 3003, 1015, 1028}
D/gp.PicasaSync(21927): accounts in DB=0
D/gp.PicasaSyncManager(21927): active network: NetworkInfo: type: WIFI[], state: CONNECTED/CONNECTED, reason: (unspecified), extra: "Xiaomi_24A6", roaming: false, failover: false, isAvailable: true
D/gp.PicasaSyncManager(21927): background data: true
D/gp.PicasaSyncManager(21927): battery info: true
I/SocialEngine(22299): [Thread-3849] PluginManager.addPluginsForProviders: New potential plugin with authority 'com.sonyericsson.socialengine.plugins.picasa'
I/ActivityManager(  831): Start proc android.process.acore for broadcast com.android.providers.contacts/.PackageIntentReceiver: pid=22330 uid=10002 gids={50002, 1028}
I/ActivityManager(  831): No longer want com.android.chrome (pid 21840): empty #17
I/SocialEngine(22299): [Thread-3849] PluginManager.addPluginsForProviders: Added plugin: Plugin [name=Picasa, apiVersion=0, provider=ComponentInfo{com.sonyericsson.socialengine.plugins.picasa/com.sonyericsson.socialengine.plugins.picasa.PicasaPluginProvider}, authority=com.sonyericsson.socialengine.plugins.picasa, enabled=true]
I/PeopleDatabaseHelper(22176): cleanUpNonGplusAccounts done.
I/SocialEngine(22299): [Thread-3849] PluginManager.addPluginsForProviders: New potential plugin with authority 'com.sonymobile.socialengine.plugins.flickr'
I/SocialEngine(22299): [Thread-3849] PluginManager.addPluginsForProviders: Added plugin: Plugin [name=Flickr, apiVersion=3, provider=ComponentInfo{com.sonymobile.socialengine.plugins.flickr/com.sonymobile.socialengine.plugins.flickr.FlickrPluginProvider}, authority=com.sonymobile.socialengine.plugins.flickr, enabled=true]
I/SocialEngine(22299): [Thread-3849] PluginManager.addPluginsForProviders: New potential plugin with authority 'com.sonymobile.socialengine.plugins.twitter_sharefrwk'
D/dalvikvm(  831): GC_EXPLICIT freed 2832K, 41% free 23976K/40432K, paused 23ms+34ms, total 914ms
D/AndroidRuntime(22106): Shutting down VM
D/dalvikvm(22106): GC_CONCURRENT freed 92K, 17% free 488K/584K, paused 1ms+1ms, total 3ms
I/SocialEngine(22299): [Thread-3849] PluginManager.addPluginsForProviders: Added plugin: Plugin [name=Xperia Twitter, apiVersion=2, provider=ComponentInfo{com.sonymobile.socialengine.plugins.twitter_sharefrwk/com.sonymobile.socialengine.plugins.twitter_sharefrwk.TwitterPluginProvider}, authority=com.sonymobile.socialengine.plugins.twitter_sharefrwk, enabled=true]
I/SocialEngine(22299): [Thread-3849] PluginManager.addPluginsForProviders: New potential plugin with authority 'com.sonymobile.socialengine.plugins.facebook_sharefrwk'
I/SocialEngine(22299): [Thread-3849] PluginManager.addPluginsForProviders: Added plugin: Plugin [name=Xperia Facebook, apiVersion=3, provider=ComponentInfo{com.sonymobile.socialengine.plugins.facebook_sharefrwk/com.sonymobile.socialengine.plugins.facebook_sharefrwk.ShareFrwkPluginProvider}, authority=com.sonymobile.socialengine.plugins.facebook_sharefrwk, enabled=true]
I/SocialEngine(22299): [Thread-3849] PluginManager.addPluginsForProviders: New potential plugin with authority 'com.sonyericsson.socialengine.plugins.facebook'
I/SocialEngine(22299): [Thread-3849] PluginManager.addPluginsForProviders: Added plugin: Plugin [name=Facebook, apiVersion=0, provider=ComponentInfo{com.sonyericsson.socialengine.plugins.facebook/com.sonyericsson.socialengine.plugins.facebook.FacebookPluginProvider}, authority=com.sonyericsson.socialengine.plugins.facebook, enabled=true]
I/ActivityManager(  831): No longer want com.google.android.apps.uploader (pid 21908): empty #17
I/SocialEngine(22299): [Thread-3849] SocialEngineProvider.addUriHelpersForPlugins: Adding meta-data for plugin, Picasa
I/ActivityManager(  831): Start proc com.google.android.googlequicksearchbox for broadcast com.google.android.googlequicksearchbox/com.google.android.apps.sidekick.GmmLocationProviderImpl$GmmPackageWatcher: pid=22349 uid=10148 gids={50148, 3003, 1028, 3002, 1015}
I/ActivityManager(  831): No longer want com.sonyericsson.unplugchargerreminder (pid 21953): empty #17
I/ActivityManager(  831): No longer want com.google.android.youtube (pid 21998): empty #17
I/SocialEngine(22299): [Thread-3849] SocialEngineProvider.addUriHelpersForPlugins: Adding meta-data for plugin, Flickr
W/GAV2    (22349): Thread[main,5,main]: Need to call initialize() and be in fallback mode to start dispatch.
I/SocialEngine(22299): [Thread-3849] SocialEngineProvider.addUriHelpersForPlugins: Adding meta-data for plugin, Xperia Twitter
I/ActivityManager(  831): Start proc com.facebook.katana:dash for broadcast com.facebook.katana/com.facebook.dash.launchables_v1.receiver.LaunchablesReceiver: pid=22374 uid=10162 gids={50162, 1015, 3003, 1028}
I/SocialEngine(22299): [Thread-3849] SocialEngineProvider.addUriHelpersForPlugins: Adding meta-data for plugin, Xperia Facebook
I/SocialEngine(22299): [Thread-3849] SocialEngineProvider.addUriHelpersForPlugins: Adding meta-data for plugin, Facebook
D/CatchMeIfYouCan(22374): Process (dash) ca: '/data/data/com.facebook.katana/app_cmiyc/0C66B38F48468E96F8008B6D5A2AE33B4A60265E01'
D/CatchMeIfYouCan(22374): Process (dash) fc: '/data/data/com.facebook.katana/app_cmiyc/0C66B38F48468E96F8008B6D5A2AE33B4A60265E02'
D/CatchMeIfYouCan(22374): Process (dash) cp: '('dash', 6, 60000, silent [true], restart [true], logout [true])'
D/ACRA    (22374): ACRA is enabled for com.facebook.katana, intializing...
D/ACRA    (22374): Looking for error files in /data/data/com.facebook.katana/app_acra-reports
D/ACRA    (22374): Looking for error files in /data/data/com.facebook.katana/app_minidumps
D/dalvikvm(22374): Trying to load lib /data/data/com.facebook.katana/app_libs/libfb_stl_shared.so 0x4183c478
D/dalvikvm(22374): Added shared lib /data/data/com.facebook.katana/app_libs/libfb_stl_shared.so 0x4183c478
D/dalvikvm(22374): No JNI_OnLoad found in /data/data/com.facebook.katana/app_libs/libfb_stl_shared.so 0x4183c478, skipping init
D/dalvikvm(22374): Trying to load lib /data/data/com.facebook.katana/app_libs/libfb_breakpad_client.so 0x4183c478
D/dalvikvm(22374): Added shared lib /data/data/com.facebook.katana/app_libs/libfb_breakpad_client.so 0x4183c478
D/DexLibLoader(22374): Deleting old version: /data/data/com.facebook.katana/app_dex/guava-10.0.1-fork.dex.0.jar
D/DexLibLoader(22374): Deleting old version: /data/data/com.facebook.katana/app_dex/guava-10.0.1-fork.dex.1.jar
D/DexLibLoader(22374): Deleting old version: /data/data/com.facebook.katana/app_dex/jackson-core-2.0.5.dex.0.jar
D/DexLibLoader(22374): Deleting old version: /data/data/com.facebook.katana/app_dex/jackson-core-2.0.5.dex.1.jar
D/DexLibLoader(22374): Deleting old version: /data/data/com.facebook.katana/app_dex/jackson-core-2.0.5.dex.2.jar
D/DexLibLoader(22374): Deleting old version: /data/data/com.facebook.katana/app_dex/jackson-databind-2.0.5.dex.0.jar
D/DexLibLoader(22374): Deleting old version: /data/data/com.facebook.katana/app_dex/jackson-databind-2.0.5.dex.1.jar
D/DexLibLoader(22374): Deleting old version: /data/data/com.facebook.katana/app_dex/jackson-databind-2.0.5.dex.2.jar
D/DexLibLoader(22374): Deleting old version: /data/data/com.facebook.katana/app_dex/jackson-databind-2.0.5.dex.3.jar
D/DexLibLoader(22374): Deleting old version: /data/data/com.facebook.katana/app_dex/jackson-datatype-guava-2.0.4.dex.0.jar
D/DexLibLoader(22374): Deleting old version: /data/data/com.facebook.katana/app_dex/jackson-datatype-guava-2.0.4.dex.1.jar
D/DexLibLoader(22374): Deleting old version: /data/data/com.facebook.katana/app_dex/jackson-datatype-guava-2.0.4.dex.2.jar
D/DexLibLoader(22374): Deleting old version: /data/data/com.facebook.katana/app_dex/diffutils-1.2.1.dex.0.jar
D/DexLibLoader(22374): Deleting old version: /data/data/com.facebook.katana/app_dex/diffutils-1.2.1.dex.1.jar
D/DexLibLoader(22374): Deleting old version: /data/data/com.facebook.katana/app_dex/nine_old_androids.dex.0.jar
D/DexLibLoader(22374): Deleting old version: /data/data/com.facebook.katana/app_dex/nine_old_androids.dex.1.jar
D/DexLibLoader(22374): Deleting old version: /data/data/com.facebook.katana/app_dex/nine_old_androids.dex.2.jar
D/DexLibLoader(22374): Deleting old version: /data/data/com.facebook.katana/app_dex/nine_old_androids.dex.3.jar
V/DexLibLoader(22374): Dex already copied
V/DexLibLoader(22374): Creating class loader
V/DexLibLoader(22374): Finished creating class loader
V/DexLibLoader(22374): Preparing secondary program dexes.
V/DexLibLoader(22374): Loaded 3 raw lines of metadata.
V/DexLibLoader(22374): Secondary program dex metadata: secondary-1.dex.jar.xz c0ee4a681e3a40d17df851fb6ef5a80691032872 secondary.dex01.Canary
V/DexLibLoader(22374): Secondary program dex metadata: secondary-2.dex.jar.xz cba14b81f7e741108eb8718540871503eaff5ae1 secondary.dex02.Canary
V/DexLibLoader(22374): Secondary program dex metadata: secondary-3.dex.jar.xz 2347a1ffec03d26b0a7367737faff046b1b6c23e secondary.dex03.Canary
W/DexLibLoader(22374): Unexpected file in program dex directory: /data/data/com.facebook.katana/app_secondary_program_dex/temp_dex_lock
V/DexLibLoader(22374): Preparing to extract secondary-1.dex.jar.xz to /data/data/com.facebook.katana/app_secondary_program_dex/program-c0ee4a681e3a40d17df851fb6ef5a80691032872e513e7a5.dex.jar
V/DexLibLoader(22374): Dex already copied
V/DexLibLoader(22374): Creating class loader
V/DexLibLoader(22374): Finished creating class loader
V/DexLibLoader(22374): Preparing to extract secondary-2.dex.jar.xz to /data/data/com.facebook.katana/app_secondary_program_dex/program-cba14b81f7e741108eb8718540871503eaff5ae1e513e7a5.dex.jar
V/DexLibLoader(22374): Dex already copied
V/DexLibLoader(22374): Creating class loader
V/DexLibLoader(22374): Finished creating class loader
V/DexLibLoader(22374): Preparing to extract secondary-3.dex.jar.xz to /data/data/com.facebook.katana/app_secondary_program_dex/program-2347a1ffec03d26b0a7367737faff046b1b6c23ee513e7a5.dex.jar
V/DexLibLoader(22374): Dex already copied
V/DexLibLoader(22374): Creating class loader
V/DexLibLoader(22374): Finished creating class loader
V/DexLibLoader(22374): Verifying classes from secondary dexes.
D/DexLibLoader(22374): DexLibLoader.ensureDexLoaded took 26 ms
I/ContactLocale(22330): AddressBook Labels [zh_CN]: [, A, B, C, D, E, F, G, H, I, J, K, L, M, N, O, P, Q, R, S, T, U, V, W, X, Y, Z, , , , , , , , , , , , , , , , , , , , , , , , , , , , , , , , , , , , , , , , , , , , , , , , , , , , , , , , , , , , , , , , , , , , , , , , , , , , , , , , , , , , , , , , , , , , , , , , , , , , , , , , , , , , , , , , , , , , , , , , , , , , , , , , , , , , , , , , , , , , , , , , , , , , , , , , , , , , #, ]
D/dalvikvm(22176): No JNI_OnLoad found in /system/lib/libAppDataSearch.so 0x41841020, skipping init
D/Icing   (22176): Init last flush num docs 83 last docstore size 23296
D/Icing   (22176): Docid map file has data, scanning...
D/Icing   (22176): Scanning /data/data/com.google.android.gms/files/AppDataSearch/main/cur/ds.docids found 98 documents, last docstore location 26880
D/Icing   (22176): File /data/data/com.google.android.gms/files/AppDataSearch/main/cur/ds.perdocdata contains 98 records of size 6
D/Icing   (22176): Corpus scoring data inited successfully num corpora 1
D/Icing   (22176): Init docstore ok num docs 98 bytes 27136
V/Icing   (22176): Lite index crc computed in 0.092ms
V/Icing   (22176): Lite index init ok in 1.465ms
D/Icing   (22176): Lite index recovered docid (82, 97]
V/Icing   (22176): Warming lite-index took 0.000ms
V/Icing   (22176): Warming lexicon took 0.031ms
V/Icing   (22176): Warming display mappings took 0.000ms
D/Icing   (22176): Init index ok num docs 98
D/Icing   (22176): Init done
W/qdhwcomposer(  308): Excessive delay reading vsync: took 1733 ms
I/Icing   (22176): 0 corpora need re-polling
I/ActivityManager(  831): START u0 {act=android.intent.action.MAIN cat=[android.intent.category.LAUNCHER] flg=0x10200000 cmp=com.netease.nim.demo/.main.activity.WelcomeActivity} from pid 4147
D/ALSADevice(  311): route: devices 0x2 in mode 0
V/ALSADevice(  311): switchDevice: device 0x2 mode:0
V/ALSADevice(  311): nonCallOutputRouting: 0x2, mDevSettingsFlag=0x00012012
V/ALSADevice(  311): Routing to rx=xLoud Speaker
V/ALSADevice(  311): nonCallInputRouting: 0, mDevSettingsFlag=0x00012012
V/ALSADevice(  311): Routing to tx=none
V/ALSADevice(  311): switchDevice,rxDev:xLoud Speaker, txDev:(null), curRxDev:xLoud Speaker, curTxDev:None
D/alsa_ucm(  311): snd_use_case_set(): uc_mgr 0xb89a5258 identifier _enadev value xLoud Speaker
D/ALSADevice(  311): switchDevice: mCurTxUCMDevivce None mCurRxDevDevice xLoud Speaker
D/alsa_ucm(  311): snd_use_case_set(): uc_mgr 0xb89a5258 identifier _verb value HiFi Lowlatency
D/alsa_ucm(  311): Set mixer controls for xLoud Speaker enable 1
D/alsa_ucm(  311): acdb_id 520 cap 1 enable 1
D/ACDB-LOADER(  311): ACDB -> send_audio_cal, acdb_id = 520, path =  0
D/ACDB-LOADER(  311): ACDB -> send_adm_topology
D/ACDB-LOADER(  311): ACDB -> ACDB_CMD_GET_AUDPROC_COMMON_TOPOLOGY_ID
D/ACDB-LOADER(  311): ACDB -> send_audtable
D/ACDB-LOADER(  311): ACDB -> ACDB_CMD_GET_AUDPROC_COMMON_TABLE
D/ACDB-LOADER(  311): ACDB -> AUDIO_SET_AUDPROC_CAL
D/ACDB-LOADER(  311): ACDB -> send_audvoltable
D/ACDB-LOADER(  311): ACDB -> ACDB_CMD_GET_AUDPROC_GAIN_DEP_VOLTBL_STEP_COPP
D/ACDB-LOADER(  311): ACDB -> AUDIO_SET_AUDPROC_VOL_CAL
D/ACDB-LOADER(  311): ACDB -> AUDIO_SET_AFE_CAL
D/alsa_ucm(  311): Setting mixer control: SLIM_0_RX Channels, value: Two
D/alsa_ucm(  311): Setting mixer control: RX3 MIX1 INP1, value: RX1
D/alsa_ucm(  311): Setting mixer control: RX3 MIX1 INP2, value: RX2
D/alsa_ucm(  311): Setting mixer control: LINEOUT1 Volume, value: 100
D/alsa_ucm(  311): Setting mixer control: RX3 Digital Volume, value: 68
D/alsa_ucm(  311): Set mixer controls for HiFi Lowlatency enable 1
D/alsa_ucm(  311): Setting mixer control: SLIMBUS_0_RX Audio Mixer MultiMedia5, value: 1
D/ALSADevice(  311): close: handle 0xb89fed40 h 0x0
D/ALSADevice(  311): open: handle 0xb89fed40, format 0x2
V/ALSADevice(  311): Music case
D/ALSADevice(  311): Device value returned is hw:0,14
V/ALSADevice(  311): flags 0, devName hw:0,14
I/ActivityManager(  831): Start proc com.netease.nim.demo for activity com.netease.nim.demo/.main.activity.WelcomeActivity: pid=22399 uid=10189 gids={50189, 3002, 3001, 3003, 1028, 1015}
V/ALSADevice(  311): pcm_open returned fd 40
D/ALSADevice(  311): handle->format: 0x2
D/ALSADevice(  311): setHardwareParams: reqBuffSize 1024 channels 2 sampleRate 48000
D/ALSADevice(  311): setHardwareParams: buffer_size 2048, period_size 1024, period_cnt 2
D/dalvikvm(22399): Late-enabling CheckJNI
I/dalvikvm(22399): Could not find method android.content.Context.checkSelfPermission, referenced from method com.netease.nimlib.r.a.a.c
W/dalvikvm(22399): VFY: unable to resolve virtual method 365: Landroid/content/Context;.checkSelfPermission (Ljava/lang/String;)I
D/dalvikvm(22399): VFY: replacing opcode 0x6e at 0x001d
I/ui      (22399): 1/SDK init, processName=com.netease.nim.demo
D/AppDir  (22399): 1/DATA /data/data/com.netease.nim.demo/45c6af3c98409b18a84451215d0bdd6e
D/AppDir  (22399): 1/CACHE /data/data/com.netease.nim.demo/cache/45c6af3c98409b18a84451215d0bdd6e
I/NIM     (22399): 1/**** SDK Start **** Version: 2.5.0/25/1/822645b **** APPKEY: 45c6af3c98409b18a84451215d0bdd6e/null **** BUILD Version:18 ****
I/PluginLoader(22399): 1/plugin [com.netease.nimlib.chatroom.plugin.Plugin] found
I/PluginLoader(22399): 1/plugin [com.netease.nimlib.avchat.plugin.Plugin] found
I/PluginLoader(22399): 1/plugin [com.netease.nimlib.rts.plugin.Plugin] found
D/AppForegroundWatcher(22399): 1/app register activity lifecycle callbacks success
D/main_conn(22399): 1/doConnect: tag#main_conn count#0
I/main_conn(22399): 1/doConnect: start & bind service#Intent { cmp=com.netease.nim.demo/com.netease.nimlib.service.NimService }
D/dalvikvm(22416): Late-enabling CheckJNI
D/aux_conn(22399): 1/doConnect: tag#aux_conn count#0
I/aux_conn(22399): 1/doConnect: start & bind service#Intent { cmp=com.netease.nim.demo/com.netease.nimlib.service.NimService$Aux }
I/ActivityManager(  831): Start proc com.netease.nim.demo:core for service com.netease.nim.demo/com.netease.nimlib.service.NimService: pid=22416 uid=10189 gids={50189, 3002, 3001, 3003, 1028, 1015}
I/TransExec(22399): 1/register service completed, total size=10
D/service (22399): 1/start service from 1
D/AppForegroundWatcher(22399): 1/add AppForegroundObserver
D/room_core(22399): 1/chat room startup
I/ImageLoaderKit(22399): 1/ImageLoader memory cache size = 12M
I/ImageLoaderKit(22399): 1/ImageLoader disk cache directory = /storage/sdcard0/com.netease.nim.demo/cache/image
D/ImageLoader(22399): Initialize ImageLoader with configuration
I/ImageLoaderKit(22399): 1/init ImageLoaderKit completed
I/LoginSyncDataStatusObserver(22399): 1/observe login sync data completed event on Application create
I/dalvikvm(22416): Could not find method android.content.Context.checkSelfPermission, referenced from method com.netease.nimlib.r.a.a.c
W/dalvikvm(22416): VFY: unable to resolve virtual method 365: Landroid/content/Context;.checkSelfPermission (Ljava/lang/String;)I
D/dalvikvm(22416): VFY: replacing opcode 0x6e at 0x001d
I/core    (22416): 1/shrink log
D/Demo.ScreenUtil(22399): screenWidth=720 screenHeight=1184 density=2.0
I/core    (22416): 1/SDK init, processName=com.netease.nim.demo:core
D/AppDir  (22416): 1/DATA /data/data/com.netease.nim.demo/45c6af3c98409b18a84451215d0bdd6e
D/AppDir  (22416): 1/CACHE /data/data/com.netease.nim.demo/cache/45c6af3c98409b18a84451215d0bdd6e
I/dalvikvm(22416): Could not find method android.app.AlarmManager.setExact, referenced from method com.netease.nimlib.n.c.a.a
W/dalvikvm(22416): VFY: unable to resolve virtual method 119: Landroid/app/AlarmManager;.setExact (IJLandroid/app/PendingIntent;)V
D/dalvikvm(22416): VFY: replacing opcode 0x6e at 0x0035
I/core    (22416): 1/startup
D/Foreground(22416): 1/start foreground, service=com.netease.nim.demo
I/core    (22416): 1/nim service startup
D/service (22416): 1/onStartCommand from#0 flags#0 startId#1
D/service (22416): 1/start repeating alarm
D/dalvikvm(22436): Late-enabling CheckJNI
I/ActivityManager(  831): Start proc com.netease.nim.demo:cosine for service com.netease.nim.demo/com.netease.cosine.core.CosineService: pid=22436 uid=10189 gids={50189, 3002, 3001, 3003, 1028, 1015}
D/Foreground(22416): 1/do grey foreground, service=com.netease.nim.demo
I/remote  (22416): 1/awake UI process and bind core
I/remote  (22416): 1/awake UI process and bind core
I/remote  (22416): 1/UI process bound! service=AuxService
D/service (22416): 1/onStartCommand from#1 flags#0 startId#2
D/service (22416): 1/start repeating alarm
I/remote  (22416): 1/UI process bound! service=NimService
W/qdhwcomposer(  308): Excessive delay reading vsync: took 66 ms
D/CosineC (22436): CosineService.onCreate
I/ActivityManager(  831): Start proc com.sonymobile.runtimeskinning.core for broadcast com.sonymobile.runtimeskinning.core/com.sonymobile.runtimeskinning.picker.install.PackageInstallReceiver: pid=22456 uid=10168 gids={50168, 3003, 1028}
D/dalvikvm(  309): GC_EXPLICIT freed 39K, 77% free 2585K/10928K, paused 1ms+1ms, total 15ms
D/CosineC (22436): CosineService.onStartCommand
D/CosineC (22436): CosineService.onStartCommand
D/dalvikvm(  309): GC_EXPLICIT freed <1K, 77% free 2585K/10928K, paused 1ms+2ms, total 17ms
D/dalvikvm(  309): GC_EXPLICIT freed <1K, 77% free 2585K/10928K, paused 1ms+1ms, total 16ms
W/fb4a(:dash):UserScope(22374): Called user scoped provider with no viewer. ViewerContextManager was created with no ViewerContext. Using EmptyViewerContextManager to return fake logged in instance.
W/fb4a(:dash):UserScope(22374): Called user scoped provider with no viewer. ViewerContextManager was created with no ViewerContext. Using EmptyViewerContextManager to return fake logged in instance.
D/JPush   (16542): [PushReceiver] onReceive - android.intent.action.PACKAGE_ADDED
I/ActivityManager(  831): Start proc com.sonyericsson.android.addoncamera.artfilter for broadcast com.sonyericsson.android.addoncamera.artfilter/.addon.CameraAddonReceiver: pid=22474 uid=10003 gids={50003, 1015, 1023, 3003, 1028}
D/CameraAddonReceiver(22474): onReceive() intent:Intent { act=com.sonymobile.camera.addon.action.REQUEST_REGISTER flg=0x30 cmp=com.sonyericsson.android.addoncamera.artfilter/.addon.CameraAddonReceiver }
I/ActivityManager(  831): Start proc com.sonyericsson.android.camera3d for broadcast com.sonyericsson.android.camera3d/.addon.CameraAddonReceiver: pid=22489 uid=10104 gids={50104, 1015, 1023, 3003, 1028}
I/ActivityManager(  831): No longer want com.android.calendar (pid 22084): empty #17
D/CameraAddonReceiver(22489): onReceive() intent:Intent { act=com.sonymobile.camera.addon.action.REQUEST_REGISTER flg=0x30 cmp=com.sonyericsson.android.camera3d/.addon.CameraAddonReceiver }
