D/dalvikvm(20693): Added shared lib /data/data/com.facebook.katana/app_libs/libfb_stl_shared.so 0x4183ee78
D/dalvikvm(20693): No JNI_OnLoad found in /data/data/com.facebook.katana/app_libs/libfb_stl_shared.so 0x4183ee78, skipping init
D/dalvikvm(20693): Trying to load lib /data/data/com.facebook.katana/app_libs/libfb_breakpad_client.so 0x4183ee78
D/dalvikvm(20693): Added shared lib /data/data/com.facebook.katana/app_libs/libfb_breakpad_client.so 0x4183ee78
D/DexLibLoader(20693): Deleting old version: /data/data/com.facebook.katana/app_dex/guava-10.0.1-fork.dex.0.jar
D/DexLibLoader(20693): Deleting old version: /data/data/com.facebook.katana/app_dex/guava-10.0.1-fork.dex.1.jar
D/DexLibLoader(20693): Deleting old version: /data/data/com.facebook.katana/app_dex/jackson-core-2.0.5.dex.0.jar
D/DexLibLoader(20693): Deleting old version: /data/data/com.facebook.katana/app_dex/jackson-core-2.0.5.dex.1.jar
D/DexLibLoader(20693): Deleting old version: /data/data/com.facebook.katana/app_dex/jackson-core-2.0.5.dex.2.jar
D/DexLibLoader(20693): Deleting old version: /data/data/com.facebook.katana/app_dex/jackson-databind-2.0.5.dex.0.jar
D/DexLibLoader(20693): Deleting old version: /data/data/com.facebook.katana/app_dex/jackson-databind-2.0.5.dex.1.jar
D/DexLibLoader(20693): Deleting old version: /data/data/com.facebook.katana/app_dex/jackson-databind-2.0.5.dex.2.jar
D/DexLibLoader(20693): Deleting old version: /data/data/com.facebook.katana/app_dex/jackson-databind-2.0.5.dex.3.jar
D/DexLibLoader(20693): Deleting old version: /data/data/com.facebook.katana/app_dex/jackson-datatype-guava-2.0.4.dex.0.jar
D/DexLibLoader(20693): Deleting old version: /data/data/com.facebook.katana/app_dex/jackson-datatype-guava-2.0.4.dex.1.jar
D/DexLibLoader(20693): Deleting old version: /data/data/com.facebook.katana/app_dex/jackson-datatype-guava-2.0.4.dex.2.jar
D/DexLibLoader(20693): Deleting old version: /data/data/com.facebook.katana/app_dex/diffutils-1.2.1.dex.0.jar
D/DexLibLoader(20693): Deleting old version: /data/data/com.facebook.katana/app_dex/diffutils-1.2.1.dex.1.jar
D/DexLibLoader(20693): Deleting old version: /data/data/com.facebook.katana/app_dex/nine_old_androids.dex.0.jar
D/DexLibLoader(20693): Deleting old version: /data/data/com.facebook.katana/app_dex/nine_old_androids.dex.1.jar
D/DexLibLoader(20693): Deleting old version: /data/data/com.facebook.katana/app_dex/nine_old_androids.dex.2.jar
D/DexLibLoader(20693): Deleting old version: /data/data/com.facebook.katana/app_dex/nine_old_androids.dex.3.jar
V/DexLibLoader(20693): Dex already copied
V/DexLibLoader(20693): Creating class loader
V/DexLibLoader(20693): Finished creating class loader
V/DexLibLoader(20693): Preparing secondary program dexes.
V/DexLibLoader(20693): Loaded 3 raw lines of metadata.
V/DexLibLoader(20693): Secondary program dex metadata: secondary-1.dex.jar.xz c0ee4a681e3a40d17df851fb6ef5a80691032872 secondary.dex01.Canary
V/DexLibLoader(20693): Secondary program dex metadata: secondary-2.dex.jar.xz cba14b81f7e741108eb8718540871503eaff5ae1 secondary.dex02.Canary
V/DexLibLoader(20693): Secondary program dex metadata: secondary-3.dex.jar.xz 2347a1ffec03d26b0a7367737faff046b1b6c23e secondary.dex03.Canary
W/DexLibLoader(20693): Unexpected file in program dex directory: /data/data/com.facebook.katana/app_secondary_program_dex/temp_dex_lock
V/DexLibLoader(20693): Preparing to extract secondary-1.dex.jar.xz to /data/data/com.facebook.katana/app_secondary_program_dex/program-c0ee4a681e3a40d17df851fb6ef5a80691032872e513e7a5.dex.jar
V/DexLibLoader(20693): Dex already copied
V/DexLibLoader(20693): Creating class loader
V/DexLibLoader(20693): Finished creating class loader
V/DexLibLoader(20693): Preparing to extract secondary-2.dex.jar.xz to /data/data/com.facebook.katana/app_secondary_program_dex/program-cba14b81f7e741108eb8718540871503eaff5ae1e513e7a5.dex.jar
V/DexLibLoader(20693): Dex already copied
V/DexLibLoader(20693): Creating class loader
V/DexLibLoader(20693): Finished creating class loader
V/DexLibLoader(20693): Preparing to extract secondary-3.dex.jar.xz to /data/data/com.facebook.katana/app_secondary_program_dex/program-2347a1ffec03d26b0a7367737faff046b1b6c23ee513e7a5.dex.jar
V/DexLibLoader(20693): Dex already copied
V/DexLibLoader(20693): Creating class loader
V/DexLibLoader(20693): Finished creating class loader
V/DexLibLoader(20693): Verifying classes from secondary dexes.
D/DexLibLoader(20693): DexLibLoader.ensureDexLoaded took 24 ms
I/ActivityManager(  831): No longer want com.sony.smallapp.managerservice (pid 20169): empty #17
I/ActivityManager(  831): No longer want com.sonyericsson.android.locationbasedwifi:service (pid 20294): empty #18
W/qdhwcomposer(  308): Excessive delay reading vsync: took 833 ms
I/ActivityManager(  831): Start proc com.sonyericsson.extras.liveware for broadcast com.sonyericsson.extras.liveware/.aef.service.InstallEventReceiver: pid=20710 uid=10165 gids={50165, 3002, 3001, 3003, 1015, 1028}
D/dalvikvm(  309): GC_EXPLICIT freed 38K, 77% free 2585K/10928K, paused 1ms+2ms, total 16ms
D/dalvikvm(  309): GC_EXPLICIT freed <1K, 77% free 2585K/10928K, paused 1ms+1ms, total 19ms
D/dalvikvm(  309): GC_EXPLICIT freed <1K, 77% free 2585K/10928K, paused 1ms+2ms, total 15ms
W/ActivityManager(  831): Permission denied: checkComponentPermission() owningUid=10148
W/ActivityManager(  831): Permission denied: checkComponentPermission() owningUid=10148
W/ActivityManager(  831): Permission denied: checkComponentPermission() owningUid=10148
W/ActivityManager(  831): Permission denied: checkComponentPermission() owningUid=10148
W/ActivityManager(  831): Permission denied: checkComponentPermission() owningUid=10148
W/ActivityManager(  831): Permission denied: checkComponentPermission() owningUid=10148
W/ActivityManager(  831): Permission denied: checkComponentPermission() owningUid=10148
W/ActivityManager(  831): Permission denied: checkComponentPermission() owningUid=10148
W/GAV2    (20710): Thread[main,5,main]: Need to call initialize() and be in fallback mode to start dispatch.
E/dalvikvm(20710): Could not find class 'android.test.IsolatedContext', referenced from method com.sonyericsson.extras.liveware.db.ExperienceDatabaseHelper.onUpgrade
W/dalvikvm(20710): VFY: unable to resolve const-class 211 (Landroid/test/IsolatedContext;) in Lcom/sonyericsson/extras/liveware/db/ExperienceDatabaseHelper;
D/dalvikvm(20710): VFY: replacing opcode 0x1c at 0x005c
I/dalvikvm(20382): Total arena pages for JIT: 11
I/dalvikvm(20382): Total arena pages for JIT: 12
I/dalvikvm(20382): Total arena pages for JIT: 13
I/ActivityManager(  831): Start proc com.sonymobile.runtimeskinning.core for broadcast com.sonymobile.runtimeskinning.core/com.sonymobile.runtimeskinning.picker.install.PackageInstallReceiver: pid=20730 uid=10168 gids={50168, 3003, 1028}
I/ActivityManager(  831): Start proc com.facebook.katana for content provider com.facebook.katana/.provider.orca.FbSharedPreferencesContentProvider: pid=20746 uid=10162 gids={50162, 1015, 3003, 1028}
W/ActivityManager(  831): Permission denied: checkComponentPermission() owningUid=10148
W/ActivityManager(  831): Permission denied: checkComponentPermission() owningUid=10148
D/JPush   (16542): [PushReceiver] onReceive - android.intent.action.PACKAGE_REMOVED
D/dalvikvm(  831): GC_EXPLICIT freed 2102K, 36% free 23937K/36832K, paused 3ms+10ms, total 100ms
I/ActivityManager(  831): Start proc com.sonyericsson.credentialmanagerservice for broadcast com.sonyericsson.credentialmanagerservice/.CredentialManagerUidRemovedReceiver: pid=20761 uid=1000 gids={41000, 3003, 1015, 1028, 3002, 3001, 3007, 1021, 3004, 3005, 1000, 3009, 1023, 1007, 1004, 2002}
W/ActivityManager(  831): Permission denied: checkComponentPermission() owningUid=10148
W/ActivityManager(  831): Permission denied: checkComponentPermission() owningUid=10148
I/ActivityManager(  831): No longer want com.sonymobile.cameracommon (pid 20350): empty #17
D/dalvikvm(20761): Trying to load lib /data/app-lib/CredentialManagerService/libcredential-manager-service.so 0x418397d0
D/dalvikvm(20761): Added shared lib /data/app-lib/CredentialManagerService/libcredential-manager-service.so 0x418397d0
E/dalvikvm(20761): ERROR: couldn't find native method
E/dalvikvm(20761): Requested: Lcom/sonyericsson/credentialmanagerservice/CredentialManagerService;.initializeJNI:()I
D/CatchMeIfYouCan(20746): Process (<default>) ca: '/data/user/0/com.facebook.katana/app_cmiyc/A1657CCD543F12E66E587EE52ED9D802E22AAC4701'
D/CatchMeIfYouCan(20746): Process (<default>) fc: '/data/user/0/com.facebook.katana/app_cmiyc/A1657CCD543F12E66E587EE52ED9D802E22AAC4702'
D/CatchMeIfYouCan(20746): Process (<default>) cp: '('default', 3, 120000, silent [true], restart [false], logout [false])'
D/ACRA    (20746): ACRA is enabled for com.facebook.katana, intializing...
D/ACRA    (20746): Looking for error files in /data/user/0/com.facebook.katana/app_acra-reports
D/ACRA    (20746): Looking for error files in /data/user/0/com.facebook.katana/app_minidumps
D/dalvikvm(20746): Trying to load lib /data/user/0/com.facebook.katana/app_libs/libfb_stl_shared.so 0x41843d90
D/dalvikvm(20746): Added shared lib /data/user/0/com.facebook.katana/app_libs/libfb_stl_shared.so 0x41843d90
D/dalvikvm(20746): No JNI_OnLoad found in /data/user/0/com.facebook.katana/app_libs/libfb_stl_shared.so 0x41843d90, skipping init
D/dalvikvm(20746): Trying to load lib /data/user/0/com.facebook.katana/app_libs/libfb_breakpad_client.so 0x41843d90
D/dalvikvm(20746): Added shared lib /data/user/0/com.facebook.katana/app_libs/libfb_breakpad_client.so 0x41843d90
D/DexLibLoader(20746): Deleting old version: /data/user/0/com.facebook.katana/app_dex/guava-10.0.1-fork.dex.0.jar
D/DexLibLoader(20746): Deleting old version: /data/user/0/com.facebook.katana/app_dex/guava-10.0.1-fork.dex.1.jar
D/DexLibLoader(20746): Deleting old version: /data/user/0/com.facebook.katana/app_dex/jackson-core-2.0.5.dex.0.jar
D/DexLibLoader(20746): Deleting old version: /data/user/0/com.facebook.katana/app_dex/jackson-core-2.0.5.dex.1.jar
D/DexLibLoader(20746): Deleting old version: /data/user/0/com.facebook.katana/app_dex/jackson-core-2.0.5.dex.2.jar
D/DexLibLoader(20746): Deleting old version: /data/user/0/com.facebook.katana/app_dex/jackson-databind-2.0.5.dex.0.jar
D/DexLibLoader(20746): Deleting old version: /data/user/0/com.facebook.katana/app_dex/jackson-databind-2.0.5.dex.1.jar
D/DexLibLoader(20746): Deleting old version: /data/user/0/com.facebook.katana/app_dex/jackson-databind-2.0.5.dex.2.jar
D/DexLibLoader(20746): Deleting old version: /data/user/0/com.facebook.katana/app_dex/jackson-databind-2.0.5.dex.3.jar
D/DexLibLoader(20746): Deleting old version: /data/user/0/com.facebook.katana/app_dex/jackson-datatype-guava-2.0.4.dex.0.jar
D/DexLibLoader(20746): Deleting old version: /data/user/0/com.facebook.katana/app_dex/jackson-datatype-guava-2.0.4.dex.1.jar
D/DexLibLoader(20746): Deleting old version: /data/user/0/com.facebook.katana/app_dex/jackson-datatype-guava-2.0.4.dex.2.jar
D/DexLibLoader(20746): Deleting old version: /data/user/0/com.facebook.katana/app_dex/diffutils-1.2.1.dex.0.jar
D/DexLibLoader(20746): Deleting old version: /data/user/0/com.facebook.katana/app_dex/diffutils-1.2.1.dex.1.jar
D/DexLibLoader(20746): Deleting old version: /data/user/0/com.facebook.katana/app_dex/nine_old_androids.dex.0.jar
D/DexLibLoader(20746): Deleting old version: /data/user/0/com.facebook.katana/app_dex/nine_old_androids.dex.1.jar
D/DexLibLoader(20746): Deleting old version: /data/user/0/com.facebook.katana/app_dex/nine_old_androids.dex.2.jar
D/DexLibLoader(20746): Deleting old version: /data/user/0/com.facebook.katana/app_dex/nine_old_androids.dex.3.jar
V/DexLibLoader(20746): Dex already copied
V/DexLibLoader(20746): Creating class loader
V/DexLibLoader(20746): Finished creating class loader
V/DexLibLoader(20746): Preparing secondary program dexes.
V/DexLibLoader(20746): Loaded 3 raw lines of metadata.
V/DexLibLoader(20746): Secondary program dex metadata: secondary-1.dex.jar.xz c0ee4a681e3a40d17df851fb6ef5a80691032872 secondary.dex01.Canary
V/DexLibLoader(20746): Secondary program dex metadata: secondary-2.dex.jar.xz cba14b81f7e741108eb8718540871503eaff5ae1 secondary.dex02.Canary
V/DexLibLoader(20746): Secondary program dex metadata: secondary-3.dex.jar.xz 2347a1ffec03d26b0a7367737faff046b1b6c23e secondary.dex03.Canary
W/DexLibLoader(20746): Unexpected file in program dex directory: /data/user/0/com.facebook.katana/app_secondary_program_dex/temp_dex_lock
V/DexLibLoader(20746): Preparing to extract secondary-1.dex.jar.xz to /data/user/0/com.facebook.katana/app_secondary_program_dex/program-c0ee4a681e3a40d17df851fb6ef5a80691032872e513e7a5.dex.jar
V/DexLibLoader(20746): Dex already copied
V/DexLibLoader(20746): Creating class loader
V/DexLibLoader(20746): Finished creating class loader
V/DexLibLoader(20746): Preparing to extract secondary-2.dex.jar.xz to /data/user/0/com.facebook.katana/app_secondary_program_dex/program-cba14b81f7e741108eb8718540871503eaff5ae1e513e7a5.dex.jar
V/DexLibLoader(20746): Dex already copied
V/DexLibLoader(20746): Creating class loader
V/DexLibLoader(20746): Finished creating class loader
V/DexLibLoader(20746): Preparing to extract secondary-3.dex.jar.xz to /data/user/0/com.facebook.katana/app_secondary_program_dex/program-2347a1ffec03d26b0a7367737faff046b1b6c23ee513e7a5.dex.jar
V/DexLibLoader(20746): Dex already copied
V/DexLibLoader(20746): Creating class loader
V/DexLibLoader(20746): Finished creating class loader
V/DexLibLoader(20746): Verifying classes from secondary dexes.
D/DexLibLoader(20746): DexLibLoader.ensureDexLoaded took 22 ms
I/Recovery(20382): Received: Intent { act=com.google.android.gms.INITIALIZE flg=0x10 pkg=com.google.android.gms cmp=com.google.android.gms/.recovery.AccountRecoveryBackgroundService$Receiver }
I/ActivityManager(  831): Start proc com.google.android.gsf.login for service com.google.android.gms/.recovery.AccountRecoveryBackgroundService: pid=20781 uid=10044 gids={50044, 3003, 2001, 1007, 3006, 1028, 1015}
I/ActivityManager(  831): No longer want com.sonyericsson.eventstream (pid 20366): empty #17
D/QSEECOMAPI: (20761): QSEECom_start_app sb_length = 0x400
D/QSEECOMAPI: (20761): App is not loaded in QSEE
D/GCM     ( 1282): GcmService start Intent { act=com.google.android.gms.INITIALIZE flg=0x10 pkg=com.google.android.gms cmp=com.google.android.gms/.gcm.GcmService } com.google.android.gms.INITIALIZE
W/qdhwcomposer(  308): Excessive delay reading vsync: took 816 ms
I/ActivityManager(  831): Start proc com.google.android.music:ui for service com.google.android.music/.tutorial.SignupStatus$SignupCheckService: pid=20796 uid=10068 gids={50068, 3003, 1015, 1028}
I/ActivityManager(  831): Start proc com.sonyericsson.backuprestore for broadcast com.sonyericsson.backuprestore/.GoogleAccountNotificationReceiver: pid=20809 uid=10004 gids={50004, 1028}
I/ActivityManager(  831): Start proc com.google.android.apps.books for broadcast com.google.android.apps.books/.app.AccountsReceiver: pid=20828 uid=10010 gids={50010, 3003, 1015, 1028}
I/ActivityManager(  831): No longer want com.android.keychain (pid 20423): empty #17
I/ActivityManager(  831): No longer want com.android.musicfx (pid 20439): empty #17
D/QSEECOMAPI: (20761): Loaded image: APP id = 2
D/QSEECOMAPI: (20761): QSEECom_shutdown_app 
D/QSEECOMAPI: (20761): QSEECom_shutdown_app, app_id = 2
I/UIStateManager(20796): Connected to playback service
V/UIStateManager(20796): Nautilus status changed null to UNAVAILABLE
I/ActivityManager(  831): No longer want com.android.vending (pid 19298): empty #17
W/ActivityManager(  831): Scheduling restart of crashed service com.android.vending/com.google.android.finsky.services.DailyHygiene in 5000ms
I/ReaderUtils(20828): PortraitW 720 LandscapeW 1196 Columns 1 textZoom 2.2499998 isTablet false Memory 96
W/GAV2    (20828): Thread[main,5,main]: Need to call initialize() and be in fallback mode to start dispatch.
I/BooksApp(20828): Created application version: 2.9.21 (20921)
I/ActivityManager(  831): Start proc com.android.chrome for broadcast com.android.chrome/com.google.android.apps.chrome.services.AccountsChangedReceiver: pid=20867 uid=10021 gids={50021, 3003, 1015, 1028}
I/ActivityManager(  831): No longer want com.android.defcontainer (pid 20508): empty #17
I/ActivityManager(  831): Start proc com.google.android.gm for broadcast com.google.android.gm/.AccountsChangedReceiver: pid=20885 uid=10043 gids={50043, 3003, 1015, 1028}
I/ActivityManager(  831): No longer want com.google.android.apps.plus (pid 20490): empty #17
D/ActivityThread(20885): Loading provider com.android.gmail.ui: com.google.android.gm.provider.UiProvider
W/qdhwcomposer(  308): Excessive delay reading vsync: took 883 ms
D/LoginAccountsChangedBro(20382): received LOGIN_ACCOUNTS_CHANGED_ACTION broadcast
V/AudioHardwareALSA(  311): AudioHardwareALSA::getParameters() supported_effect=
I/ClearAudioPlus(20710): split : splitResult.length < 2  : supportedEffect : supported_effect=
D/CacheUpdateService(20382): Start clearing any removed accounts.
W/GCoreUlr( 1135): sending intent to update reporting state
I/ActivityManager(  831): Start proc com.google.android.syncadapters.calendar for broadcast com.google.android.syncadapters.calendar/.CalendarSyncAdapterBroadcastReceiver: pid=20919 uid=10045 gids={50045, 3003, 1028}
I/PeopleDatabaseHelper(20382): cleanUpNonGplusAccounts done.
I/GCoreUlr( 1135): Ensuring that reporting is stopped because of reasons: (no Google accounts)
D/GCoreFlp( 1135): Unknown pending intent to remove.
I/GCoreUlr( 1135): Ensuring that reporting is stopped because of reasons: (no Google accounts)
I/ActivityManager(  831): Start proc com.google.android.apps.docs for broadcast com.google.android.apps.docs/.receivers.AccountChangeReceiver: pid=20934 uid=10046 gids={50046, 3003, 1015, 1028}
D/dalvikvm(  309): GC_EXPLICIT freed 39K, 77% free 2585K/10928K, paused 1ms+2ms, total 23ms
D/dalvikvm(  309): GC_EXPLICIT freed <1K, 77% free 2585K/10928K, paused 1ms+1ms, total 15ms
D/dalvikvm(  309): GC_EXPLICIT freed <1K, 77% free 2585K/10928K, paused 1ms+2ms, total 15ms
I/GCoreUlr( 1135): Unbound from all location providers
D/GCoreFlp( 1135): Unknown pending intent to remove.
I/GCoreUlr( 1135): Unbound from all location providers
I/ActivityManager(  831): No longer want com.realvnc.android.remote (pid 20575): empty #17
W/AbstractGoogleClient(20919): Application name is not set. Call Builder#setApplicationName.
I/ActivityManager(  831): Start proc com.android.providers.calendar for content provider com.android.providers.calendar/.CalendarProvider2: pid=20950 uid=10013 gids={50013, 3003, 1015, 1028}
W/dalvikvm(20934): method Lcom/google/android/apps/docs/editors/toolbar/PreHoneyCombActionBar;.a incorrectly overrides package-private method with same name in LadH;
W/dalvikvm(20934): method Lcom/google/android/apps/docs/editors/toolbar/PreHoneyCombActionBar;.b incorrectly overrides package-private method with same name in LadH;
D/dalvikvm(  831): GC_EXPLICIT freed 1002K, 36% free 23877K/36832K, paused 7ms+8ms, total 108ms
I/ActivityManager(  831): No longer want com.sonymobile.social.services (pid 20592): empty #17
D/dalvikvm(20746): GC_CONCURRENT freed 5338K, 51% free 5428K/10928K, paused 4ms+4ms, total 72ms
D/dalvikvm(20746): WAIT_FOR_CONCURRENT_GC blocked 34ms
I/FeatureCheckerImpl(20934): Configured disabled features: []
W/ActiveOrApplicationContextProvider(20934): Missing scope.enter somewhere. Returning application context
D/DocListDatabase(20934): openHelper points on new database: DocList.db
D/OfferAvailabilityService(20934): Country final blacklist: []
W/fb4a(:dash):UserScope(20693): Called user scoped provider with no viewer. ViewerContextManager was created with no ViewerContext. Using EmptyViewerContextManager to return fake logged in instance.
W/GAV2    (20934): Thread[main,5,main]: Need to call initialize() and be in fallback mode to start dispatch.
I/ActivityManager(  831): Start proc com.google.android.talk for broadcast com.google.android.talk/com.google.android.apps.babel.service.AccountsChangedReceiver: pid=20977 uid=10055 gids={50055, 3003, 1015, 3002, 1028}
W/fb4a(:dash):UserScope(20693): Called user scoped provider with no viewer. ViewerContextManager was created with no ViewerContext. Using EmptyViewerContextManager to return fake logged in instance.
I/ActivityManager(  831): No longer want com.sonyericsson.album (pid 20606): empty #17
I/ActivityManager(  831): No longer want com.android.exchange (pid 20637): empty #17
D/BluetoothManagerService(  831): Message: 20
D/BluetoothManagerService(  831): Added callback: android.bluetooth.IBluetoothManagerCallback$Stub$Proxy@4248f600:true
W/fb4a(:<default>):UserScope(20746): Called user scoped provider with no viewer. ViewerContextManager was created with no ViewerContext. Using EmptyViewerContextManager to return fake logged in instance.
W/fb4a(:<default>):UserScope(20746): Called user scoped provider with no viewer. ViewerContextManager was created with no ViewerContext. Using EmptyViewerContextManager to return fake logged in instance.
W/Settings(20977): Setting airplane_mode_on has moved from android.provider.Settings.System to android.provider.Settings.Global, returning read-only value.
W/GCM     ( 1282): DIR: /data/data/com.google.android.gms/app_APP /data/data/com.google.android.gsf
I/ActivityManager(  831): Start proc com.android.vending for broadcast com.android.vending/com.google.android.finsky.receivers.AccountsChangedReceiver: pid=21012 uid=10087 gids={50087, 3003, 1015, 1028}
I/ActivityManager(  831): No longer want com.sonyericsson.updatecenter (pid 20624): empty #17
W/GCM     ( 1282): DIR: /data/data/com.google.android.gms/app_APP /data/data/com.google.android.gsf
E/GCM     ( 1282): Missing token, falling back to GSF
W/Bundle  ( 1282): Key GOOG.USER_SERIAL expected String but value was a java.lang.Integer.  The default value <null> was returned.
W/Bundle  ( 1282): Attempt to cast generated internal exception:
W/Bundle  ( 1282): java.lang.ClassCastException: java.lang.Integer cannot be cast to java.lang.String
W/Bundle  ( 1282): 	at android.os.Bundle.getString(Bundle.java:1085)
W/Bundle  ( 1282): 	at com.google.android.gsf.gtalkservice.PushMessagingRegistrar.register(PushMessagingRegistrar.java:378)
W/Bundle  ( 1282): 	at com.google.android.gsf.gtalkservice.PushMessagingRegistrar.onHandleIntent(PushMessagingRegistrar.java:827)
W/Bundle  ( 1282): 	at android.app.IntentService$ServiceHandler.handleMessage(IntentService.java:65)
W/Bundle  ( 1282): 	at android.os.Handler.dispatchMessage(Handler.java:99)
W/Bundle  ( 1282): 	at android.os.Looper.loop(Looper.java:213)
W/Bundle  ( 1282): 	at android.os.HandlerThread.run(HandlerThread.java:61)
D/Diag_Lib(  745): [IMS_DEBUG]| 1035 | 749 |qpNetSelect : Select Unblocked , iRtn 0, errno 0, errno [Success]
E/Diag_Lib(  745): [IMS_FATAL]| 251 | 749 |qvp_rtp_handle_signals iRet : 0
E/Diag_Lib(  745): [IMS_FATAL]| 238 | 749 |qvp_rtp_handle_signals qpDplMainLoop: Calling imsSignalHandler
D/Diag_Lib(  745): [IMS_DEBUG]| 144 | 749 |qpDpl:imsSignalHandler
E/Diag_Lib(  745): [IMS_FATAL]| 155 | 749 |qpdpl:imsSignalHandler: GLobal data NULL or Event list size is 0
E/Diag_Lib(  745): [IMS_FATAL]| 243 | 749 |qvp_rtp_handle_signals add read fd : 8
D/Finsky  (21012): [1] FinskyApp.onCreate: Initializing network with DFE https://android.clients.google.com/fdfe/
D/Finsky  (21012): [1] DailyHygiene.goMakeHygieneIfDirty: Dirty, need more hygiene.
W/Settings(21012): Setting download_manager_max_bytes_over_mobile has moved from android.provider.Settings.Secure to android.provider.Settings.Global.
W/Settings(21012): Setting download_manager_recommended_max_bytes_over_mobile has moved from android.provider.Settings.Secure to android.provider.Settings.Global.
W/Finsky  (21012): [1] FinskyApp.getCurrentAccount: No account configured on this device.
W/Finsky  (21012): [1] FinskyApp.getDfeApi: No account configured on this device.
I/CalendarProvider2(20950): Sending notification intent: Intent { act=android.intent.action.PROVIDER_CHANGED dat=content://com.android.calendar }
W/ContentResolver(20950): Failed to get type for: content://com.android.calendar (Unknown URL content://com.android.calendar)
D/Volley  (21012): [3719] DiskBasedCache.clear: Cache cleared.
I/ActivityManager(  831): No longer want com.facebook.katana:dash (pid 20693): empty #17
D/Finsky  (21012): [1] UpdateWidgetsReceiver.onReceive: Updated 0 MarketWidgetProvider widgets (android.accounts.LOGIN_ACCOUNTS_CHANGED)
D/Finsky  (21012): [1] UpdateWidgetsReceiver.onReceive: Updated 0 RecommendedWidgetProvider widgets (android.accounts.LOGIN_ACCOUNTS_CHANGED)
D/Finsky  (21012): [1] UpdateWidgetsReceiver.onReceive: Updated 0 NowPlayingWidgetProvider widgets (android.accounts.LOGIN_ACCOUNTS_CHANGED)
D/Volley  (21012): [3723] DiskBasedCache.clear: Cache cleared.
W/Finsky  (21012): [1] FinskyApp.getCurrentAccount: No account configured on this device.
I/ActivityManager(  831): Start proc com.google.android.apps.plus for broadcast com.google.android.apps.plus/.service.AccountsChangedReceiver: pid=21051 uid=10092 gids={50092, 3003, 3002, 1015, 1028}
I/ActivityManager(  831): No longer want com.sonymobile.runtimeskinning.core (pid 20730): empty #17
W/qdhwcomposer(  308): Excessive delay reading vsync: took 1933 ms
W/GAV2    (20651): Thread[GAThread,5,main]: Service unavailable (code=1), will retry.
W/ActivityManager(  831): Unable to start service Intent { act=com.google.android.gms.analytics.service.START (has extras) } U=0: not found
D/Finsky  (21012): [1] GmsCoreHelper.cleanupNlp: result=false type=4
W/Finsky  (21012): [1] FinskyApp.getCurrentAccount: No account configured on this device.
I/GAV2    (20651): Thread[GAThread,5,main]: No campaign data found.
D/dalvikvm(20746): GC_FOR_ALLOC freed 1280K, 46% free 5922K/10928K, paused 40ms, total 41ms
I/ActivityManager(  831): No longer want com.sonyericsson.credentialmanagerservice (pid 20761): empty #17
D/dalvikvm( 1282): GC_EXPLICIT freed 1007K, 74% free 2942K/10928K, paused 2ms+2ms, total 41ms
D/dalvikvm(21051): GC_CONCURRENT freed 3836K, 38% free 6882K/10928K, paused 3ms+3ms, total 63ms
D/gp.PicasaPhotoCP(21051): set fsid first time:-1
I/EsService(21051): readResults: read results: 0, lastRequestId: 16
I/ActivityManager(  831): Start proc com.sonymobile.social.services for broadcast com.sonyericsson.facebook.proxylogin/.AccountChecker: pid=21086 uid=10034 gids={50034, 3003, 1028}
D/SomcTwitterProxy(21086): AccountHelper: getInstance
I/ActivityManager(  831): Start proc com.sonyericsson.album for broadcast com.sonyericsson.album/.online.playmemories.AccountReceiver: pid=21102 uid=10102 gids={50102, 3003, 1015, 1028}
I/ActivityManager(  831): Start proc com.sonymobile.socialengine.plugins for broadcast com.sonyericsson.socialengine.plugins.facebook/.sync.AccountChecker: pid=21121 uid=10129 gids={50129, 3003, 1015, 1028}
I/ActivityManager(  831): No longer want com.google.android.music:ui (pid 20796): empty #17
I/SocialEngine(21102): [Thread-3723] PluginManager.addPluginsForProviders: New potential plugin with authority 'com.sonyericsson.socialengine.plugins.picasa'
I/SocialEngine(21102): [Thread-3723] PluginManager.addPluginsForProviders: Added plugin: Plugin [name=Picasa, apiVersion=0, provider=ComponentInfo{com.sonyericsson.socialengine.plugins.picasa/com.sonyericsson.socialengine.plugins.picasa.PicasaPluginProvider}, authority=com.sonyericsson.socialengine.plugins.picasa, enabled=true]
I/SocialEngine(21102): [Thread-3723] PluginManager.addPluginsForProviders: New potential plugin with authority 'com.sonymobile.socialengine.plugins.flickr'
I/SocialEngine(21102): [Thread-3723] PluginManager.addPluginsForProviders: Added plugin: Plugin [name=Flickr, apiVersion=3, provider=ComponentInfo{com.sonymobile.socialengine.plugins.flickr/com.sonymobile.socialengine.plugins.flickr.FlickrPluginProvider}, authority=com.sonymobile.socialengine.plugins.flickr, enabled=true]
I/SocialEngine(21102): [Thread-3723] PluginManager.addPluginsForProviders: New potential plugin with authority 'com.sonymobile.socialengine.plugins.twitter_sharefrwk'
I/SocialEngine(21102): [Thread-3723] PluginManager.addPluginsForProviders: Added plugin: Plugin [name=Xperia Twitter, apiVersion=2, provider=ComponentInfo{com.sonymobile.socialengine.plugins.twitter_sharefrwk/com.sonymobile.socialengine.plugins.twitter_sharefrwk.TwitterPluginProvider}, authority=com.sonymobile.socialengine.plugins.twitter_sharefrwk, enabled=true]
I/SocialEngine(21102): [Thread-3723] PluginManager.addPluginsForProviders: New potential plugin with authority 'com.sonymobile.socialengine.plugins.facebook_sharefrwk'
I/SocialEngine(21102): [Thread-3723] PluginManager.addPluginsForProviders: Added plugin: Plugin [name=Xperia Facebook, apiVersion=3, provider=ComponentInfo{com.sonymobile.socialengine.plugins.facebook_sharefrwk/com.sonymobile.socialengine.plugins.facebook_sharefrwk.ShareFrwkPluginProvider}, authority=com.sonymobile.socialengine.plugins.facebook_sharefrwk, enabled=true]
I/SocialEngine(21102): [Thread-3723] PluginManager.addPluginsForProviders: New potential plugin with authority 'com.sonyericsson.socialengine.plugins.facebook'
I/SocialEngine(21102): [Thread-3723] PluginManager.addPluginsForProviders: Added plugin: Plugin [name=Facebook, apiVersion=0, provider=ComponentInfo{com.sonyericsson.socialengine.plugins.facebook/com.sonyericsson.socialengine.plugins.facebook.FacebookPluginProvider}, authority=com.sonyericsson.socialengine.plugins.facebook, enabled=true]
D/dalvikvm(  831): GC_EXPLICIT freed 819K, 36% free 23863K/36832K, paused 4ms+8ms, total 105ms
W/GAV2    (20710): Thread[GAThread,5,main]: Service unavailable (code=1), will retry.
I/GAV2    (20710): Thread[GAThread,5,main]: No campaign data found.
W/ActivityManager(  831): Unable to start service Intent { act=com.google.android.gms.analytics.service.START (has extras) } U=0: not found
I/ActivityManager(  831): Start proc com.google.android.videos for broadcast com.google.android.videos/com.google.android.youtube.videos.accounts.AccountsChangedService$AccountsChangedReceiver: pid=21145 uid=10150 gids={50150, 3003, 1028, 1015, 3002}
I/ActivityManager(  831): No longer want com.sonyericsson.backuprestore (pid 20809): empty #17
I/SocialEngine(21102): [Thread-3723] SocialEngineProvider.addUriHelpersForPlugins: Adding meta-data for plugin, Picasa
I/SocialEngine(21102): [Thread-3723] SocialEngineProvider.addUriHelpersForPlugins: Adding meta-data for plugin, Flickr
I/SocialEngine(21102): [Thread-3723] SocialEngineProvider.addUriHelpersForPlugins: Adding meta-data for plugin, Xperia Twitter
I/SocialEngine(21102): [Thread-3723] SocialEngineProvider.addUriHelpersForPlugins: Adding meta-data for plugin, Xperia Facebook
E/suntrolkac(  194): props_GetStatusForAllKeys :: KEY_TYPE=106, KEY_STATUS=1
E/suntrolkac(  194): props_GetStatusForAllKeys :: data=marlin,1, status=1
E/suntrolkac(  194): props_GetStatusForAllKeys :: KEY_TYPE=109, KEY_STATUS=1
E/suntrolkac(  194): props_GetStatusForAllKeys :: data=playready,1, status=1
E/suntrolkac(  194): props_GetStatusForAllKeys :: KEY_TYPE=110, KEY_STATUS=1
E/suntrolkac(  194): props_GetStatusForAllKeys :: data=dtla,1, status=1
E/suntrolkac(  194): props_GetStatusForAllKeys :: KEY_TYPE=111, KEY_STATUS=1
E/suntrolkac(  194): props_GetStatusForAllKeys :: data=marlin_import,1, status=1
D/L       (21145): youtube.core.cache.PersistentCache.cleanup:104 Cache is below limit, no need to shrink: [size=0, limit=5242880]
I/SocialEngine(21102): [Thread-3723] SocialEngineProvider.addUriHelpersForPlugins: Adding meta-data for plugin, Facebook
W/qdhwcomposer(  308): Excessive delay reading vsync: took 1867 ms
I/L       (21145): youtube.videos.remote.MediaRouteManager.startScan:111 Scanning started
D/L       (21145): youtube.videos.remote.MediaRouteManager.onRouteSelected:148 routeInfo: MediaRouter.RouteInfo{ uniqueId=android:DEFAULT_ROUTE, name=, description=null, enabled=true, connecting=false, playbackType=0, playbackStream=3, volumeHandling=1, volume=11, volumeMax=15, presentationDisplayId=-1, extras=null, providerPackageName=android }
D/BaseCastMediaRouteProvider(21145): published 0 routes
D/L       (21145): youtube.videos.remote.MediaRouteManager.onRouteSelected:148 routeInfo: MediaRouter.RouteInfo{ uniqueId=android:DEFAULT_ROUTE, name=, description=null, enabled=true, connecting=false, playbackType=0, playbackStream=3, volumeHandling=1, volume=11, volumeMax=15, presentationDisplayId=-1, extras=null, providerPackageName=android }
D/L       (21145): youtube.videos.pinning.TransferService.onCreate:52 creating transfer service
I/ActivityManager(  831): Start proc com.google.android.youtube for broadcast com.google.android.youtube/.core.async.UserAuthorizer$AccountsChangedReceiver: pid=21182 uid=10158 gids={50158, 3003, 1015, 1028}
D/dalvikvm( 1282): GC_EXPLICIT freed 260K, 74% free 2936K/10928K, paused 2ms+3ms, total 23ms
D/L       (21145): youtube.videos.remote.MediaRouteManager.onRouteSelected:148 routeInfo: MediaRouter.RouteInfo{ uniqueId=android:DEFAULT_ROUTE, name=, description=null, enabled=true, connecting=false, playbackType=0, playbackStream=3, volumeHandling=1, volume=11, volumeMax=15, presentationDisplayId=-1, extras=null, providerPackageName=android }
D/BaseCastMediaRouteProvider(21145): in onDiscoveryRequestChanged: request=DiscoveryRequest{ selector=MediaRouteSelector{ controlCategories=[android.media.intent.category.LIVE_VIDEO, android.media.intent.category.LIVE_AUDIO, com.google.cast.CATEGORY_CAST, com.google.cast.CATEGORY_CAST_APP_NAME:PlayMovies] }, activeScan=false, isValid=true }
D/BaseCastMediaRouteProvider(21145): filter criteria changed (name: PlayMovies, protocols: null); flushing routes
D/BaseCastMediaRouteProvider(21145): published 0 routes
D/BaseCastMediaRouteProvider(21145): starting a scan
I/ActivityManager(  831): No longer want com.google.android.apps.books (pid 20828): empty #17
D/dalvikvm(21182): DexOpt: --- BEGIN 'ads-1014742798.jar' (bootstrap=0) ---
D/dalvikvm(21216): DexOpt: load 6ms, verify+opt 9ms, 149340 bytes
D/dalvikvm(21182): DexOpt: --- END 'ads-1014742798.jar' (success) ---
D/dalvikvm(21182): DEX prep '/data/data/com.google.android.youtube/cache/ads-1014742798.jar': unzip in 0ms, rewrite 125ms
I/ConversionPing(21182): Sending ping: http://googleads.g.doubleclick.net/pagead/viewthroughconversion/1001680686/?label=8cu4CIrA3gMQrt7R3QM&muid=Sht3ef6mVW4nBNrCClcvWw
W/qdhwcomposer(  308): Excessive delay reading vsync: took 733 ms
I/ActivityManager(  831): No longer want com.android.chrome (pid 20867): empty #17
I/Recovery(20382): Received: Intent { act=com.google.android.gms.INITIALIZE flg=0x10 pkg=com.google.android.gms cmp=com.google.android.gms/.recovery.AccountRecoveryBackgroundService$Receiver }
D/GCM     ( 1282): GcmService start Intent { act=com.google.android.gms.INITIALIZE flg=0x10 pkg=com.google.android.gms cmp=com.google.android.gms/.gcm.GcmService } com.google.android.gms.INITIALIZE
I/Babel   (20977): [GcmIntentService] gcm error: AUTHENTICATION_FAILED
I/ActivityManager(  831): Start proc com.android.calendar for broadcast com.android.calendar/.alerts.AlertReceiver: pid=21234 uid=10103 gids={50103, 3003, 1015, 1028}
W/GCM     ( 1282): DIR: /data/data/com.google.android.gms/app_APP /data/data/com.google.android.gsf
W/GCM     ( 1282): DIR: /data/data/com.google.android.gms/app_APP /data/data/com.google.android.gsf
E/GCM     ( 1282): Missing token, falling back to GSF
W/Bundle  ( 1282): Key GOOG.USER_SERIAL expected String but value was a java.lang.Integer.  The default value <null> was returned.
W/Bundle  ( 1282): Attempt to cast generated internal exception:
W/Bundle  ( 1282): java.lang.ClassCastException: java.lang.Integer cannot be cast to java.lang.String
W/Bundle  ( 1282): 	at android.os.Bundle.getString(Bundle.java:1085)
W/Bundle  ( 1282): 	at com.google.android.gsf.gtalkservice.PushMessagingRegistrar.register(PushMessagingRegistrar.java:378)
W/Bundle  ( 1282): 	at com.google.android.gsf.gtalkservice.PushMessagingRegistrar.onHandleIntent(PushMessagingRegistrar.java:827)
W/Bundle  ( 1282): 	at android.app.IntentService$ServiceHandler.handleMessage(IntentService.java:65)
W/Bundle  ( 1282): 	at android.os.Handler.dispatchMessage(Handler.java:99)
W/Bundle  ( 1282): 	at android.os.Looper.loop(Looper.java:213)
W/Bundle  ( 1282): 	at android.os.HandlerThread.run(HandlerThread.java:61)
W/GAV2    (21234): Thread[main,5,main]: Need to call initialize() and be in fallback mode to start dispatch.
W/qdhwcomposer(  308): Excessive delay reading vsync: took 166 ms
D/Finsky  (21012): [1] BaseWidgetProvider.onReceive: Received ACTION_APPWIDGET_UPDATE, updating 0 widgets.
W/Finsky  (21012): [1] FinskyApp.getCurrentAccount: No account configured on this device.
W/Finsky  (21012): [1] FinskyApp.getDfeApi: No account configured on this device.
D/Finsky  (21012): [1] BaseWidgetProvider.onReceive: Received ACTION_APPWIDGET_UPDATE, updating 0 widgets.
W/Finsky  (21012): [1] FinskyApp.getCurrentAccount: No account configured on this device.
W/Finsky  (21012): [1] FinskyApp.getDfeApi: No account configured on this device.
D/Finsky  (21012): [1] BaseWidgetProvider.onReceive: Received ACTION_APPWIDGET_UPDATE, updating 0 widgets.
I/Babel   (20977): [GcmIntentService] gcm error: AUTHENTICATION_FAILED
I/ActivityManager(  831): No longer want com.google.android.syncadapters.calendar (pid 20919): empty #17
W/GAV2    (20934): Thread[GAThread,5,main]: Service unavailable (code=1), will retry.
W/ActivityManager(  831): Unable to start service Intent { act=com.google.android.gms.analytics.service.START (has extras) } U=0: not found
I/GAV2    (20934): Thread[GAThread,5,main]: No campaign data found.
D/Diag_Lib(  745): [IMS_DEBUG]| 1035 | 749 |qpNetSelect : Select Unblocked , iRtn 0, errno 0, errno [Success]
E/Diag_Lib(  745): [IMS_FATAL]| 251 | 749 |qvp_rtp_handle_signals iRet : 0
E/Diag_Lib(  745): [IMS_FATAL]| 238 | 749 |qvp_rtp_handle_signals qpDplMainLoop: Calling imsSignalHandler
D/Diag_Lib(  745): [IMS_DEBUG]| 144 | 749 |qpDpl:imsSignalHandler
E/Diag_Lib(  745): [IMS_FATAL]| 155 | 749 |qpdpl:imsSignalHandler: GLobal data NULL or Event list size is 0
E/Diag_Lib(  745): [IMS_FATAL]| 243 | 749 |qvp_rtp_handle_signals add read fd : 8
W/qdhwcomposer(  308): Excessive delay reading vsync: took 1667 ms
W/GAV2    (20651): Thread[Service Reconnect,5,main]: Service unavailable (code=1), using local store.
W/ActivityManager(  831): Unable to start service Intent { act=com.google.android.gms.analytics.service.START (has extras) } U=0: not found
I/ActivityManager(  831): No longer want android.process.acore (pid 20554): empty #17
W/ActivityManager(  831): Unable to start service Intent { act=com.google.android.gms.analytics.service.START (has extras) } U=0: not found
W/GAV2    (20710): Thread[Service Reconnect,5,main]: Service unavailable (code=1), using local store.
I/ActivityManager(  831): Start proc com.sonyericsson.crashmonitor for broadcast com.sonyericsson.crashmonitor/.receiver.CrashMonitorServiceBroadcastReceiver: pid=21272 uid=10108 gids={50108, 1007, 1028, 1015, 1023}
D/dalvikvm(  309): GC_EXPLICIT freed 38K, 77% free 2585K/10928K, paused 2ms+1ms, total 33ms
D/dalvikvm(  309): GC_EXPLICIT freed <1K, 77% free 2585K/10928K, paused 1ms+2ms, total 20ms
I/ActivityManager(  831): No longer want com.google.android.partnersetup (pid 20673): empty #17
D/dalvikvm(  309): GC_EXPLICIT freed <1K, 77% free 2585K/10928K, paused 1ms+1ms, total 37ms
W/ActivityManager(  831): Unable to start service Intent { act=com.google.android.gms.analytics.service.START (has extras) } U=0: not found
W/GAV2    (21234): Thread[GAThread,5,main]: Service unavailable (code=1), will retry.
I/GAV2    (21234): Thread[GAThread,5,main]: No campaign data found.
W/GAV2    (20934): Thread[main,5,main]: dispatch call queued.  Need to call GAServiceManager.getInstance().initialize().
I/ActivityManager(  831): No longer want com.google.android.apps.docs (pid 20934): empty #17
D/Diag_Lib(  745): [IMS_DEBUG]| 1035 | 749 |qpNetSelect : Select Unblocked , iRtn 0, errno 0, errno [Success]
E/Diag_Lib(  745): [IMS_FATAL]| 251 | 749 |qvp_rtp_handle_signals iRet : 0
E/Diag_Lib(  745): [IMS_FATAL]| 238 | 749 |qvp_rtp_handle_signals qpDplMainLoop: Calling imsSignalHandler
D/Diag_Lib(  745): [IMS_DEBUG]| 144 | 749 |qpDpl:imsSignalHandler
E/Diag_Lib(  745): [IMS_FATAL]| 155 | 749 |qpdpl:imsSignalHandler: GLobal data NULL or Event list size is 0
E/Diag_Lib(  745): [IMS_FATAL]| 243 | 749 |qvp_rtp_handle_signals add read fd : 8
E/battery_logging( 1317): --- battery_logging battery event ---
E/battery_logging( 1317): Open path error: '/sys/bus/platform/devices/pm8xxx-adc/apq_therm'
E/battery_logging( 1317): Open path error: '/sys/bus/platform/devices/pm8xxx-adc/pba_therm'
E/battery_logging( 1317): Open path error: '/sys/bus/platform/devices/pm8921-bms/read_soc_expand'
I/SomcTransmitPowerManager( 1150): getBatteryVoltageLevel(4173)
D/SomcTransmitPowerManager( 1150): Battery changed with Voltage: 4173 mV
D/SomcTransmitPowerManager( 1150): Old PowerLevel: 5, current PowerLevel: 5
W/qdhwcomposer(  308): Excessive delay reading vsync: took 6114 ms
W/qdhwcomposer(  308): Excessive delay reading vsync: took 1016 ms
W/qdhwcomposer(  308): Excessive delay reading vsync: took 167 ms
I/ActivityManager(  831): Start proc com.sonymobile.cameracommon for broadcast com.sonymobile.cameracommon/.provider.AddOnInstallationListener: pid=21298 uid=10015 gids={50015, 1028}
I/InputReader(  831): Reconfiguring input devices.  changes=0x00000010
W/qdhwcomposer(  308): Excessive delay reading vsync: took 83 ms
D/dalvikvm( 4147): GC_CONCURRENT freed 2864K, 23% free 13594K/17588K, paused 9ms+5ms, total 61ms
W/PeopleReceiver(20382): Received unexcepted broadcast: android.intent.action.PACKAGE_CHANGED
I/ActivityManager(  831): Start proc android.process.acore for broadcast com.android.providers.contacts/.PackageIntentReceiver: pid=21319 uid=10002 gids={50002, 1028}
W/GCoreUlr( 1135): sending intent to update reporting state
I/GCoreUlr( 1135): Ensuring that reporting is stopped because of reasons: (no Google accounts)
D/GCoreFlp( 1135): Unknown pending intent to remove.
I/GCoreUlr( 1135): Unbound from all location providers
I/GCoreUlr( 1135): Ensuring that reporting is stopped because of reasons: (no Google accounts)
D/GCoreFlp( 1135): Unknown pending intent to remove.
I/GCoreUlr( 1135): Unbound from all location providers
D/dalvikvm(21051): GC_CONCURRENT freed 1289K, 32% free 7518K/10928K, paused 3ms+1ms, total 198ms
I/ActivityManager(  831): Start proc com.facebook.katana:dash for broadcast com.facebook.katana/com.facebook.dash.launchables_v1.receiver.LaunchablesReceiver: pid=21340 uid=10162 gids={50162, 1015, 3003, 1028}
I/ActivityManager(  831): No longer want com.sonyericsson.extras.liveware (pid 20710): empty #17
W/ActivityManager(  831): Unable to start service Intent { act=com.google.android.gms.analytics.service.START (has extras) } U=0: not found
W/GAV2    (21234): Thread[Service Reconnect,5,main]: Service unavailable (code=1), using local store.
I/ActivityManager(  831): No longer want com.sonyericsson.album (pid 21102): empty #17
D/CatchMeIfYouCan(21340): Process (dash) ca: '/data/data/com.facebook.katana/app_cmiyc/0C66B38F48468E96F8008B6D5A2AE33B4A60265E01'
D/CatchMeIfYouCan(21340): Process (dash) fc: '/data/data/com.facebook.katana/app_cmiyc/0C66B38F48468E96F8008B6D5A2AE33B4A60265E02'
D/CatchMeIfYouCan(21340): Process (dash) cp: '('dash', 6, 60000, silent [true], restart [true], logout [true])'
D/ACRA    (21340): ACRA is enabled for com.facebook.katana, intializing...
D/ACRA    (21340): Looking for error files in /data/data/com.facebook.katana/app_acra-reports
D/ACRA    (21340): Looking for error files in /data/data/com.facebook.katana/app_minidumps
D/dalvikvm(21340): Trying to load lib /data/data/com.facebook.katana/app_libs/libfb_stl_shared.so 0x41838b30
D/dalvikvm(21340): Added shared lib /data/data/com.facebook.katana/app_libs/libfb_stl_shared.so 0x41838b30
D/dalvikvm(21340): No JNI_OnLoad found in /data/data/com.facebook.katana/app_libs/libfb_stl_shared.so 0x41838b30, skipping init
D/dalvikvm(21340): Trying to load lib /data/data/com.facebook.katana/app_libs/libfb_breakpad_client.so 0x41838b30
D/dalvikvm(21340): Added shared lib /data/data/com.facebook.katana/app_libs/libfb_breakpad_client.so 0x41838b30
D/DexLibLoader(21340): Deleting old version: /data/data/com.facebook.katana/app_dex/guava-10.0.1-fork.dex.0.jar
D/DexLibLoader(21340): Deleting old version: /data/data/com.facebook.katana/app_dex/guava-10.0.1-fork.dex.1.jar
D/DexLibLoader(21340): Deleting old version: /data/data/com.facebook.katana/app_dex/jackson-core-2.0.5.dex.0.jar
D/DexLibLoader(21340): Deleting old version: /data/data/com.facebook.katana/app_dex/jackson-core-2.0.5.dex.1.jar
D/DexLibLoader(21340): Deleting old version: /data/data/com.facebook.katana/app_dex/jackson-core-2.0.5.dex.2.jar
D/DexLibLoader(21340): Deleting old version: /data/data/com.facebook.katana/app_dex/jackson-databind-2.0.5.dex.0.jar
D/DexLibLoader(21340): Deleting old version: /data/data/com.facebook.katana/app_dex/jackson-databind-2.0.5.dex.1.jar
D/DexLibLoader(21340): Deleting old version: /data/data/com.facebook.katana/app_dex/jackson-databind-2.0.5.dex.2.jar
D/DexLibLoader(21340): Deleting old version: /data/data/com.facebook.katana/app_dex/jackson-databind-2.0.5.dex.3.jar
D/DexLibLoader(21340): Deleting old version: /data/data/com.facebook.katana/app_dex/jackson-datatype-guava-2.0.4.dex.0.jar
D/DexLibLoader(21340): Deleting old version: /data/data/com.facebook.katana/app_dex/jackson-datatype-guava-2.0.4.dex.1.jar
D/DexLibLoader(21340): Deleting old version: /data/data/com.facebook.katana/app_dex/jackson-datatype-guava-2.0.4.dex.2.jar
D/DexLibLoader(21340): Deleting old version: /data/data/com.facebook.katana/app_dex/diffutils-1.2.1.dex.0.jar
D/DexLibLoader(21340): Deleting old version: /data/data/com.facebook.katana/app_dex/diffutils-1.2.1.dex.1.jar
D/DexLibLoader(21340): Deleting old version: /data/data/com.facebook.katana/app_dex/nine_old_androids.dex.0.jar
D/DexLibLoader(21340): Deleting old version: /data/data/com.facebook.katana/app_dex/nine_old_androids.dex.1.jar
D/DexLibLoader(21340): Deleting old version: /data/data/com.facebook.katana/app_dex/nine_old_androids.dex.2.jar
D/DexLibLoader(21340): Deleting old version: /data/data/com.facebook.katana/app_dex/nine_old_androids.dex.3.jar
V/DexLibLoader(21340): Dex already copied
V/DexLibLoader(21340): Creating class loader
V/DexLibLoader(21340): Finished creating class loader
V/DexLibLoader(21340): Preparing secondary program dexes.
V/DexLibLoader(21340): Loaded 3 raw lines of metadata.
V/DexLibLoader(21340): Secondary program dex metadata: secondary-1.dex.jar.xz c0ee4a681e3a40d17df851fb6ef5a80691032872 secondary.dex01.Canary
V/DexLibLoader(21340): Secondary program dex metadata: secondary-2.dex.jar.xz cba14b81f7e741108eb8718540871503eaff5ae1 secondary.dex02.Canary
V/DexLibLoader(21340): Secondary program dex metadata: secondary-3.dex.jar.xz 2347a1ffec03d26b0a7367737faff046b1b6c23e secondary.dex03.Canary
W/DexLibLoader(21340): Unexpected file in program dex directory: /data/data/com.facebook.katana/app_secondary_program_dex/temp_dex_lock
V/DexLibLoader(21340): Preparing to extract secondary-1.dex.jar.xz to /data/data/com.facebook.katana/app_secondary_program_dex/program-c0ee4a681e3a40d17df851fb6ef5a80691032872e513e7a5.dex.jar
V/DexLibLoader(21340): Dex already copied
V/DexLibLoader(21340): Creating class loader
V/DexLibLoader(21340): Finished creating class loader
V/DexLibLoader(21340): Preparing to extract secondary-2.dex.jar.xz to /data/data/com.facebook.katana/app_secondary_program_dex/program-cba14b81f7e741108eb8718540871503eaff5ae1e513e7a5.dex.jar
V/DexLibLoader(21340): Dex already copied
V/DexLibLoader(21340): Creating class loader
V/DexLibLoader(21340): Finished creating class loader
V/DexLibLoader(21340): Preparing to extract secondary-3.dex.jar.xz to /data/data/com.facebook.katana/app_secondary_program_dex/program-2347a1ffec03d26b0a7367737faff046b1b6c23ee513e7a5.dex.jar
V/DexLibLoader(21340): Dex already copied
V/DexLibLoader(21340): Creating class loader
V/DexLibLoader(21340): Finished creating class loader
V/DexLibLoader(21340): Verifying classes from secondary dexes.
D/DexLibLoader(21340): DexLibLoader.ensureDexLoaded took 26 ms
I/ContactLocale(21319): AddressBook Labels [zh_CN]: [, A, B, C, D, E, F, G, H, I, J, K, L, M, N, O, P, Q, R, S, T, U, V, W, X, Y, Z, , , , , , , , , , , , , , , , , , , , , , , , , , , , , , , , , , , , , , , , , , , , , , , , , , , , , , , , , , , , , , , , , , , , , , , , , , , , , , , , , , , , , , , , , , , , , , , , , , , , , , , , , , , , , , , , , , , , , , , , , , , , , , , , , , , , , , , , , , , , , , , , , , , , , , , , , , , , #, ]
I/ActivityManager(  831): Start proc com.sonyericsson.android.addoncamera.artfilter for broadcast com.sonyericsson.android.addoncamera.artfilter/.addon.CameraAddonReceiver: pid=21357 uid=10003 gids={50003, 1015, 1023, 3003, 1028}
W/qdhwcomposer(  308): Excessive delay reading vsync: took 1516 ms
W/fb4a(:dash):UserScope(21340): Called user scoped provider with no viewer. ViewerContextManager was created with no ViewerContext. Using EmptyViewerContextManager to return fake logged in instance.
W/fb4a(:dash):UserScope(21340): Called user scoped provider with no viewer. ViewerContextManager was created with no ViewerContext. Using EmptyViewerContextManager to return fake logged in instance.
W/ActivityManager(  831): Permission denied: checkComponentPermission() owningUid=10148
W/ActivityManager(  831): Permission denied: checkComponentPermission() owningUid=10148
W/ActivityManager(  831): Permission denied: checkComponentPermission() owningUid=10148
W/ActivityManager(  831): Permission denied: checkComponentPermission() owningUid=10148
