W/PackageManager(  831): Unknown permission android.permission.RAISED_THREAD_PRIORITY in package com.wsandroid.suite
W/PackageManager(  831): Not granting permission android.permission.DELETE_PACKAGES to package com.wsandroid.suite (protectionLevel=18 flags=0x8be04)
W/PackageManager(  831): Unknown permission com.amazon.device.messaging.permission.RECEIVE in package com.wsandroid.suite
W/PackageManager(  831): Unknown permission com.sonyericsson.illumination.permission.ILLUMINATION in package com.sonymobile.tvout.wifidisplay
W/PackageManager(  831): Unknown permission com.sonymobile.tvout.wifidisplay.permission.ACCESS_QC_SERVICE in package com.sonymobile.tvout.wifidisplay
W/PackageManager(  831): Not granting permission android.permission.READ_LOGS to package org.microemu.android.se.appello.lp.WisepilotSE (protectionLevel=50 flags=0x8be44)
W/PackageManager(  831): Unknown permission com.sonyericsson.permission.CUSTOMIZATION in package com.sonyericsson.android.pobox
W/PackageManager(  831): Unknown permission com.android.launcher.permission.PRELOAD_WORKSPACE in package com.google.android.partnersetup
W/PackageManager(  831): Not granting permission android.permission.DEVICE_POWER to package com.sonyericsson.android.socialphonebook (protectionLevel=2 flags=0xc8be45)
W/PackageManager(  831): Not granting permission android.permission.ACCESS_DRM to package com.sonyericsson.android.socialphonebook (protectionLevel=2 flags=0xc8be45)
W/PackageManager(  831): Unknown permission com.sonyericsson.permission.VOIPCALLLOG in package com.sonyericsson.android.socialphonebook
W/PackageManager(  831): Unknown permission com.sonyericsson.phone.CALL_SCREEN_SHORTCUT in package com.sonyericsson.android.socialphonebook
W/PackageManager(  831): Unknown permission com.android.email.permission.ACCESS_GAL_PROVIDER in package com.sonyericsson.android.socialphonebook
W/PackageManager(  831): Unknown permission com.sonyericsson.aab.READ_ICE_CONTACTS in package com.sonyericsson.android.socialphonebook
W/PackageManager(  831): Unknown permission com.sonymobile.providers.landownerprovider.permission.READ in package com.sonyericsson.android.socialphonebook
W/PackageManager(  831): Unknown permission com.google.android.providers.gmail.permission.READ_GMAIL in package com.mobisystems.office
W/PackageManager(  831): Unknown permission com.sonyericsson.illumination.permission.ILLUMINATION in package com.android.nfc
W/PackageManager(  831): Unknown permission com.sonyericsson.permission.MUSIC in package com.sonyericsson.music.googlelyricsplugin
W/PackageManager(  831): Unknown permission com.qualcomm.permission.ACCESS_LOCATION_API in package com.qualcomm.location
W/PackageManager(  831): Unknown permission com.vodafone.vodafone360updates.permission.SHOW_SETUP_WIZARD in package com.sonyericsson.setupwizard
W/PackageManager(  831): Unknown permission com.sonyericsson.timescape.permission.TIMESCAPE_SETTINGS in package com.sonyericsson.settings
W/PackageManager(  831): Unknown permission com.sonyericsson.eventstream.twitterplugin.AUTHENTICATION in package com.sonyericsson.eventstream.twitterpostviewer
W/PackageManager(  831): Unknown permission com.sonyericsson.illumination.permission.ILLUMINATION in package com.sonyericsson.organizer
W/PackageManager(  831): Unknown permission com.sonyericsson.permission.MUSIC in package com.sonyericsson.musicvisualizer
W/PackageManager(  831): Unknown permission com.sony.walkman.database.media.permission.ACCESS_DRM_METADATA in package com.sonyericsson.musicvisualizer
W/PackageManager(  831): Unknown permission andriod.permission.MANAGE_USB in package com.sonyericsson.usbux
W/PackageManager(  831): Unknown permission com.twitter.android.permission.AUTH_APP in package com.sonymobile.twitter.account
W/PackageManager(  831): Unknown permission com.sonyericsson.android.fota.permission.FOTA in package com.sonyericsson.debugmenu
I/ActivityManager(  831): Force stopping package com.netease.nim.demo appid=10190 user=0
I/ActivityManager(  831): Start proc com.sonymobile.cameracommon for broadcast com.sonymobile.cameracommon/.provider.AddOnInstallationListener: pid=18620 uid=10015 gids={50015, 1028}
I/ActivityManager(  831): Start proc com.sonyericsson.eventstream for broadcast com.sonyericsson.eventstream/.EventStreamReceiver: pid=18635 uid=10033 gids={50033, 3003, 1028}
I/ActivityManager(  831): Start proc com.google.android.gms for broadcast com.google.android.gms/.games.receiver.GamesSystemBroadcastReceiver: pid=18650 uid=10044 gids={50044, 3003, 2001, 1007, 3006, 1028, 1015}
I/ActivityManager(  831): Start proc com.android.defcontainer for service com.android.defcontainer/.DefaultContainerService: pid=18656 uid=10028 gids={50028, 1015, 1023, 2001, 1028}
D/BackupManagerService(  831): Received broadcast Intent { act=android.intent.action.PACKAGE_REMOVED dat=package:com.netease.nim.demo flg=0x8000010 (has extras) }
V/BackupManagerService(  831): removePackageParticipantsLocked: uid=10190 #1
I/ActivityManager(  831): Start proc com.android.keychain for broadcast com.android.keychain/.KeyChainBroadcastReceiver: pid=18695 uid=1000 gids={41000, 3003, 1015, 1028, 3002, 3001, 3007, 1021, 3004, 3005, 1000, 3009, 1023, 1007, 1004, 2002}
W/ContextImpl(18695): Calling a method in the system process without a qualified user: android.app.ContextImpl.startService:1427 android.content.ContextWrapper.startService:473 android.content.ContextWrapper.startService:473 com.android.keychain.KeyChainBroadcastReceiver.onReceive:12 android.app.ActivityThread.handleReceiver:2488 
I/ActivityManager(  831): Start proc com.android.musicfx for broadcast com.android.musicfx/.Compatibility$Receiver: pid=18728 uid=10069 gids={50069, 3003, 3002, 1028}
I/ActivityManager(  831): Start proc com.google.android.apps.plus for broadcast com.google.android.apps.plus/.service.PackagesMediaMonitor: pid=18788 uid=10092 gids={50092, 3003, 3002, 1015, 1028}
I/ActivityManager(  831): Start proc com.realvnc.android.remote for broadcast com.realvnc.android.remote/.RemoteControlService$PackageManagerReceiver: pid=18808 uid=10099 gids={50099, 1004, 2002, 1028}
I/ActivityManager(  831): Start proc com.sonymobile.social.services for broadcast com.sonyericsson.facebook.proxylogin/.permissions.PackageChangedReceiver: pid=18824 uid=10034 gids={50034, 3003, 1028}
I/ActivityManager(  831): Start proc com.sonyericsson.album for broadcast com.sonyericsson.album/.online.playmemories.UpdateReceiver: pid=18838 uid=10102 gids={50102, 3003, 1015, 1028}
I/ActivityManager(  831): Process com.facebook.katana (pid 18193) has died.
I/ActivityManager(  831): Start proc android.process.acore for broadcast com.android.providers.contacts/.PackageIntentReceiver: pid=18855 uid=10002 gids={50002, 1028}
I/ActivityManager(  831): Start proc com.sonyericsson.updatecenter for broadcast com.sonyericsson.updatecenter/.update.ApplicationRemovedReceiver: pid=18873 uid=10146 gids={50146, 3003, 2001, 1015, 1028}
I/ActivityManager(  831): Start proc com.google.android.googlequicksearchbox for broadcast com.google.android.googlequicksearchbox/com.google.android.apps.sidekick.GmmLocationProviderImpl$GmmPackageWatcher: pid=18887 uid=10148 gids={50148, 3003, 1028, 3002, 1015}
I/ActivityManager(  831): No longer want com.sonyericsson.android.bootinfo:remote (pid 18273): empty #17
I/ActivityManager(  831): No longer want com.sonyericsson.crashmonitor (pid 17433): empty #17
I/ActivityManager(  831): Start proc com.google.android.partnersetup for content provider com.google.android.partnersetup/.RlzAppProvider: pid=18904 uid=10050 gids={50050, 3003, 1028}
I/ActivityManager(  831): Start proc com.facebook.katana:dash for broadcast com.facebook.katana/com.facebook.dash.receivers.DashPackageUninstallReceiver: pid=18926 uid=10162 gids={50162, 1015, 3003, 1028}
I/ActivityManager(  831): No longer want com.sonyericsson.android.locationbasedwifi:service (pid 17704): empty #17
I/ActivityManager(  831): Process com.tencent.mm:tools (pid 18477) has died.
I/ActivityManager(  831): Process com.google.android.apps.plus (pid 18788) has died.
W/ActivityManager(  831): Permission denied: checkComponentPermission() owningUid=10148
W/ActivityManager(  831): Permission denied: checkComponentPermission() owningUid=10148
W/ActivityManager(  831): Permission denied: checkComponentPermission() owningUid=10148
W/ActivityManager(  831): Permission denied: checkComponentPermission() owningUid=10148
W/ActivityManager(  831): Permission denied: checkComponentPermission() owningUid=10148
W/ActivityManager(  831): Permission denied: checkComponentPermission() owningUid=10148
W/ActivityManager(  831): Permission denied: checkComponentPermission() owningUid=10148
W/ActivityManager(  831): Permission denied: checkComponentPermission() owningUid=10148
W/ActivityManager(  831): Permission denied: checkComponentPermission() owningUid=10148
W/ActivityManager(  831): Permission denied: checkComponentPermission() owningUid=10148
I/ActivityManager(  831): Start proc com.sonyericsson.extras.liveware for broadcast com.sonyericsson.extras.liveware/.aef.service.InstallEventReceiver: pid=18943 uid=10165 gids={50165, 3002, 3001, 3003, 1015, 1028}
W/ActivityManager(  831): Permission denied: checkComponentPermission() owningUid=10148
W/ActivityManager(  831): Permission denied: checkComponentPermission() owningUid=10148
I/ActivityManager(  831): Start proc com.facebook.katana for content provider com.facebook.katana/.provider.orca.FbSharedPreferencesContentProvider: pid=18959 uid=10162 gids={50162, 1015, 3003, 1028}
I/ActivityManager(  831): Start proc com.sonymobile.runtimeskinning.core for broadcast com.sonymobile.runtimeskinning.core/com.sonymobile.runtimeskinning.picker.install.PackageInstallReceiver: pid=18977 uid=10168 gids={50168, 3003, 1028}
I/ActivityManager(  831): Process com.sony.smallapp.managerservice (pid 17628) has died.
I/ActivityManager(  831): Start proc com.sonyericsson.credentialmanagerservice for broadcast com.sonyericsson.credentialmanagerservice/.CredentialManagerUidRemovedReceiver: pid=18994 uid=1000 gids={41000, 3003, 1015, 1028, 3002, 3001, 3007, 1021, 3004, 3005, 1000, 3009, 1023, 1007, 1004, 2002}
I/ActivityManager(  831): Process com.sonyericsson.eventstream (pid 18635) has died.
I/ActivityManager(  831): Process android.process.acore (pid 18855) has died.
I/ActivityManager(  831): Start proc com.google.android.gsf.login for service com.google.android.gms/.recovery.AccountRecoveryBackgroundService: pid=19017 uid=10044 gids={50044, 3003, 2001, 1007, 3006, 1028, 1015}
I/ActivityManager(  831): No longer want com.android.defcontainer (pid 18656): empty #17
I/ActivityManager(  831): Process com.facebook.katana:dash (pid 18926) has died.
W/ActivityManager(  831): Unable to start service Intent { act=com.google.android.gms.analytics.service.START (has extras) } U=0: not found
W/ActivityManager(  831): Unable to start service Intent { act=com.google.android.gms.analytics.service.START (has extras) } U=0: not found
W/PowerUI ( 1019): unknown intent: Intent { act=android.intent.action.ACTION_POWER_CONNECTED flg=0x8000010 }
I/ActivityManager(  831): Start proc com.android.chrome for broadcast com.android.chrome/org.chromium.base.PowerStatusReceiver: pid=19086 uid=10021 gids={50021, 3003, 1015, 1028}
I/EntropyMixer(  831): Writing entropy...
I/ActivityManager(  831): No longer want com.sonymobile.cameracommon (pid 18620): empty #17
I/ActivityManager(  831): Start proc com.sonyericsson.capabilities for broadcast com.sonyericsson.capabilities/.DefCapUpdaterReceiver: pid=19100 uid=10027 gids={50027, 1023, 1015, 1028}
I/ActivityManager(  831): No longer want com.android.keychain (pid 18695): empty #17
I/ActivityManager(  831): Start proc com.sonyericsson.idd.agent for broadcast com.sonyericsson.idd.agent/.IDDEnabledBroadcastReceiver: pid=19114 uid=10057 gids={50057, 3003, 1015, 1028}
I/ActivityManager(  831): Start proc com.sonyericsson.android.bootinfo:remote for service com.sonyericsson.android.bootinfo/.MiscTaService: pid=19129 uid=1000 gids={41000, 3003, 1015, 1028, 3002, 3001, 3007, 1021, 3004, 3005, 1000, 3009, 1023, 1007, 1004, 2002}
I/ActivityManager(  831): Start proc com.google.android.apps.uploader for broadcast com.google.android.apps.uploader/com.google.android.picasasync.BatteryReceiver: pid=19143 uid=10066 gids={50066, 3003, 1015, 1028}
I/ActivityManager(  831): No longer want com.android.musicfx (pid 18728): empty #17
I/ActivityManager(  831): Start proc com.google.android.apps.plus for broadcast com.google.android.apps.plus/.iu.InstantUploadEnvironment$BatteryReceiver: pid=19162 uid=10092 gids={50092, 3003, 3002, 1015, 1028}
I/ActivityManager(  831): No longer want com.android.vending (pid 16562): empty #17
W/ActivityManager(  831): Scheduling restart of crashed service com.android.vending/com.google.android.finsky.services.DailyHygiene in 5000ms
I/ActivityManager(  831): No longer want com.realvnc.android.remote (pid 18808): empty #17
I/ActivityManager(  831): No longer want com.sonymobile.social.services (pid 18824): empty #17
W/ActivityManager(  831): Unable to start service Intent { act=com.google.android.gms.analytics.service.START (has extras) } U=0: not found
I/ActivityManager(  831): No longer want com.sonyericsson.album (pid 18838): empty #17
I/ActivityManager(  831): Start proc com.sonyericsson.unplugchargerreminder for broadcast com.sonyericsson.unplugchargerreminder/.BatteryReceiver: pid=19188 uid=10117 gids={50117, 1028}
I/ActivityManager(  831): No longer want com.sonyericsson.updatecenter (pid 18873): empty #17
I/ActivityManager(  831): Start proc com.google.android.youtube for broadcast com.google.android.youtube/.app.prefetch.PrefetchService$DeviceStateReceiver: pid=19203 uid=10158 gids={50158, 3003, 1015, 1028}
W/ContextImpl( 1536): Calling a method in the system process without a qualified user: android.app.ContextImpl.startService:1427 android.content.ContextWrapper.startService:473 android.content.ContextWrapper.startService:473 com.sonyericsson.usbux.service.UsbServiceReceiver.onReceive:58 android.app.ActivityThread.handleReceiver:2488 
I/ActivityManager(  831): Start proc com.android.providers.calendar for content provider com.android.providers.calendar/.CalendarProvider2: pid=19246 uid=10013 gids={50013, 3003, 1015, 1028}
W/ActivityManager(  831): Unable to start service Intent { act=com.google.android.gms.analytics.service.START (has extras) } U=0: not found
I/ActivityManager(  831): Start proc com.android.calendar for broadcast com.android.calendar/.alerts.AlertReceiver: pid=19269 uid=10103 gids={50103, 3003, 1015, 1028}
I/ActivityManager(  831): No longer want com.google.android.partnersetup (pid 18904): empty #17
I/ActivityManager(  831): No longer want com.sonymobile.runtimeskinning.core (pid 18977): empty #17
I/ActivityManager(  831): Start proc com.android.vending for service com.android.vending/com.google.android.finsky.services.ContentSyncService: pid=19298 uid=10087 gids={50087, 3003, 1015, 1028}
I/ActivityManager(  831): No longer want com.sonyericsson.credentialmanagerservice (pid 18994): empty #17
I/ActivityManager(  831): Process com.google.android.apps.plus (pid 19162) has died.
W/ActivityManager(  831): Unable to start service Intent { act=com.google.android.gms.analytics.service.START (has extras) } U=0: not found
I/ActivityManager(  831): Start proc com.android.defcontainer for service com.android.defcontainer/.DefaultContainerService: pid=19355 uid=10028 gids={50028, 1015, 1023, 2001, 1028}
W/ActivityManager(  831): No content provider found for permission revoke: file:///data/local/tmp/demo-debug.apk
W/ActivityManager(  831): Unable to start service Intent { cmp=com.netease.nim.demo/com.igexin.sdk.PushService } U=0: not found
I/ActivityManager(  831): Process com.google.android.gms (pid 18650) has died.
W/ActivityManager(  831): Unable to start service Intent { act=com.google.android.gms.analytics.service.START (has extras) } U=0: not found
I/ActivityManager(  831): Start proc com.google.android.apps.plus for broadcast com.google.android.apps.plus/.service.CameraMonitor: pid=19393 uid=10092 gids={50092, 3003, 3002, 1015, 1028}
I/ActivityManager(  831): Process com.google.android.googlequicksearchbox (pid 18887) has died.
I/ActivityManager(  831): START u0 {flg=0x50000000 cmp=com.android.vending/com.google.android.vending.verifier.ConsentDialog (has extras)} from pid 19298
I/ActivityManager(  831): Process com.sonyericsson.capabilities (pid 19100) has died.
W/ActivityManager(  831): No content provider found for permission revoke: file:///data/local/tmp/demo-debug.apk
I/PackageManager(  831): Copying native libraries to /data/app-lib/vmdl-287933907
I/ActivityManager(  831): Process com.facebook.katana (pid 18959) has died.
I/ActivityManager(  831): Force stopping package com.netease.nim.demo appid=10190 user=-1
W/PackageManager(  831): Unknown permission android.permission.ADD_SYSTEM_SERVICE in package com.android.phone
W/PackageManager(  831): Unknown permission com.sonyericsson.permission.VOIPCALLLOG in package com.android.phone
W/PackageManager(  831): Unknown permission com.sonyericsson.illumination.permission.ILLUMINATION in package com.android.phone
W/PackageManager(  831): Unknown permission com.sonymobile.providers.landownerprovider.permission.READ in package com.android.phone
W/PackageManager(  831): Unknown permission com.google.android.gallery3d.permission.GALLERY_PROVIDER in package com.android.bluetooth
W/PackageManager(  831): Unknown permission com.android.gallery3d.permission.GALLERY_PROVIDER in package com.android.bluetooth
W/PackageManager(  831): Unknown permission com.sonyericsson.android.permission.FACERECOGNITION_SERVICE in package com.sonyericsson.android.camera3d
W/PackageManager(  831): Unknown permission com.android.launcher.permission.READ_SETTINGS in package com.android.settings
W/PackageManager(  831): Unknown permission com.android.launcher.permission.WRITE_SETTINGS in package com.android.settings
W/PackageManager(  831): Unknown permission com.sonyericsson.android.permission.FACERECOGNITION_SERVICE in package com.sonyericsson.android.camera
W/PackageManager(  831): Unknown permission com.sonymobile.permission.IMAGE_PROCESSOR in package com.sonyericsson.android.camera
W/PackageManager(  831): Unknown permission com.facebook.orca.provider.ACCESS in package com.facebook.katana
W/PackageManager(  831): Unknown permission com.sec.android.provider.badge.permission.READ in package com.facebook.katana
W/PackageManager(  831): Unknown permission com.sec.android.provider.badge.permission.WRITE in package com.facebook.katana
W/PackageManager(  831): Unknown permission com.htc.launcher.permission.UPDATE_SHORTCUT in package com.facebook.katana
W/PackageManager(  831): Unknown permission com.amazon.device.messaging.permission.RECEIVE in package com.facebook.katana
W/PackageManager(  831): Unknown permission com.android.launcher.permission.READ_SETTINGS in package com.facebook.katana
W/PackageManager(  831): Unknown permission com.sec.android.app.launcher.READ_SETTINGS in package com.facebook.katana
W/PackageManager(  831): Unknown permission com.sec.android.app.twlauncher.READ_SETTINGS in package com.facebook.katana
W/PackageManager(  831): Unknown permission com.htc.launcher.permission.READ_SETTINGS in package com.facebook.katana
W/PackageManager(  831): Unknown permission com.google.android.voicesearch.SHORTCUTS_ACCESS in package com.google.android.googlequicksearchbox
W/PackageManager(  831): Unknown permission com.android.browser.permission.PRELOAD in package com.google.android.googlequicksearchbox
W/PackageManager(  831): Unknown permission com.google.android.ears.permission.WRITE in package com.google.android.googlequicksearchbox
W/PackageManager(  831): Unknown permission com.google.android.apps.maps.permission.PREFETCH in package com.google.android.googlequicksearchbox
W/PackageManager(  831): Unknown permission com.google.android.apps.googlevoice.permission.AUTO_SEND in package com.google.android.googlequicksearchbox
W/PackageManager(  831): Unknown permission com.sonymobile.tasks.provider.permission.READ_TASKS in package com.android.exchange
W/PackageManager(  831): Unknown permission com.sonymobile.tasks.provider.permission.WRITE_TASKS in package com.android.exchange
W/PackageManager(  831): Not granting permission android.permission.INTERACT_ACROSS_USERS_FULL to package com.android.exchange (protectionLevel=2 flags=0x883e45)
W/PackageManager(  831): Unknown permission com.android.email.permission.WRITE_ATTACHMENT in package com.android.exchange
W/PackageManager(  831): Not granting permission com.sonymobile.permission.SMIME_KEYSTORE to package com.android.exchange (protectionLevel=2 flags=0x883e45)
W/PackageManager(  831): Unknown permission android.permission.ACCESS_LOCATION in package com.sonyericsson.android.servicemenu
W/PackageManager(  831): Unknown permission android.permission.ACCESS_GPS in package com.sonyericsson.android.servicemenu
W/PackageManager(  831): Unknown permission android.permission.ACCESS_WAKE_LOCK in package com.sonyericsson.android.servicemenu
W/PackageManager(  831): Unknown permission com.sonyericsson.servicemenu.permission.ACCESS_SERVICE_MENU in package com.sonyericsson.android.servicemenu
W/PackageManager(  831): Unknown permission com.sony.nfx.app.irremoteservice.permission.EXECUTE_SERVICE in package com.sonyericsson.android.servicemenu
W/PackageManager(  831): Unknown permission android.permission.FM_RADIO_RECEIVER in package com.sonyericsson.android.servicemenu
W/PackageManager(  831): Not granting permission com.sonyericsson.permission.INSTALL_APPLICATION to package com.sonyericsson.trackid (protectionLevel=2 flags=0x48be44)
W/PackageManager(  831): Unknown permission com.sonyericsson.permission.USERAGENT in package com.sonyericsson.trackid
W/PackageManager(  831): Unknown permission com.sonyericsson.permission.CUSTOMIZATION in package com.sonyericsson.trackid
W/PackageManager(  831): Unknown permission android.permission.WRITE_SYNC_STATS in package com.google.android.apps.docs
W/PackageManager(  831): Unknown permission com.sonyericsson.music.permission.MUSICSERVICE in package com.sonyericsson.extras.liveware
W/PackageManager(  831): Unknown permission com.android.launcher.permission.READ_SETTINGS in package com.google.android.onetimeinitializer
W/PackageManager(  831): Unknown permission com.android.launcher.permission.WRITE_SETTINGS in package com.google.android.onetimeinitializer
W/PackageManager(  831): Not granting permission android.permission.MOUNT_UNMOUNT_FILESYSTEMS to package org.mozilla.firefox (protectionLevel=18 flags=0x883e44)
W/PackageManager(  831): Not granting permission android.permission.READ_LOGS to package org.mozilla.firefox (protectionLevel=50 flags=0x883e44)
W/PackageManager(  831): Unknown permission com.sony.walkman.media.service.permission.ACCESS_TEMPORARY_PROVIDER in package com.sonyericsson.video
W/PackageManager(  831): Unknown permission com.sony.walkman.media.service.permission.ACCESS_DRM in package com.sonyericsson.video
W/PackageManager(  831): Not granting permission com.sonyericsson.android.permission.SOLS_VIDEO_ACCESS to package com.sonyericsson.video (protectionLevel=2 flags=0xc8be45)
W/PackageManager(  831): Unknown permission com.sonyericsson.illumination.permission.ILLUMINATION in package com.sonymobile.playanywhere
W/PackageManager(  831): Unknown permission com.sonyericsson.permission.HANDOVER_SERVICE in package com.sonymobile.playanywhere
W/PackageManager(  831): Unknown permission com.sonyericsson.permission.FMRADIO in package com.sonyericsson.dlna
W/PackageManager(  831): Unknown permission com.sonyericsson.permission.MUSIC in package com.sonyericsson.dlna
W/PackageManager(  831): Unknown permission com.sonyericsson.dtcpctrl.permission.DTCPCTRL_SERVICE in package com.sonyericsson.dlna
W/PackageManager(  831): Unknown permission com.google.android.gallery3d.permission.PICASA_STORE in package com.google.android.apps.plus
W/PackageManager(  831): Not granting permission android.permission.SEND_DOWNLOAD_COMPLETED_INTENTS to package com.android.vending (protectionLevel=2 flags=0x8abe45)
W/PackageManager(  831): Unknown permission android.permission.SEND_SMS_NO_CONFIRMATION in package com.android.vending
W/PackageManager(  831): Unknown permission com.sonyericsson.illumination.permission.ILLUMINATION in package com.sonyericsson.album
W/PackageManager(  831): Unknown permission com.sonymobile.permission.READ_CONTACT_FACE_META in package com.sonyericsson.album
W/PackageManager(  831): Unknown permission com.sonymobile.permission.WRITE_CONTACT_FACE_META in package com.sonyericsson.album
W/PackageManager(  831): Not granting permission android.permission.READ_DREAM_STATE to package com.google.android.gsf (protectionLevel=2 flags=0x883e45)
W/PackageManager(  831): Unknown permission com.sonyericsson.illumination.permission.ILLUMINATION in package com.sonyericsson.retaildemo
W/PackageManager(  831): Unknown permission com.huawei.authentication.HW_ACCESS_AUTH_SERVICE in package com.tencent.mm
W/PackageManager(  831): Unknown permission com.android.launcher.permission.READ_SETTINGS in package com.tencent.mm
W/PackageManager(  831): Unknown permission com.tencent.mm.location.permission.SEND_VIEW in package com.tencent.mm
W/PackageManager(  831): Unknown permission com.huawei.android.launcher.permission.CHANGE_BADGE in package com.tencent.mm
W/PackageManager(  831): Unknown permission android.permission.WRITE_APP_BADGE in package com.tencent.mm
W/PackageManager(  831): Unknown permission android.permission.BODY_SENSORS in package com.tencent.mm
W/PackageManager(  831): Unknown permission android.permission.USE_FINGERPRINT in package com.tencent.mm
W/PackageManager(  831): Unknown permission com.sony.walkman.database.media.permission.WRITE_MEDIA_METADATA in package com.sonyericsson.metadatacleanup
W/PackageManager(  831): Unknown permission com.sony.walkman.database.media.permission.ACCESS_DRM_METADATA in package com.sonyericsson.metadatacleanup
W/PackageManager(  831): Unknown permission com.sony.walkman.permission.ACCESS_MEDIA in package com.sonyericsson.metadatacleanup
W/PackageManager(  831): Unknown permission com.qualcomm.permission.USE_QCRIL_MSG_TUNNEL in package com.sonyericsson.rxdiversity
W/PackageManager(  831): Unknown permission com.timhoeck.android.eventghost.permission.SEND_EVENTS in package de.gavitec.semc
W/PackageManager(  831): Unknown permission com.sonyericsson.permission.CUSTOMIZATION in package com.sonyericsson.textinput.chinese
W/PackageManager(  831): Unknown permission com.android.vending.billing.IBillingAccountService.BIND2 in package com.google.android.gsf.login
W/PackageManager(  831): Unknown permission com.sonyericsson.permission.CONTACTS_PICK_CONVERSATIONS_TARGET in package com.sonyericsson.conversations
W/PackageManager(  831): Unknown permission com.sonyericsson.pws.permission.EMERGENCY_ALERTS in package com.sonyericsson.conversations
W/PackageManager(  831): Unknown permission com.sonyericsson.permission.ACCESS_PROTECTED_CONTACTS in package com.sonyericsson.conversations
W/PackageManager(  831): Unknown permission com.sonymobile.providers.landownerprovider.permission.READ in package com.sonyericsson.conversations
W/PackageManager(  831): Unknown permission com.sonyericsson.permission.MUSIC in package com.sonyericsson.music.wikipediaplugin
W/PackageManager(  831): Unknown permission com.sonyericsson.permission.CUSTOMIZATION in package com.sonyericsson.textinput.uxp
W/PackageManager(  831): Unknown permission FacebookProxy.Permission.PROXY_PERMISSION in package com.sonyericsson.textinput.uxp
W/PackageManager(  831): Unknown permission com.android.launcher.permission.READ_SETTINGS in package com.android.onetimeinitializer
W/PackageManager(  831): Unknown permission com.android.launcher.permission.WRITE_SETTINGS in package com.android.onetimeinitializer
W/PackageManager(  831): Unknown permission com.qualcomm.permission.USE_QCRIL_MSG_TUNNEL in package com.sonymobile.lteroaming
W/PackageManager(  831): Unknown permission android.permission.RECEIVE_USER_PRESENT in package com.btckan.app
W/PackageManager(  831): Not granting permission android.permission.MOUNT_UNMOUNT_FILESYSTEMS to package com.btckan.app (protectionLevel=18 flags=0x88be44)
W/PackageManager(  831): Not granting permission android.permission.ACCOUNT_MANAGER to package com.google.android.music (protectionLevel=2 flags=0x88be65)
W/PackageManager(  831): Unknown permission com.sonyericsson.permission.MUSIC in package com.sonyericsson.music
W/PackageManager(  831): Unknown permission com.sonyericsson.illumination.permission.ILLUMINATION in package com.sonyericsson.music
W/PackageManager(  831): Not granting permission android.permission.INTERACT_ACROSS_USERS_FULL to package com.android.email (protectionLevel=2 flags=0xcbbc45)
W/PackageManager(  831): Not granting permission com.sonymobile.permission.SMIME_KEYSTORE to package com.android.email (protectionLevel=2 flags=0xcbbc45)
W/PackageManager(  831): Not granting permission android.permission.MODIFY_PHONE_STATE to package com.wsandroid.suite (protectionLevel=18 flags=0x8be04)
W/PackageManager(  831): Not granting permission android.permission.READ_LOGS to package com.wsandroid.suite (protectionLevel=50 flags=0x8be04)
W/PackageManager(  831): Not granting permission android.permission.BROADCAST_SMS to package com.wsandroid.suite (protectionLevel=2 flags=0x8be04)
W/PackageManager(  831): Not granting permission android.permission.WRITE_SECURE_SETTINGS to package com.wsandroid.suite (protectionLevel=50 flags=0x8be04)
W/PackageManager(  831): Not granting permission android.permission.CONTROL_LOCATION_UPDATES to package com.wsandroid.suite (protectionLevel=18 flags=0x8be04)
W/PackageManager(  831): Unknown permission android.permission.ACCESS_COARSE_UPDATES in package com.wsandroid.suite
W/PackageManager(  831): Not granting permission android.permission.MOUNT_FORMAT_FILESYSTEMS to package com.wsandroid.suite (protectionLevel=18 flags=0x8be04)
W/PackageManager(  831): Not granting permission android.permission.MOUNT_UNMOUNT_FILESYSTEMS to package com.wsandroid.suite (protectionLevel=18 flags=0x8be04)
W/PackageManager(  831): Unknown permission android.permission.RAISED_THREAD_PRIORITY in package com.wsandroid.suite
W/PackageManager(  831): Not granting permission android.permission.DELETE_PACKAGES to package com.wsandroid.suite (protectionLevel=18 flags=0x8be04)
W/PackageManager(  831): Unknown permission com.amazon.device.messaging.permission.RECEIVE in package com.wsandroid.suite
W/PackageManager(  831): Unknown permission com.sonyericsson.illumination.permission.ILLUMINATION in package com.sonymobile.tvout.wifidisplay
W/PackageManager(  831): Unknown permission com.sonymobile.tvout.wifidisplay.permission.ACCESS_QC_SERVICE in package com.sonymobile.tvout.wifidisplay
W/PackageManager(  831): Not granting permission android.permission.READ_LOGS to package org.microemu.android.se.appello.lp.WisepilotSE (protectionLevel=50 flags=0x8be44)
W/PackageManager(  831): Unknown permission com.sonyericsson.permission.CUSTOMIZATION in package com.sonyericsson.android.pobox
W/PackageManager(  831): Unknown permission com.android.launcher.permission.PRELOAD_WORKSPACE in package com.google.android.partnersetup
W/PackageManager(  831): Not granting permission android.permission.DEVICE_POWER to package com.sonyericsson.android.socialphonebook (protectionLevel=2 flags=0xc8be45)
W/PackageManager(  831): Not granting permission android.permission.ACCESS_DRM to package com.sonyericsson.android.socialphonebook (protectionLevel=2 flags=0xc8be45)
W/PackageManager(  831): Unknown permission com.sonyericsson.permission.VOIPCALLLOG in package com.sonyericsson.android.socialphonebook
W/PackageManager(  831): Unknown permission com.sonyericsson.phone.CALL_SCREEN_SHORTCUT in package com.sonyericsson.android.socialphonebook
W/PackageManager(  831): Unknown permission com.android.email.permission.ACCESS_GAL_PROVIDER in package com.sonyericsson.android.socialphonebook
W/PackageManager(  831): Unknown permission com.sonyericsson.aab.READ_ICE_CONTACTS in package com.sonyericsson.android.socialphonebook
W/PackageManager(  831): Unknown permission com.sonymobile.providers.landownerprovider.permission.READ in package com.sonyericsson.android.socialphonebook
W/PackageManager(  831): Unknown permission com.google.android.providers.gmail.permission.READ_GMAIL in package com.mobisystems.office
W/PackageManager(  831): Unknown permission com.sonyericsson.illumination.permission.ILLUMINATION in package com.android.nfc
W/PackageManager(  831): Unknown permission com.sonyericsson.permission.MUSIC in package com.sonyericsson.music.googlelyricsplugin
W/PackageManager(  831): Unknown permission com.qualcomm.permission.ACCESS_LOCATION_API in package com.qualcomm.location
W/PackageManager(  831): Unknown permission com.vodafone.vodafone360updates.permission.SHOW_SETUP_WIZARD in package com.sonyericsson.setupwizard
W/PackageManager(  831): Unknown permission com.sonyericsson.timescape.permission.TIMESCAPE_SETTINGS in package com.sonyericsson.settings
W/PackageManager(  831): Unknown permission com.sonyericsson.eventstream.twitterplugin.AUTHENTICATION in package com.sonyericsson.eventstream.twitterpostviewer
W/PackageManager(  831): Unknown permission com.sonyericsson.illumination.permission.ILLUMINATION in package com.sonyericsson.organizer
W/PackageManager(  831): Unknown permission com.sonyericsson.permission.MUSIC in package com.sonyericsson.musicvisualizer
W/PackageManager(  831): Unknown permission com.sony.walkman.database.media.permission.ACCESS_DRM_METADATA in package com.sonyericsson.musicvisualizer
W/PackageManager(  831): Unknown permission andriod.permission.MANAGE_USB in package com.sonyericsson.usbux
W/PackageManager(  831): Unknown permission com.twitter.android.permission.AUTH_APP in package com.sonymobile.twitter.account
W/PackageManager(  831): Unknown permission com.sonyericsson.android.fota.permission.FOTA in package com.sonyericsson.debugmenu
W/PackageManager(  831): Not granting permission android.permission.CHANGE_CONFIGURATION to package com.netease.nim.demo (protectionLevel=50 flags=0x8be46)
I/ActivityManager(  831): Start proc com.sonymobile.cameracommon for broadcast com.sonymobile.cameracommon/.provider.AddOnInstallationListener: pid=19445 uid=10015 gids={50015, 1028}
I/ActivityManager(  831): Start proc com.sonyericsson.eventstream for broadcast com.sonyericsson.eventstream/.EventStreamReceiver: pid=19458 uid=10033 gids={50033, 3003, 1028}
I/ActivityManager(  831): Start proc com.google.android.gms for broadcast com.google.android.gms/.games.receiver.GamesSystemBroadcastReceiver: pid=19475 uid=10044 gids={50044, 3003, 2001, 1007, 3006, 1028, 1015}
I/ActivityManager(  831): Start proc com.google.android.partnersetup for broadcast com.google.android.partnersetup/.RlzPingBroadcastReceiver: pid=19495 uid=10050 gids={50050, 3003, 1028}
I/ActivityManager(  831): Start proc com.android.musicfx for broadcast com.android.musicfx/.Compatibility$Receiver: pid=19513 uid=10069 gids={50069, 3003, 3002, 1028}
I/ActivityManager(  831): Start proc com.svox.pico for broadcast com.svox.pico/.VoiceDataInstallerReceiver: pid=19541 uid=10089 gids={50089, 1015, 1028}
I/ActivityManager(  831): No longer want com.google.android.gsf.login (pid 19017): empty #17
D/BackupManagerService(  831): Received broadcast Intent { act=android.intent.action.PACKAGE_ADDED dat=package:com.netease.nim.demo flg=0x8000010 (has extras) }
V/BackupManagerService(  831): addPackageParticipantsLocked: #1
I/ActivityManager(  831): Start proc com.sonymobile.social.services for broadcast com.sonyericsson.facebook.proxylogin/.permissions.PackageChangedReceiver: pid=19586 uid=10034 gids={50034, 3003, 1028}
I/ActivityManager(  831): No longer want com.sonyericsson.android.bootinfo:remote (pid 19129): empty #17
I/ActivityManager(  831): Start proc com.sonyericsson.album for broadcast com.sonyericsson.album/.online.playmemories.UpdateReceiver: pid=19609 uid=10102 gids={50102, 3003, 1015, 1028}
I/ActivityManager(  831): No longer want com.sonyericsson.idd.agent (pid 19114): empty #17
I/ActivityManager(  831): No longer want com.android.chrome (pid 19086): empty #17
I/ActivityManager(  831): Start proc android.process.acore for broadcast com.android.providers.contacts/.PackageIntentReceiver: pid=19627 uid=10002 gids={50002, 1028}
I/ActivityManager(  831): No longer want com.google.android.apps.uploader (pid 19143): empty #17
I/ActivityManager(  831): No longer want com.sonyericsson.unplugchargerreminder (pid 19188): empty #17
I/ActivityManager(  831): Start proc com.google.android.googlequicksearchbox for broadcast com.google.android.googlequicksearchbox/com.google.android.apps.sidekick.GmmLocationProviderImpl$GmmPackageWatcher: pid=19645 uid=10148 gids={50148, 3003, 1028, 3002, 1015}
I/ActivityManager(  831): Start proc com.facebook.katana:dash for broadcast com.facebook.katana/com.facebook.dash.launchables_v1.receiver.LaunchablesReceiver: pid=19670 uid=10162 gids={50162, 1015, 3003, 1028}
I/ActivityManager(  831): Process com.sonyericsson.extras.liveware (pid 18943) has died.
I/ActivityManager(  831): Process com.android.calendar (pid 19269) has died.
I/ActivityManager(  831): START u0 {act=android.intent.action.MAIN cat=[android.intent.category.LAUNCHER] flg=0x10200000 cmp=com.netease.nim.demo/.main.activity.WelcomeActivity} from pid 4147
I/ActivityManager(  831): Start proc com.netease.nim.demo for activity com.netease.nim.demo/.main.activity.WelcomeActivity: pid=19698 uid=10190 gids={50190, 3002, 3001, 3003, 1028, 1015}
I/ActivityManager(  831): Start proc com.netease.nim.demo:core for service com.netease.nim.demo/com.netease.nimlib.service.NimService: pid=19716 uid=10190 gids={50190, 3002, 3001, 3003, 1028, 1015}
I/ActivityManager(  831): Start proc com.sonyericsson.extras.liveware for broadcast com.sonyericsson.extras.liveware/.aef.service.InstallEventReceiver: pid=19727 uid=10165 gids={50165, 3002, 3001, 3003, 1015, 1028}
I/ActivityManager(  831): Process com.sonymobile.cameracommon (pid 19445) has died.
I/ActivityManager(  831): Start proc com.facebook.katana for content provider com.facebook.katana/.provider.orca.FbSharedPreferencesContentProvider: pid=19754 uid=10162 gids={50162, 1015, 3003, 1028}
I/ActivityManager(  831): Start proc com.sonymobile.runtimeskinning.core for broadcast com.sonymobile.runtimeskinning.core/com.sonymobile.runtimeskinning.picker.install.PackageInstallReceiver: pid=19765 uid=10168 gids={50168, 3003, 1028}
W/ActivityManager(  831): Permission denied: checkComponentPermission() owningUid=10148
W/ActivityManager(  831): Permission denied: checkComponentPermission() owningUid=10148
I/ActivityManager(  831): Process com.android.providers.calendar (pid 19246) has died.
I/ActivityManager(  831): Start proc com.netease.nim.demo:cosine for service com.netease.nim.demo/com.netease.cosine.core.CosineService: pid=19787 uid=10190 gids={50190, 3002, 3001, 3003, 1028, 1015}
I/ActivityManager(  831): Process com.sonyericsson.eventstream (pid 19458) has died.
I/ActivityManager(  831): Process com.android.defcontainer (pid 19355) has died.
I/ActivityManager(  831): Process com.android.musicfx (pid 19513) has died.
I/ActivityManager(  831): Process com.svox.pico (pid 19541) has died.
I/ActivityManager(  831): Start proc com.google.android.gsf.login for service com.google.android.gms/.recovery.AccountRecoveryBackgroundService: pid=19806 uid=10044 gids={50044, 3003, 2001, 1007, 3006, 1028, 1015}
I/ActivityManager(  831): Start proc com.sonyericsson.android.addoncamera.artfilter for broadcast com.sonyericsson.android.addoncamera.artfilter/.addon.CameraAddonReceiver: pid=19832 uid=10003 gids={50003, 1015, 1023, 3003, 1028}
I/ActivityManager(  831): Start proc com.sonymobile.cameracommon for content provider com.sonymobile.cameracommon/.provider.CameraCommonProvider: pid=19849 uid=10015 gids={50015, 1028}
I/ActivityManager(  831): Process com.google.android.apps.plus (pid 19393) has died.
W/ActivityManager(  831): Permission denied: checkComponentPermission() owningUid=10148
W/ActivityManager(  831): Permission denied: checkComponentPermission() owningUid=10148
I/ActivityManager(  831): Start proc com.sonyericsson.android.camera3d for broadcast com.sonyericsson.android.camera3d/.addon.CameraAddonReceiver: pid=19864 uid=10104 gids={50104, 1015, 1023, 3003, 1028}
I/ActivityManager(  831): Process com.sonymobile.social.services (pid 19586) has died.
I/ActivityManager(  831): Start proc com.sonyericsson.android.camera for broadcast com.sonyericsson.android.camera/.addon.CameraAddonReceiver: pid=19878 uid=10105 gids={50105, 1015, 1023, 3003, 1028}
I/ActivityManager(  831): Process android.process.acore (pid 19627) has died.
W/ActivityManager(  831): Permission denied: checkComponentPermission() owningUid=10148
W/ActivityManager(  831): Permission denied: checkComponentPermission() owningUid=10148
W/ActivityManager(  831): Permission denied: checkComponentPermission() owningUid=10148
W/ActivityManager(  831): Permission denied: checkComponentPermission() owningUid=10148
W/ActivityManager(  831): Permission denied: checkComponentPermission() owningUid=10148
W/ActivityManager(  831): Permission denied: checkComponentPermission() owningUid=10148
I/ActivityManager(  831): Process com.sonyericsson.album (pid 19609) has died.
W/ActivityManager(  831): Unable to start service Intent { act=com.google.android.gms.analytics.service.START (has extras) } U=0: not found
I/ActivityManager(  831): Process com.facebook.katana:dash (pid 19670) has died.
I/ActivityManager(  831): START u0 {flg=0x24000000 cmp=com.netease.nim.demo/.login.LoginActivity (has extras)} from pid 19698
W/ActivityManager(  831): Unable to start service Intent { act=com.google.android.gms.analytics.service.START (has extras) } U=0: not found
I/ActivityManager(  831): Process com.sonyericsson.android.camera (pid 19878) has died.
I/ActivityManager(  831): Process com.sonyericsson.android.camera3d (pid 19864) has died.
I/ActivityManager(  831): Process com.sonyericsson.android.addoncamera.artfilter (pid 19832) has died.
I/ActivityManager(  831): Process com.google.android.partnersetup (pid 19495) has died.
I/ActivityManager(  831): Process com.sonymobile.runtimeskinning.core (pid 19765) has died.
W/ActivityManager(  831): Unable to start service Intent { act=com.google.android.gms.analytics.service.START (has extras) } U=0: not found
W/ActivityManager(  831): Unable to start service Intent { act=com.google.android.gms.analytics.service.START (has extras) } U=0: not found
I/ActivityManager(  831): Process com.netease.nim.demo:cosine (pid 19787) has died.
I/ActivityManager(  831): Start proc com.tencent.mm:tools for broadcast com.tencent.mm/.booter.MMReceivers$ToolsProcessReceiver: pid=19962 uid=10189 gids={50189, 3003, 1015, 3002, 3001, 1028}
I/ActivityManager(  831): Process com.sonymobile.cameracommon (pid 19849) has died.
E/ActivityThread(19962): Failed to find provider info for com.tencent.mm.coolassist.debugprovider
I/ActivityManager(  831): Process com.tencent.mm:tools (pid 19962) has died.
I/ActivityManager(  831): START u0 {flg=0x24000000 cmp=com.netease.nim.demo/.main.activity.MainActivity} from pid 19698
--------- beginning of /dev/log/main
I/ImageLoaderKit(19698): 3594/build avatar cache completed, avatar count =1
I/TransExec(19698): 3594/execute Transaction: [id: 20,  method: UserService/getAllUserInfo]
I/DataCacheManager(19698): 3594/build data cache completed
I/TransExec(19698): 3594/execute Transaction: [id: 21,  method: TeamService/queryTeamListBlock]
I/TransExec(19698): 3583/execute Transaction: [id: 22,  method: UserService/fetchUserInfo]
D/AppForegroundWatcher(19698): 3582/add AppForegroundObserver
I/InvocationMgr(19698): 3582/on notify: Transaction: [id: 23,  method: AuthServiceObserver/observeOnlineStatus]
I/ui      (19698): 1/activity: MainActivity onCreate()
V/core    (19698): 3592/handle packet: PacketHeader [SID 3 , CID 109 , SER 3 , RES 200 , TAG 2 , LEN 84]
E/SamService(19698): sam_cache_path:/storage/sdcard0/com.netease.nim.demo/nim/samchat/cache
E/SamService(19698): sam_download_path:/storage/sdcard0/com.netease.nim.demo/nim/samchat/download
V/core    (19716): 3586/received packetSize: 78, readableBytes: 74
I/core_packet(19716): 3586/received PacketHeader [SID 3 , CID 7 , SER 1000 , RES 200 , TAG 2 , LEN 77]
I/InvocationMgr(19698): 3592/on notify: Transaction: [id: 25,  method: UserServiceObserve/observeUserInfoUpdate]
I/SenderNickCache(19698): update self sender nick 1500012, cache size=1
I/DatabaseHelper(19698): onCreate
V/core    (19698): 3592/handle packet: PacketHeader [SID 8 , CID 109 , SER 3 , RES 200 , TAG 2 , LEN 160]
I/InvocationMgr(19698): 3592/on notify: Transaction: [id: 26,  method: TeamServiceObserver/observeTeamUpdate]
I/core_packet(19716): 3586/send PacketHeader [SID 5 , CID 2 , SER 1001 , RES 200 , TAG 0 , LEN 22]
V/core    (19698): 3592/handle packet: PacketHeader [SID 12 , CID 5 , SER 3 , RES 200 , TAG 2 , LEN 109]
V/core    (19716): 3586/received packetSize: 3599, readableBytes: 3595
I/core_packet(19716): 3586/received PacketHeader [SID 8 , CID 111 , SER 1001 , RES 200 , TAG 3 , LEN 3597]
V/core    (19716): 3586/received packetSize: 16, readableBytes: 12
I/core_packet(19716): 3586/received PacketHeader [SID 5 , CID 2 , SER 1001 , RES 200 , TAG 2 , LEN 15]
I/InvocationMgr(19698): 3592/on notify: Transaction: [id: 27,  method: FriendServiceObserve/observeFriendChangedNotify]
V/core    (19698): 3592/handle packet: PacketHeader [SID 12 , CID 6 , SER 3 , RES 200 , TAG 2 , LEN 102]
I/DatabaseHelper(19698): onCreate
I/InvocationMgr(19698): 3592/on notify: Transaction: [id: 28,  method: UserServiceObserve/observeUserInfoUpdate]
V/core    (19698): 3592/handle packet: PacketHeader [SID 4 , CID 9 , SER 3 , RES 200 , TAG 2 , LEN 8312]
I/DatabaseHelper(19698): onCreate
I/DatabaseHelper(19698): onCreate
D/dalvikvm(20078): Late-enabling CheckJNI
I/ActivityManager(  831): Start proc com.netease.nim.demo:pushservice for service com.netease.nim.demo/com.igexin.sdk.PushService: pid=20078 uid=10190 gids={50190, 3002, 3001, 3003, 1028, 1015}
I/MainActivity(19698): sync completed = false
I/ui      (19698): 1/NIM SDK cache path=/storage/sdcard0/com.netease.nim.demo/nim/
I/ui      (19698): 1/fragment: HomeFragment onActivityCreated()
D/dalvikvm(20078): Trying to load lib /data/app-lib/com.netease.nim.demo-1/libgetuiext2.so 0x41838b88
D/dalvikvm(20078): Added shared lib /data/app-lib/com.netease.nim.demo-1/libgetuiext2.so 0x41838b88
D/dalvikvm(20078): No JNI_OnLoad found in /data/app-lib/com.netease.nim.demo-1/libgetuiext2.so 0x41838b88, skipping init
I/dalvikvm(20078): Could not find method android.app.AlarmManager.setExact, referenced from method com.igexin.a.a.d.e.a
W/dalvikvm(20078): VFY: unable to resolve virtual method 119: Landroid/app/AlarmManager;.setExact (IJLandroid/app/PendingIntent;)V
D/dalvikvm(20078): VFY: replacing opcode 0x6e at 0x0054
I/dalvikvm(20078): Could not find method android.app.AlarmManager.setExact, referenced from method com.igexin.a.a.d.e.b
W/dalvikvm(20078): VFY: unable to resolve virtual method 119: Landroid/app/AlarmManager;.setExact (IJLandroid/app/PendingIntent;)V
D/dalvikvm(20078): VFY: replacing opcode 0x6e at 0x004c
I/TransExec(19698): 1/execute Transaction: [id: 31,  method: SystemMessageService/querySystemMessageUnreadCountBlock]
I/TransExec(19698): 3583/execute Transaction: [id: 32,  method: MsgService/setChattingAccount]
I/Choreographer(19698): Skipped 123 frames!  The application may be doing too much work on its main thread.
I/ui      (19698): 1/fragment: SamchatRequestListFragment onActivityCreated()
I/ui      (19698): 1/fragment: SamchatPublicListFragment onActivityCreated()
W/FragmentManager(19698): moveToState: Fragment state for SamchatPublicListFragment{41d105c0 #2 id=0x7f0d0100 android:switcher:2131558656:1} not updated inline; expected state 3 found 2
I/ui      (19698): 1/fragment: SamchatChatListFragment onActivityCreated()
W/FragmentManager(19698): moveToState: Fragment state for SamchatChatListFragment{41d106d0 #3 id=0x7f0d0100 android:switcher:2131558656:2} not updated inline; expected state 3 found 2
I/ui      (19698): 1/fragment: SamchatContactListFragment onActivityCreated()
W/FragmentManager(19698): moveToState: Fragment state for SamchatContactListFragment{41d10e78 #4 id=0x7f0d0100 android:switcher:2131558656:3} not updated inline; expected state 3 found 2
W/FragmentManager(19698): moveToState: Fragment state for SamchatSettingListFragment{41d10f88 #5 id=0x7f0d0100 android:switcher:2131558656:4} not updated inline; expected state 3 found 2
I/ui      (19698): 1/fragment: SamchatSettingListFragment onActivityCreated()
I/ui      (19698): 1/fragment: SamchatRequestFragment onActivityCreated()
E/test    (19698): 1/getCount is 0
E/test    (19698): 1/getCount is 0
I/ui      (19698): 1/fragment: ContactsFragment onActivityCreated()
I/CONTACT (19698): 1/contact load data
I/CONTACT (19698): 3588/contact provide data size =0
D/ALSADevice(  311): standby: handle 0xb89fed40 h 0x0
V/ALSADevice(  311): standby handle h 0xb8a4e478
D/dalvikvm(19698): GC_FOR_ALLOC freed 4747K, 35% free 11711K/17760K, paused 21ms, total 21ms
D/alsa_ucm(  311): snd_use_case_set(): uc_mgr 0xb89a5258 identifier _verb value Inactive
D/alsa_ucm(  311): Set mixer controls for HiFi Lowlatency enable 0
D/alsa_ucm(  311): Setting mixer control: SLIMBUS_0_RX Audio Mixer MultiMedia5, value: 0
V/ALSADevice(  311): Number of modifiers 0
V/ALSADevice(  311): usecase_type is 0
D/alsa_ucm(  311): snd_use_case_set(): uc_mgr 0xb89a5258 identifier _disdev value xLoud Speaker
D/alsa_ucm(  311): Set mixer controls for xLoud Speaker enable 0
D/alsa_ucm(  311): Setting mixer control: RX3 MIX1 INP1, value: ZERO
