W/ActivityManager(  831): Permission denied: checkComponentPermission() owningUid=10148
W/ActivityManager(  831): Permission denied: checkComponentPermission() owningUid=10148
W/ActivityManager(  831): Permission denied: checkComponentPermission() owningUid=10148
W/ActivityManager(  831): Permission denied: checkComponentPermission() owningUid=10148
W/ActivityManager(  831): Permission denied: checkComponentPermission() owningUid=10148
W/ActivityManager(  831): Permission denied: checkComponentPermission() owningUid=10148
D/CameraAddonReceiver(21357): onReceive() intent:Intent { act=com.sonymobile.camera.addon.action.REQUEST_REGISTER flg=0x30 cmp=com.sonyericsson.android.addoncamera.artfilter/.addon.CameraAddonReceiver }
W/ActivityManager(  831): Permission denied: checkComponentPermission() owningUid=10148
W/ActivityManager(  831): Permission denied: checkComponentPermission() owningUid=10148
I/ActivityManager(  831): Start proc com.sonyericsson.android.camera3d for broadcast com.sonyericsson.android.camera3d/.addon.CameraAddonReceiver: pid=21375 uid=10104 gids={50104, 1015, 1023, 3003, 1028}
I/ActivityManager(  831): No longer want com.google.android.videos (pid 21145): empty #17
I/ActivityManager(  831): No longer want com.sonymobile.socialengine.plugins (pid 21121): empty #18
D/CameraAddonReceiver(21375): onReceive() intent:Intent { act=com.sonymobile.camera.addon.action.REQUEST_REGISTER flg=0x30 cmp=com.sonyericsson.android.camera3d/.addon.CameraAddonReceiver }
I/ActivityManager(  831): Start proc com.sonyericsson.android.camera for broadcast com.sonyericsson.android.camera/.addon.CameraAddonReceiver: pid=21389 uid=10105 gids={50105, 1015, 1023, 3003, 1028}
I/ActivityManager(  831): No longer want com.google.android.youtube (pid 21182): empty #17
D/CameraAddonReceiver(21389): onReceive() intent:Intent { act=com.sonymobile.camera.addon.action.REQUEST_REGISTER flg=0x30 cmp=com.sonyericsson.android.camera/.addon.CameraAddonReceiver }
I/ActivityManager(  831): No longer want com.google.android.gsf.login (pid 20781): empty #17
D/Diag_Lib(  745): [IMS_DEBUG]| 1035 | 749 |qpNetSelect : Select Unblocked , iRtn 0, errno 0, errno [Success]
E/Diag_Lib(  745): [IMS_FATAL]| 251 | 749 |qvp_rtp_handle_signals iRet : 0
E/Diag_Lib(  745): [IMS_FATAL]| 238 | 749 |qvp_rtp_handle_signals qpDplMainLoop: Calling imsSignalHandler
D/Diag_Lib(  745): [IMS_DEBUG]| 144 | 749 |qpDpl:imsSignalHandler
E/Diag_Lib(  745): [IMS_FATAL]| 155 | 749 |qpdpl:imsSignalHandler: GLobal data NULL or Event list size is 0
E/Diag_Lib(  745): [IMS_FATAL]| 243 | 749 |qvp_rtp_handle_signals add read fd : 8
W/qdhwcomposer(  308): Excessive delay reading vsync: took 783 ms
I/dalvikvm(21012): Total arena pages for JIT: 11
I/dalvikvm(21012): Total arena pages for JIT: 12
I/dalvikvm(21012): Total arena pages for JIT: 13
D/service (19716): 1/onStartCommand from#4 flags#0 startId#3
D/service (19716): 1/start repeating alarm
D/service (19716): 1/start keep alive alarm
D/Finsky  (21012): [1] 5.onFinished: Installation state replication succeeded.
W/qdhwcomposer(  308): Excessive delay reading vsync: took 1966 ms
W/qdhwcomposer(  308): Excessive delay reading vsync: took 833 ms
D/Diag_Lib(  745): [IMS_DEBUG]| 1035 | 749 |qpNetSelect : Select Unblocked , iRtn 0, errno 0, errno [Success]
E/Diag_Lib(  745): [IMS_FATAL]| 251 | 749 |qvp_rtp_handle_signals iRet : 0
E/Diag_Lib(  745): [IMS_FATAL]| 238 | 749 |qvp_rtp_handle_signals qpDplMainLoop: Calling imsSignalHandler
D/Diag_Lib(  745): [IMS_DEBUG]| 144 | 749 |qpDpl:imsSignalHandler
E/Diag_Lib(  745): [IMS_FATAL]| 155 | 749 |qpdpl:imsSignalHandler: GLobal data NULL or Event list size is 0
E/Diag_Lib(  745): [IMS_FATAL]| 243 | 749 |qvp_rtp_handle_signals add read fd : 8
W/qdhwcomposer(  308): Excessive delay reading vsync: took 850 ms
W/qdhwcomposer(  308): Excessive delay reading vsync: took 49 ms
V/DeadZone( 1019): consuming errant click: (95.0,10.0)
D/dalvikvm(  831): GC_EXPLICIT freed 1912K, 35% free 24056K/36832K, paused 4ms+10ms, total 121ms
D/ALSADevice(  311): route: devices 0x2 in mode 0
V/ALSADevice(  311): switchDevice: device 0x2 mode:0
V/ALSADevice(  311): nonCallOutputRouting: 0x2, mDevSettingsFlag=0x00012012
V/ALSADevice(  311): Routing to rx=xLoud Speaker
V/ALSADevice(  311): nonCallInputRouting: 0, mDevSettingsFlag=0x00012012
V/ALSADevice(  311): Routing to tx=none
V/ALSADevice(  311): switchDevice,rxDev:xLoud Speaker, txDev:(null), curRxDev:xLoud Speaker, curTxDev:None
D/alsa_ucm(  311): snd_use_case_set(): uc_mgr 0xb89a5258 identifier _enadev value xLoud Speaker
D/ALSADevice(  311): switchDevice: mCurTxUCMDevivce None mCurRxDevDevice xLoud Speaker
D/alsa_ucm(  311): snd_use_case_set(): uc_mgr 0xb89a5258 identifier _verb value HiFi Lowlatency
D/alsa_ucm(  311): Set mixer controls for xLoud Speaker enable 1
D/alsa_ucm(  311): acdb_id 520 cap 1 enable 1
D/ACDB-LOADER(  311): ACDB -> send_audio_cal, acdb_id = 520, path =  0
D/ACDB-LOADER(  311): ACDB -> send_adm_topology
D/ACDB-LOADER(  311): ACDB -> ACDB_CMD_GET_AUDPROC_COMMON_TOPOLOGY_ID
D/ACDB-LOADER(  311): ACDB -> send_audtable
D/ACDB-LOADER(  311): ACDB -> ACDB_CMD_GET_AUDPROC_COMMON_TABLE
D/ACDB-LOADER(  311): ACDB -> AUDIO_SET_AUDPROC_CAL
D/ACDB-LOADER(  311): ACDB -> send_audvoltable
D/ACDB-LOADER(  311): ACDB -> ACDB_CMD_GET_AUDPROC_GAIN_DEP_VOLTBL_STEP_COPP
D/ACDB-LOADER(  311): ACDB -> AUDIO_SET_AUDPROC_VOL_CAL
D/ACDB-LOADER(  311): ACDB -> AUDIO_SET_AFE_CAL
D/alsa_ucm(  311): Setting mixer control: SLIM_0_RX Channels, value: Two
D/alsa_ucm(  311): Setting mixer control: RX3 MIX1 INP1, value: RX1
D/alsa_ucm(  311): Setting mixer control: RX3 MIX1 INP2, value: RX2
D/alsa_ucm(  311): Setting mixer control: LINEOUT1 Volume, value: 100
D/alsa_ucm(  311): Setting mixer control: RX3 Digital Volume, value: 68
D/alsa_ucm(  311): Set mixer controls for HiFi Lowlatency enable 1
D/alsa_ucm(  311): Setting mixer control: SLIMBUS_0_RX Audio Mixer MultiMedia5, value: 1
D/ALSADevice(  311): close: handle 0xb89fed40 h 0x0
D/ALSADevice(  311): open: handle 0xb89fed40, format 0x2
V/ALSADevice(  311): Music case
D/ALSADevice(  311): Device value returned is hw:0,14
V/ALSADevice(  311): flags 0, devName hw:0,14
V/ALSADevice(  311): pcm_open returned fd 40
D/ALSADevice(  311): handle->format: 0x2
D/ALSADevice(  311): setHardwareParams: reqBuffSize 1024 channels 2 sampleRate 48000
D/ALSADevice(  311): setHardwareParams: buffer_size 2048, period_size 1024, period_cnt 2
W/qdhwcomposer(  308): Excessive delay reading vsync: took 49 ms
I/ActivityManager(  831): START u0 {act=android.intent.action.MAIN cat=[android.intent.category.LAUNCHER] flg=0x10200000 cmp=com.netease.nim.demo/.main.activity.WelcomeActivity} from pid 4147
I/core    (19716): 3587/app on foreground
D/AppForegroundWatcher(19698): 1/app on foreground
I/TransExec(19698): 3583/execute Transaction: [id: 83,  method: MsgService/setChattingAccount]
W/qdhwcomposer(  308): Excessive delay reading vsync: took 800 ms
W/qdhwcomposer(  308): Excessive delay reading vsync: took 700 ms
W/qdhwcomposer(  308): Excessive delay reading vsync: took 83 ms
I/TransExec(19698): 3583/execute Transaction: [id: 84,  method: MsgService/setChattingAccount]
I/ActivityManager(  831): START u0 {act=android.intent.action.MAIN cat=[android.intent.category.HOME] flg=0x10200000 cmp=com.sonyericsson.home/com.sonymobile.home.HomeActivity} from pid 831
D/CustomizationProcess( 4147): dismissCustomizationDialog:true
D/dalvikvm(19698): GC_CONCURRENT freed 8363K, 60% free 7252K/17696K, paused 1ms+17ms, total 104ms
D/Diag_Lib(  745): [IMS_DEBUG]| 1035 | 749 |qpNetSelect : Select Unblocked , iRtn 0, errno 0, errno [Success]
E/Diag_Lib(  745): [IMS_FATAL]| 251 | 749 |qvp_rtp_handle_signals iRet : 0
E/Diag_Lib(  745): [IMS_FATAL]| 238 | 749 |qvp_rtp_handle_signals qpDplMainLoop: Calling imsSignalHandler
D/Diag_Lib(  745): [IMS_DEBUG]| 144 | 749 |qpDpl:imsSignalHandler
E/Diag_Lib(  745): [IMS_FATAL]| 155 | 749 |qpdpl:imsSignalHandler: GLobal data NULL or Event list size is 0
E/Diag_Lib(  745): [IMS_FATAL]| 243 | 749 |qvp_rtp_handle_signals add read fd : 8
D/AppForegroundWatcher(19698): 1/app in background
I/core    (19716): 3587/app in background
D/service (19716): 1/onStartCommand from#4 flags#0 startId#4
D/service (19716): 1/start repeating alarm
I/core_packet(19716): 3586/send PacketHeader [SID 1 , CID 2 , SER 0 , RES 200 , TAG 0 , LEN 5]
D/service (19716): 1/start keep alive alarm
V/core    (19716): 3586/received packetSize: 8, readableBytes: 4
V/core    (19698): 3592/handle packet: PacketHeader [SID 1 , CID 2 , SER 0 , RES 200 , TAG 2 , LEN 7]
I/core_packet(19716): 3586/received PacketHeader [SID 1 , CID 2 , SER 0 , RES 200 , TAG 2 , LEN 7]
D/dalvikvm( 4147): GC_FOR_ALLOC freed 1280K, 23% free 13587K/17588K, paused 21ms, total 22ms
I/dalvikvm-heap( 4147): Grow heap (frag case) to 16.062MB for 608896-byte allocation
D/dalvikvm( 4147): GC_FOR_ALLOC freed 918K, 26% free 13594K/18184K, paused 21ms, total 21ms
W/qdhwcomposer(  308): Excessive delay reading vsync: took 650 ms
W/qdhwcomposer(  308): Excessive delay reading vsync: took 116 ms
D/Diag_Lib(  745): [IMS_DEBUG]| 1035 | 749 |qpNetSelect : Select Unblocked , iRtn 0, errno 0, errno [Success]
E/Diag_Lib(  745): [IMS_FATAL]| 251 | 749 |qvp_rtp_handle_signals iRet : 0
E/Diag_Lib(  745): [IMS_FATAL]| 238 | 749 |qvp_rtp_handle_signals qpDplMainLoop: Calling imsSignalHandler
D/Diag_Lib(  745): [IMS_DEBUG]| 144 | 749 |qpDpl:imsSignalHandler
E/Diag_Lib(  745): [IMS_FATAL]| 155 | 749 |qpdpl:imsSignalHandler: GLobal data NULL or Event list size is 0
E/Diag_Lib(  745): [IMS_FATAL]| 243 | 749 |qvp_rtp_handle_signals add read fd : 8
W/qdhwcomposer(  308): Excessive delay reading vsync: took 301 ms
I/ActivityManager(  831): Force stopping package com.netease.nim.demo appid=10190 user=-1
I/ActivityManager(  831): Killing proc 19716:com.netease.nim.demo:core/u0a10190: force stop com.netease.nim.demo
W/ActivityManager(  831): Scheduling restart of crashed service com.netease.nim.demo/com.netease.nimlib.service.NimService in 5000ms
W/ActivityManager(  831): Scheduling restart of crashed service com.netease.nim.demo/com.netease.nimlib.service.NimService$Aux in 15000ms
I/ActivityManager(  831): Killing proc 19698:com.netease.nim.demo/u0a10190: force stop com.netease.nim.demo
W/ActivityManager(  831): Scheduling restart of crashed service com.netease.nim.demo/com.igexin.sdk.PushServiceUser in 14993ms
I/ActivityManager(  831): Killing proc 20078:com.netease.nim.demo:pushservice/u0a10190: force stop com.netease.nim.demo
W/ActivityManager(  831): Scheduling restart of crashed service com.netease.nim.demo/com.igexin.sdk.PushService in 14992ms
I/ActivityManager(  831):   Force finishing activity ActivityRecord{41af5800 u0 com.netease.nim.demo/.main.activity.MainActivity}
I/ActivityManager(  831):   Force stopping service ServiceRecord{4298e370 u0 com.netease.nim.demo/com.igexin.sdk.PushService}
I/ActivityManager(  831):   Force stopping service ServiceRecord{42f60168 u0 com.netease.nim.demo/com.netease.nimlib.service.NimService}
W/InputMethodManagerService(  831): Window already focused, ignoring focus gain of: com.android.internal.view.IInputMethodClient$Stub$Proxy@41915ad0 attribute=null, token = android.os.BinderProxy@41927f70
W/PackageManager(  831): Couldn't delete native library directory /data/app-lib/com.netease.nim.demo
I/PackageManager(  831): Removing old permission: getui.permission.GetuiService.com.netease.nim.demo from package com.netease.nim.demo
I/PackageManager(  831): Removing old permission: com.netease.nim.demo.permission.RECEIVE_MSG from package com.netease.nim.demo
W/PackageManager(  831): Unknown permission android.permission.ADD_SYSTEM_SERVICE in package com.android.phone
W/PackageManager(  831): Unknown permission com.sonyericsson.permission.VOIPCALLLOG in package com.android.phone
W/PackageManager(  831): Unknown permission com.sonyericsson.illumination.permission.ILLUMINATION in package com.android.phone
W/PackageManager(  831): Unknown permission com.sonymobile.providers.landownerprovider.permission.READ in package com.android.phone
W/PackageManager(  831): Unknown permission com.google.android.gallery3d.permission.GALLERY_PROVIDER in package com.android.bluetooth
W/PackageManager(  831): Unknown permission com.android.gallery3d.permission.GALLERY_PROVIDER in package com.android.bluetooth
W/PackageManager(  831): Unknown permission com.sonyericsson.android.permission.FACERECOGNITION_SERVICE in package com.sonyericsson.android.camera3d
W/PackageManager(  831): Unknown permission com.android.launcher.permission.READ_SETTINGS in package com.android.settings
W/PackageManager(  831): Unknown permission com.android.launcher.permission.WRITE_SETTINGS in package com.android.settings
W/PackageManager(  831): Unknown permission com.sonyericsson.android.permission.FACERECOGNITION_SERVICE in package com.sonyericsson.android.camera
W/PackageManager(  831): Unknown permission com.sonymobile.permission.IMAGE_PROCESSOR in package com.sonyericsson.android.camera
W/PackageManager(  831): Unknown permission com.facebook.orca.provider.ACCESS in package com.facebook.katana
W/PackageManager(  831): Unknown permission com.sec.android.provider.badge.permission.READ in package com.facebook.katana
W/PackageManager(  831): Unknown permission com.sec.android.provider.badge.permission.WRITE in package com.facebook.katana
W/PackageManager(  831): Unknown permission com.htc.launcher.permission.UPDATE_SHORTCUT in package com.facebook.katana
W/PackageManager(  831): Unknown permission com.amazon.device.messaging.permission.RECEIVE in package com.facebook.katana
W/PackageManager(  831): Unknown permission com.android.launcher.permission.READ_SETTINGS in package com.facebook.katana
W/PackageManager(  831): Unknown permission com.sec.android.app.launcher.READ_SETTINGS in package com.facebook.katana
W/PackageManager(  831): Unknown permission com.sec.android.app.twlauncher.READ_SETTINGS in package com.facebook.katana
W/PackageManager(  831): Unknown permission com.htc.launcher.permission.READ_SETTINGS in package com.facebook.katana
W/PackageManager(  831): Unknown permission com.google.android.voicesearch.SHORTCUTS_ACCESS in package com.google.android.googlequicksearchbox
W/PackageManager(  831): Unknown permission com.android.browser.permission.PRELOAD in package com.google.android.googlequicksearchbox
W/PackageManager(  831): Unknown permission com.google.android.ears.permission.WRITE in package com.google.android.googlequicksearchbox
W/PackageManager(  831): Unknown permission com.google.android.apps.maps.permission.PREFETCH in package com.google.android.googlequicksearchbox
W/PackageManager(  831): Unknown permission com.google.android.apps.googlevoice.permission.AUTO_SEND in package com.google.android.googlequicksearchbox
W/PackageManager(  831): Unknown permission com.sonymobile.tasks.provider.permission.READ_TASKS in package com.android.exchange
W/PackageManager(  831): Unknown permission com.sonymobile.tasks.provider.permission.WRITE_TASKS in package com.android.exchange
W/PackageManager(  831): Not granting permission android.permission.INTERACT_ACROSS_USERS_FULL to package com.android.exchange (protectionLevel=2 flags=0x883e45)
W/PackageManager(  831): Unknown permission com.android.email.permission.WRITE_ATTACHMENT in package com.android.exchange
W/PackageManager(  831): Not granting permission com.sonymobile.permission.SMIME_KEYSTORE to package com.android.exchange (protectionLevel=2 flags=0x883e45)
W/PackageManager(  831): Unknown permission android.permission.ACCESS_LOCATION in package com.sonyericsson.android.servicemenu
W/PackageManager(  831): Unknown permission android.permission.ACCESS_GPS in package com.sonyericsson.android.servicemenu
W/PackageManager(  831): Unknown permission android.permission.ACCESS_WAKE_LOCK in package com.sonyericsson.android.servicemenu
W/PackageManager(  831): Unknown permission com.sonyericsson.servicemenu.permission.ACCESS_SERVICE_MENU in package com.sonyericsson.android.servicemenu
W/PackageManager(  831): Unknown permission com.sony.nfx.app.irremoteservice.permission.EXECUTE_SERVICE in package com.sonyericsson.android.servicemenu
W/PackageManager(  831): Unknown permission android.permission.FM_RADIO_RECEIVER in package com.sonyericsson.android.servicemenu
W/PackageManager(  831): Not granting permission com.sonyericsson.permission.INSTALL_APPLICATION to package com.sonyericsson.trackid (protectionLevel=2 flags=0x48be44)
W/PackageManager(  831): Unknown permission com.sonyericsson.permission.USERAGENT in package com.sonyericsson.trackid
W/PackageManager(  831): Unknown permission com.sonyericsson.permission.CUSTOMIZATION in package com.sonyericsson.trackid
W/PackageManager(  831): Unknown permission android.permission.WRITE_SYNC_STATS in package com.google.android.apps.docs
W/PackageManager(  831): Unknown permission com.sonyericsson.music.permission.MUSICSERVICE in package com.sonyericsson.extras.liveware
W/PackageManager(  831): Unknown permission com.android.launcher.permission.READ_SETTINGS in package com.google.android.onetimeinitializer
W/PackageManager(  831): Unknown permission com.android.launcher.permission.WRITE_SETTINGS in package com.google.android.onetimeinitializer
W/PackageManager(  831): Not granting permission android.permission.MOUNT_UNMOUNT_FILESYSTEMS to package org.mozilla.firefox (protectionLevel=18 flags=0x883e44)
W/PackageManager(  831): Not granting permission android.permission.READ_LOGS to package org.mozilla.firefox (protectionLevel=50 flags=0x883e44)
W/PackageManager(  831): Unknown permission com.sony.walkman.media.service.permission.ACCESS_TEMPORARY_PROVIDER in package com.sonyericsson.video
W/PackageManager(  831): Unknown permission com.sony.walkman.media.service.permission.ACCESS_DRM in package com.sonyericsson.video
W/PackageManager(  831): Not granting permission com.sonyericsson.android.permission.SOLS_VIDEO_ACCESS to package com.sonyericsson.video (protectionLevel=2 flags=0xc8be45)
W/PackageManager(  831): Unknown permission com.sonyericsson.illumination.permission.ILLUMINATION in package com.sonymobile.playanywhere
W/PackageManager(  831): Unknown permission com.sonyericsson.permission.HANDOVER_SERVICE in package com.sonymobile.playanywhere
W/PackageManager(  831): Unknown permission com.sonyericsson.permission.FMRADIO in package com.sonyericsson.dlna
W/PackageManager(  831): Unknown permission com.sonyericsson.permission.MUSIC in package com.sonyericsson.dlna
W/PackageManager(  831): Unknown permission com.sonyericsson.dtcpctrl.permission.DTCPCTRL_SERVICE in package com.sonyericsson.dlna
W/PackageManager(  831): Unknown permission com.google.android.gallery3d.permission.PICASA_STORE in package com.google.android.apps.plus
W/PackageManager(  831): Not granting permission android.permission.SEND_DOWNLOAD_COMPLETED_INTENTS to package com.android.vending (protectionLevel=2 flags=0x8abe45)
W/PackageManager(  831): Unknown permission android.permission.SEND_SMS_NO_CONFIRMATION in package com.android.vending
W/PackageManager(  831): Unknown permission com.sonyericsson.illumination.permission.ILLUMINATION in package com.sonyericsson.album
W/PackageManager(  831): Unknown permission com.sonymobile.permission.READ_CONTACT_FACE_META in package com.sonyericsson.album
W/PackageManager(  831): Unknown permission com.sonymobile.permission.WRITE_CONTACT_FACE_META in package com.sonyericsson.album
W/PackageManager(  831): Not granting permission android.permission.READ_DREAM_STATE to package com.google.android.gsf (protectionLevel=2 flags=0x883e45)
W/PackageManager(  831): Unknown permission com.sonyericsson.illumination.permission.ILLUMINATION in package com.sonyericsson.retaildemo
W/PackageManager(  831): Unknown permission com.sony.walkman.database.media.permission.WRITE_MEDIA_METADATA in package com.sonyericsson.metadatacleanup
W/PackageManager(  831): Unknown permission com.sony.walkman.database.media.permission.ACCESS_DRM_METADATA in package com.sonyericsson.metadatacleanup
W/PackageManager(  831): Unknown permission com.sony.walkman.permission.ACCESS_MEDIA in package com.sonyericsson.metadatacleanup
W/PackageManager(  831): Unknown permission com.qualcomm.permission.USE_QCRIL_MSG_TUNNEL in package com.sonyericsson.rxdiversity
W/PackageManager(  831): Unknown permission com.timhoeck.android.eventghost.permission.SEND_EVENTS in package de.gavitec.semc
W/PackageManager(  831): Unknown permission com.sonyericsson.permission.CUSTOMIZATION in package com.sonyericsson.textinput.chinese
W/PackageManager(  831): Unknown permission com.android.vending.billing.IBillingAccountService.BIND2 in package com.google.android.gsf.login
W/PackageManager(  831): Unknown permission com.sonyericsson.permission.CONTACTS_PICK_CONVERSATIONS_TARGET in package com.sonyericsson.conversations
W/PackageManager(  831): Unknown permission com.sonyericsson.pws.permission.EMERGENCY_ALERTS in package com.sonyericsson.conversations
W/PackageManager(  831): Unknown permission com.sonyericsson.permission.ACCESS_PROTECTED_CONTACTS in package com.sonyericsson.conversations
W/PackageManager(  831): Unknown permission com.sonymobile.providers.landownerprovider.permission.READ in package com.sonyericsson.conversations
W/PackageManager(  831): Unknown permission com.sonyericsson.permission.MUSIC in package com.sonyericsson.music.wikipediaplugin
W/PackageManager(  831): Unknown permission com.sonyericsson.permission.CUSTOMIZATION in package com.sonyericsson.textinput.uxp
W/PackageManager(  831): Unknown permission FacebookProxy.Permission.PROXY_PERMISSION in package com.sonyericsson.textinput.uxp
W/PackageManager(  831): Unknown permission com.android.launcher.permission.READ_SETTINGS in package com.android.onetimeinitializer
W/PackageManager(  831): Unknown permission com.android.launcher.permission.WRITE_SETTINGS in package com.android.onetimeinitializer
W/PackageManager(  831): Unknown permission com.qualcomm.permission.USE_QCRIL_MSG_TUNNEL in package com.sonymobile.lteroaming
W/PackageManager(  831): Unknown permission android.permission.RECEIVE_USER_PRESENT in package com.btckan.app
W/PackageManager(  831): Not granting permission android.permission.MOUNT_UNMOUNT_FILESYSTEMS to package com.btckan.app (protectionLevel=18 flags=0x88be44)
W/PackageManager(  831): Not granting permission android.permission.ACCOUNT_MANAGER to package com.google.android.music (protectionLevel=2 flags=0x88be65)
W/PackageManager(  831): Unknown permission com.sonyericsson.permission.MUSIC in package com.sonyericsson.music
W/PackageManager(  831): Unknown permission com.sonyericsson.illumination.permission.ILLUMINATION in package com.sonyericsson.music
W/PackageManager(  831): Not granting permission android.permission.INTERACT_ACROSS_USERS_FULL to package com.android.email (protectionLevel=2 flags=0xcbbc45)
W/PackageManager(  831): Not granting permission com.sonymobile.permission.SMIME_KEYSTORE to package com.android.email (protectionLevel=2 flags=0xcbbc45)
W/PackageManager(  831): Not granting permission android.permission.MODIFY_PHONE_STATE to package com.wsandroid.suite (protectionLevel=18 flags=0x8be04)
W/PackageManager(  831): Not granting permission android.permission.READ_LOGS to package com.wsandroid.suite (protectionLevel=50 flags=0x8be04)
W/PackageManager(  831): Not granting permission android.permission.BROADCAST_SMS to package com.wsandroid.suite (protectionLevel=2 flags=0x8be04)
W/PackageManager(  831): Not granting permission android.permission.WRITE_SECURE_SETTINGS to package com.wsandroid.suite (protectionLevel=50 flags=0x8be04)
I/WindowState(  831): WIN DEATH: Window{41b64ac0 u0 com.netease.nim.demo/com.netease.nim.demo.main.activity.MainActivity}
W/PackageManager(  831): Not granting permission android.permission.CONTROL_LOCATION_UPDATES to package com.wsandroid.suite (protectionLevel=18 flags=0x8be04)
W/PackageManager(  831): Unknown permission android.permission.ACCESS_COARSE_UPDATES in package com.wsandroid.suite
W/PackageManager(  831): Not granting permission android.permission.MOUNT_FORMAT_FILESYSTEMS to package com.wsandroid.suite (protectionLevel=18 flags=0x8be04)
W/PackageManager(  831): Not granting permission android.permission.MOUNT_UNMOUNT_FILESYSTEMS to package com.wsandroid.suite (protectionLevel=18 flags=0x8be04)
W/PackageManager(  831): Unknown permission android.permission.RAISED_THREAD_PRIORITY in package com.wsandroid.suite
W/PackageManager(  831): Not granting permission android.permission.DELETE_PACKAGES to package com.wsandroid.suite (protectionLevel=18 flags=0x8be04)
W/PackageManager(  831): Unknown permission com.amazon.device.messaging.permission.RECEIVE in package com.wsandroid.suite
W/PackageManager(  831): Unknown permission com.sonyericsson.illumination.permission.ILLUMINATION in package com.sonymobile.tvout.wifidisplay
W/PackageManager(  831): Unknown permission com.sonymobile.tvout.wifidisplay.permission.ACCESS_QC_SERVICE in package com.sonymobile.tvout.wifidisplay
W/PackageManager(  831): Not granting permission android.permission.READ_LOGS to package org.microemu.android.se.appello.lp.WisepilotSE (protectionLevel=50 flags=0x8be44)
W/PackageManager(  831): Unknown permission com.sonyericsson.permission.CUSTOMIZATION in package com.sonyericsson.android.pobox
W/PackageManager(  831): Unknown permission com.android.launcher.permission.PRELOAD_WORKSPACE in package com.google.android.partnersetup
W/PackageManager(  831): Not granting permission android.permission.DEVICE_POWER to package com.sonyericsson.android.socialphonebook (protectionLevel=2 flags=0xc8be45)
W/PackageManager(  831): Not granting permission android.permission.ACCESS_DRM to package com.sonyericsson.android.socialphonebook (protectionLevel=2 flags=0xc8be45)
W/PackageManager(  831): Unknown permission com.sonyericsson.permission.VOIPCALLLOG in package com.sonyericsson.android.socialphonebook
W/PackageManager(  831): Unknown permission com.sonyericsson.phone.CALL_SCREEN_SHORTCUT in package com.sonyericsson.android.socialphonebook
W/PackageManager(  831): Unknown permission com.android.email.permission.ACCESS_GAL_PROVIDER in package com.sonyericsson.android.socialphonebook
W/PackageManager(  831): Unknown permission com.sonyericsson.aab.READ_ICE_CONTACTS in package com.sonyericsson.android.socialphonebook
W/PackageManager(  831): Unknown permission com.sonymobile.providers.landownerprovider.permission.READ in package com.sonyericsson.android.socialphonebook
W/PackageManager(  831): Unknown permission com.google.android.providers.gmail.permission.READ_GMAIL in package com.mobisystems.office
W/PackageManager(  831): Unknown permission com.sonyericsson.illumination.permission.ILLUMINATION in package com.android.nfc
W/PackageManager(  831): Unknown permission com.sonyericsson.permission.MUSIC in package com.sonyericsson.music.googlelyricsplugin
W/PackageManager(  831): Unknown permission com.qualcomm.permission.ACCESS_LOCATION_API in package com.qualcomm.location
W/PackageManager(  831): Unknown permission com.vodafone.vodafone360updates.permission.SHOW_SETUP_WIZARD in package com.sonyericsson.setupwizard
W/PackageManager(  831): Unknown permission com.sonyericsson.timescape.permission.TIMESCAPE_SETTINGS in package com.sonyericsson.settings
W/PackageManager(  831): Unknown permission com.sonyericsson.eventstream.twitterplugin.AUTHENTICATION in package com.sonyericsson.eventstream.twitterpostviewer
W/PackageManager(  831): Unknown permission com.sonyericsson.illumination.permission.ILLUMINATION in package com.sonyericsson.organizer
W/PackageManager(  831): Unknown permission com.sonyericsson.permission.MUSIC in package com.sonyericsson.musicvisualizer
W/PackageManager(  831): Unknown permission com.sony.walkman.database.media.permission.ACCESS_DRM_METADATA in package com.sonyericsson.musicvisualizer
W/PackageManager(  831): Unknown permission andriod.permission.MANAGE_USB in package com.sonyericsson.usbux
W/PackageManager(  831): Unknown permission com.twitter.android.permission.AUTH_APP in package com.sonymobile.twitter.account
W/PackageManager(  831): Unknown permission com.sonyericsson.android.fota.permission.FOTA in package com.sonyericsson.debugmenu
D/keystore(  313): calling clear_uid in state: 3
I/ActivityManager(  831): Force stopping package com.netease.nim.demo appid=10190 user=0
D/dalvikvm(21319): GC_EXPLICIT freed 772K, 73% free 2994K/10928K, paused 2ms+3ms, total 35ms
I/InputReader(  831): Reconfiguring input devices.  changes=0x00000010
D/dalvikvm( 1019): GC_EXPLICIT freed 1533K, 38% free 15568K/24908K, paused 2ms+31ms, total 131ms
I/SocialEngine(16896): [main] PluginManager.onReceive: Package com.netease.nim.demo was removed
W/PluginManager(16542): Can't find plugin: com.netease.nim.demo
D/dalvikvm( 1222): GC_CONCURRENT freed 2119K, 70% free 3309K/10928K, paused 4ms+2ms, total 43ms
D/dalvikvm( 1222): WAIT_FOR_CONCURRENT_GC blocked 29ms
W/qdhwcomposer(  308): Excessive delay reading vsync: took 83 ms
D/dalvikvm(  831): GC_EXPLICIT freed 4329K, 36% free 23914K/36832K, paused 6ms+26ms, total 232ms
D/dalvikvm( 4147): GC_FOR_ALLOC freed 2249K, 24% free 13835K/18184K, paused 21ms, total 21ms
D/dalvikvm( 4147): GC_FOR_ALLOC freed 1024K, 25% free 13692K/18184K, paused 18ms, total 18ms
D/dalvikvm( 4147): GC_FOR_ALLOC freed 5K, 21% free 14384K/18184K, paused 41ms, total 42ms
I/dalvikvm-heap( 4147): Grow heap (frag case) to 16.948MB for 721696-byte allocation
W/qdhwcomposer(  308): Excessive delay reading vsync: took 66 ms
I/ActivityManager(  831): Start proc com.sonyericsson.eventstream for broadcast com.sonyericsson.eventstream/.EventStreamReceiver: pid=21488 uid=10033 gids={50033, 3003, 1028}
W/fb4a(:<default>):UserScope(20746): Called user scoped provider with no viewer. ViewerContextManager was created with no ViewerContext. Using EmptyViewerContextManager to return fake logged in instance.
D/dalvikvm( 4147): GC_FOR_ALLOC freed 1191K, 23% free 14703K/18892K, paused 19ms, total 20ms
W/fb4a(:<default>):UserScope(20746): Called user scoped provider with no viewer. ViewerContextManager was created with no ViewerContext. Using EmptyViewerContextManager to return fake logged in instance.
D/AndroidRuntime(21474): 
D/AndroidRuntime(21474): >>>>>> AndroidRuntime START com.android.internal.os.RuntimeInit <<<<<<
D/AndroidRuntime(21474): CheckJNI is OFF
D/dalvikvm( 4147): GC_FOR_ALLOC freed 813K, 21% free 15110K/18892K, paused 23ms, total 23ms
D/dalvikvm(21474): Trying to load lib libjavacore.so 0x0
D/dalvikvm(21474): Added shared lib libjavacore.so 0x0
D/BackupManagerService(  831): Received broadcast Intent { act=android.intent.action.PACKAGE_REMOVED dat=package:com.netease.nim.demo flg=0x8000010 (has extras) }
V/BackupManagerService(  831): removePackageParticipantsLocked: uid=10190 #1
I/ActivityManager(  831): Start proc com.android.keychain for broadcast com.android.keychain/.KeyChainBroadcastReceiver: pid=21510 uid=1000 gids={41000, 3003, 1015, 1028, 3002, 3001, 3007, 1021, 3004, 3005, 1000, 3009, 1023, 1007, 1004, 2002}
D/dalvikvm(21474): Trying to load lib libnativehelper.so 0x0
D/dalvikvm(21474): Added shared lib libnativehelper.so 0x0
W/ContextImpl(21510): Calling a method in the system process without a qualified user: android.app.ContextImpl.startService:1427 android.content.ContextWrapper.startService:473 android.content.ContextWrapper.startService:473 com.android.keychain.KeyChainBroadcastReceiver.onReceive:12 android.app.ActivityThread.handleReceiver:2488 
I/ActivityManager(  831): Start proc com.android.musicfx for broadcast com.android.musicfx/.Compatibility$Receiver: pid=21526 uid=10069 gids={50069, 3003, 3002, 1028}
I/ActivityManager(  831): Start proc com.realvnc.android.remote for broadcast com.realvnc.android.remote/.RemoteControlService$PackageManagerReceiver: pid=21547 uid=10099 gids={50099, 1004, 2002, 1028}
I/ActivityManager(  831): No longer want com.google.android.gm (pid 20885): empty #17
D/gp.PicasaSync(21051): sync account database
I/ActivityManager(  831): No longer want com.google.android.talk (pid 20977): empty #17
D/CosineD ( 3304): fork 21564
D/CosineD (21564): argv
D/CosineD (21564): app_process
D/CosineD (21564): /system/bin
D/CosineD (21564): com.android.commands.am.Am
D/CosineD (21564): broadcast
D/CosineD (21564): --user
D/CosineD (21564): 0
D/CosineD (21564): -n
D/CosineD (21564): com.netease.nim.demo/com.netease.cosine.target.CosineReceiver
D/CosineD (21564): exec
I/ActivityManager(  831): Start proc com.sonyericsson.album for broadcast com.sonyericsson.album/.online.playmemories.UpdateReceiver: pid=21571 uid=10102 gids={50102, 3003, 1015, 1028}
D/dalvikvm(  309): GC_EXPLICIT freed 39K, 77% free 2585K/10928K, paused 1ms+1ms, total 17ms
D/dalvikvm(  309): GC_EXPLICIT freed <1K, 77% free 2585K/10928K, paused 1ms+2ms, total 17ms
D/dalvikvm(  309): GC_EXPLICIT freed <1K, 77% free 2585K/10928K, paused 1ms+2ms, total 15ms
I/ActivityManager(  831): No longer want com.android.calendar (pid 21234): empty #17
D/VoicemailCleanupService(21319): Cleaning up data for package: com.netease.nim.demo
I/SocialEngine(21571): [Thread-3771] PluginManager.addPluginsForProviders: New potential plugin with authority 'com.sonyericsson.socialengine.plugins.picasa'
I/ActivityManager(  831): Start proc com.sonyericsson.updatecenter for broadcast com.sonyericsson.updatecenter/.update.ApplicationRemovedReceiver: pid=21588 uid=10146 gids={50146, 3003, 2001, 1015, 1028}
I/SocialEngine(21571): [Thread-3771] PluginManager.addPluginsForProviders: Added plugin: Plugin [name=Picasa, apiVersion=0, provider=ComponentInfo{com.sonyericsson.socialengine.plugins.picasa/com.sonyericsson.socialengine.plugins.picasa.PicasaPluginProvider}, authority=com.sonyericsson.socialengine.plugins.picasa, enabled=true]
I/SocialEngine(21571): [Thread-3771] PluginManager.addPluginsForProviders: New potential plugin with authority 'com.sonymobile.socialengine.plugins.flickr'
I/SocialEngine(21571): [Thread-3771] PluginManager.addPluginsForProviders: Added plugin: Plugin [name=Flickr, apiVersion=3, provider=ComponentInfo{com.sonymobile.socialengine.plugins.flickr/com.sonymobile.socialengine.plugins.flickr.FlickrPluginProvider}, authority=com.sonymobile.socialengine.plugins.flickr, enabled=true]
I/SocialEngine(21571): [Thread-3771] PluginManager.addPluginsForProviders: New potential plugin with authority 'com.sonymobile.socialengine.plugins.twitter_sharefrwk'
I/SocialEngine(21571): [Thread-3771] PluginManager.addPluginsForProviders: Added plugin: Plugin [name=Xperia Twitter, apiVersion=2, provider=ComponentInfo{com.sonymobile.socialengine.plugins.twitter_sharefrwk/com.sonymobile.socialengine.plugins.twitter_sharefrwk.TwitterPluginProvider}, authority=com.sonymobile.socialengine.plugins.twitter_sharefrwk, enabled=true]
I/SocialEngine(21571): [Thread-3771] PluginManager.addPluginsForProviders: New potential plugin with authority 'com.sonymobile.socialengine.plugins.facebook_sharefrwk'
I/SocialEngine(21571): [Thread-3771] PluginManager.addPluginsForProviders: Added plugin: Plugin [name=Xperia Facebook, apiVersion=3, provider=ComponentInfo{com.sonymobile.socialengine.plugins.facebook_sharefrwk/com.sonymobile.socialengine.plugins.facebook_sharefrwk.ShareFrwkPluginProvider}, authority=com.sonymobile.socialengine.plugins.facebook_sharefrwk, enabled=true]
I/SocialEngine(21571): [Thread-3771] PluginManager.addPluginsForProviders: New potential plugin with authority 'com.sonyericsson.socialengine.plugins.facebook'
I/SocialEngine(21571): [Thread-3771] PluginManager.addPluginsForProviders: Added plugin: Plugin [name=Facebook, apiVersion=0, provider=ComponentInfo{com.sonyericsson.socialengine.plugins.facebook/com.sonyericsson.socialengine.plugins.facebook.FacebookPluginProvider}, authority=com.sonyericsson.socialengine.plugins.facebook, enabled=true]
D/UpdateCenter(21588): [com.sonyericsson.updatecenter.update.ApplicationRemovedReceiver] ApplicationRemovedDetector#onReceive is called. Starting service.
I/SocialEngine(21571): [Thread-3771] SocialEngineProvider.addUriHelpersForPlugins: Adding meta-data for plugin, Picasa
D/dalvikvm( 4147): GC_FOR_ALLOC freed 3202K, 26% free 14507K/19488K, paused 25ms, total 25ms
I/SocialEngine(21571): [Thread-3771] SocialEngineProvider.addUriHelpersForPlugins: Adding meta-data for plugin, Flickr
I/SocialEngine(21571): [Thread-3771] SocialEngineProvider.addUriHelpersForPlugins: Adding meta-data for plugin, Xperia Twitter
I/ActivityManager(  831): Start proc com.sonyericsson.extras.liveware for broadcast com.sonyericsson.extras.liveware/.aef.service.InstallEventReceiver: pid=21604 uid=10165 gids={50165, 3002, 3001, 3003, 1015, 1028}
I/SocialEngine(21571): [Thread-3771] SocialEngineProvider.addUriHelpersForPlugins: Adding meta-data for plugin, Xperia Facebook
I/SocialEngine(21571): [Thread-3771] SocialEngineProvider.addUriHelpersForPlugins: Adding meta-data for plugin, Facebook
D/UpdateCenter(21588): [com.sonyericsson.updatecenter.model.UpdateProviderFacade] Could not get Update Elements.
W/GAV2    (21604): Thread[main,5,main]: Need to call initialize() and be in fallback mode to start dispatch.
E/dalvikvm(21604): Could not find class 'android.test.IsolatedContext', referenced from method com.sonyericsson.extras.liveware.db.ExperienceDatabaseHelper.onUpgrade
W/dalvikvm(21604): VFY: unable to resolve const-class 211 (Landroid/test/IsolatedContext;) in Lcom/sonyericsson/extras/liveware/db/ExperienceDatabaseHelper;
D/dalvikvm(21604): VFY: replacing opcode 0x1c at 0x005c
I/ActivityManager(  831): Start proc com.sonymobile.runtimeskinning.core for broadcast com.sonymobile.runtimeskinning.core/com.sonymobile.runtimeskinning.picker.install.PackageInstallReceiver: pid=21623 uid=10168 gids={50168, 3003, 1028}
D/JPush   (16542): [PushReceiver] onReceive - android.intent.action.PACKAGE_REMOVED
I/ActivityManager(  831): Start proc com.sonyericsson.credentialmanagerservice for broadcast com.sonyericsson.credentialmanagerservice/.CredentialManagerUidRemovedReceiver: pid=21639 uid=1000 gids={41000, 3003, 1015, 1028, 3002, 3001, 3007, 1021, 3004, 3005, 1000, 3009, 1023, 1007, 1004, 2002}
I/ActivityManager(  831): No longer want com.sonyericsson.crashmonitor (pid 21272): empty #17
I/ActivityManager(  831): No longer want com.android.providers.calendar (pid 20950): empty #18
I/ActivityManager(  831): No longer want com.sonyericsson.android.addoncamera.artfilter (pid 21357): empty #17
D/dalvikvm(21639): Trying to load lib /data/app-lib/CredentialManagerService/libcredential-manager-service.so 0x4183a6b8
D/dalvikvm(21639): Added shared lib /data/app-lib/CredentialManagerService/libcredential-manager-service.so 0x4183a6b8
E/dalvikvm(21639): ERROR: couldn't find native method
E/dalvikvm(21639): Requested: Lcom/sonyericsson/credentialmanagerservice/CredentialManagerService;.initializeJNI:()I
I/ActivityManager(  831): No longer want com.sonyericsson.android.camera3d (pid 21375): empty #17
W/fb4a(:<default>):BlueServiceQueue(20746): Exception during service
W/fb4a(:<default>):BlueServiceQueue(20746): com.facebook.http.protocol.AuthTokenNullException: auth token is null, user logged out?
W/fb4a(:<default>):BlueServiceQueue(20746): 	at com.facebook.http.protocol.SingleMethodRunnerImpl.a(SingleMethodRunnerImpl.java:330)
W/fb4a(:<default>):BlueServiceQueue(20746): 	at com.facebook.http.protocol.SingleMethodRunnerImpl.a(SingleMethodRunnerImpl.java:182)
W/fb4a(:<default>):BlueServiceQueue(20746): 	at com.facebook.http.protocol.SingleMethodRunnerImpl.a(SingleMethodRunnerImpl.java:150)
W/fb4a(:<default>):BlueServiceQueue(20746): 	at com.facebook.http.protocol.AbstractSingleMethodRunner.a(AbstractSingleMethodRunner.java:16)
W/fb4a(:<default>):BlueServiceQueue(20746): 	at com.facebook.privacy.service.PrivacyServiceHandler.b(PrivacyServiceHandler.java:65)
W/fb4a(:<default>):BlueServiceQueue(20746): 	at com.facebook.privacy.service.PrivacyServiceHandler.a(PrivacyServiceHandler.java:53)
W/fb4a(:<default>):BlueServiceQueue(20746): 	at com.facebook.api.feedcache.db.FeedDbCacheServiceHandler.a(FeedDbCacheServiceHandler.java:154)
W/fb4a(:<default>):BlueServiceQueue(20746): 	at com.facebook.fbservice.service.FilterChainLink.a(FilterChainLink.java:20)
W/fb4a(:<default>):BlueServiceQueue(20746): 	at com.facebook.privacy.service.PrivacyCacheServiceHandler.b(PrivacyCacheServiceHandler.java:86)
W/fb4a(:<default>):BlueServiceQueue(20746): 	at com.facebook.privacy.service.PrivacyCacheServiceHandler.a(PrivacyCacheServiceHandler.java:55)
W/fb4a(:<default>):BlueServiceQueue(20746): 	at com.facebook.fbservice.service.FilterChainLink.a(FilterChainLink.java:20)
W/fb4a(:<default>):BlueServiceQueue(20746): 	at com.facebook.api.feedcache.memory.FeedMemoryCacheServiceHandler.a(FeedMemoryCacheServiceHandler.java:184)
W/fb4a(:<default>):BlueServiceQueue(20746): 	at com.facebook.fbservice.service.FilterChainLink.a(FilterChainLink.java:20)
W/fb4a(:<default>):BlueServiceQueue(20746): 	at com.facebook.fbservice.service.BlueServiceQueue.e(BlueServiceQueue.java:296)
W/fb4a(:<default>):BlueServiceQueue(20746): 	at com.facebook.fbservice.service.BlueServiceQueue.d(BlueServiceQueue.java:53)
W/fb4a(:<default>):BlueServiceQueue(20746): 	at com.facebook.fbservice.service.BlueServiceQueue$3.run(BlueServiceQueue.java:230)
W/fb4a(:<default>):BlueServiceQueue(20746): 	at java.util.concurrent.Executors$RunnableAdapter.call(Executors.java:390)
W/fb4a(:<default>):BlueServiceQueue(20746): 	at java.util.concurrent.FutureTask.run(FutureTask.java:234)
W/fb4a(:<default>):BlueServiceQueue(20746): 	at com.facebook.common.executors.ListenableScheduledFutureImpl.run(ListenableScheduledFutureImpl.java:59)
W/fb4a(:<default>):BlueServiceQueue(20746): 	at android.os.Handler.handleCallback(Handler.java:730)
W/fb4a(:<default>):BlueServiceQueue(20746): 	at android.os.Handler.dispatchMessage(Handler.java:92)
W/fb4a(:<default>):BlueServiceQueue(20746): 	at android.os.Looper.loop(Looper.java:213)
W/fb4a(:<default>):BlueServiceQueue(20746): 	at android.os.HandlerThread.run(HandlerThread.java:61)
D/gp.PicasaSync(21051): accounts in DB=0
D/QSEECOMAPI: (21639): QSEECom_start_app sb_length = 0x400
D/QSEECOMAPI: (21639): App is not loaded in QSEE
I/ActivityManager(  831): No longer want com.sonyericsson.android.camera (pid 21389): empty #17
D/gp.PicasaSyncManager(21051): active network: NetworkInfo: type: WIFI[], state: CONNECTED/CONNECTED, reason: (unspecified), extra: "Xiaomi_24A6", roaming: false, failover: false, isAvailable: true
D/gp.PicasaSyncManager(21051): background data: true
D/QSEECOMAPI: (21639): Loaded image: APP id = 2
D/QSEECOMAPI: (21639): QSEECom_shutdown_app 
D/QSEECOMAPI: (21639): QSEECom_shutdown_app, app_id = 2
D/gp.PicasaSyncManager(21051): battery info: true
D/AndroidRuntime(21564): 
D/AndroidRuntime(21564): >>>>>> AndroidRuntime START com.android.internal.os.RuntimeInit <<<<<<
D/AndroidRuntime(21564): CheckJNI is OFF
D/dalvikvm(21564): Trying to load lib libjavacore.so 0x0
D/dalvikvm(21564): Added shared lib libjavacore.so 0x0
D/dalvikvm(21564): Trying to load lib libnativehelper.so 0x0
D/dalvikvm(21564): Added shared lib libnativehelper.so 0x0
D/AndroidRuntime(21474): Calling main entry com.android.commands.am.Am
D/dalvikvm(21474): Note: class Landroid/app/ActivityManagerNative; has 163 unimplemented (abstract) methods
D/AndroidRuntime(21474): Shutting down VM
W/ActivityManager(  831): Unable to start service Intent { cmp=com.netease.nim.demo/com.igexin.sdk.PushService } U=0: not found
D/dalvikvm(21474): GC_CONCURRENT freed 95K, 16% free 526K/624K, paused 1ms+0ms, total 4ms
D/dalvikvm(  831): GC_EXPLICIT freed 1146K, 35% free 24036K/36832K, paused 45ms+25ms, total 1777ms
D/AndroidRuntime(21564): Calling main entry com.android.commands.am.Am
D/dalvikvm(21564): Note: class Landroid/app/ActivityManagerNative; has 163 unimplemented (abstract) methods
D/AndroidRuntime(21564): Shutting down VM
I/AndroidRuntime(21564): NOTE: attach of thread 'Binder_2' failed
D/dalvikvm(21564): GC_CONCURRENT freed 93K, 16% free 528K/624K, paused 0ms+1ms, total 4ms
I/ActivityManager(  831): Start proc com.android.defcontainer for service com.android.defcontainer/.DefaultContainerService: pid=21685 uid=10028 gids={50028, 1015, 1023, 2001, 1028}
I/ActivityManager(  831): No longer want com.sonymobile.cameracommon (pid 21298): empty #17
W/qdhwcomposer(  308): Excessive delay reading vsync: took 1566 ms
W/ActivityManager(  831): Permission denied: checkComponentPermission() owningUid=10148
W/ActivityManager(  831): Permission denied: checkComponentPermission() owningUid=10148
W/ActivityManager(  831): Permission denied: checkComponentPermission() owningUid=10148
W/ActivityManager(  831): Permission denied: checkComponentPermission() owningUid=10148
W/ActivityManager(  831): Permission denied: checkComponentPermission() owningUid=10148
W/ActivityManager(  831): Permission denied: checkComponentPermission() owningUid=10148
W/ActivityManager(  831): Permission denied: checkComponentPermission() owningUid=10148
W/ActivityManager(  831): Permission denied: checkComponentPermission() owningUid=10148
V/AudioHardwareALSA(  311): AudioHardwareALSA::getParameters() supported_effect=
I/ClearAudioPlus(21604): split : splitResult.length < 2  : supportedEffect : supported_effect=
W/ActivityManager(  831): Permission denied: checkComponentPermission() owningUid=10148
W/ActivityManager(  831): Permission denied: checkComponentPermission() owningUid=10148
W/ActivityManager(  831): Permission denied: checkComponentPermission() owningUid=10148
W/ActivityManager(  831): Permission denied: checkComponentPermission() owningUid=10148
D/ALSADevice(  311): standby: handle 0xb89fed40 h 0x0
V/ALSADevice(  311): standby handle h 0xb8a67c38
D/alsa_ucm(  311): snd_use_case_set(): uc_mgr 0xb89a5258 identifier _verb value Inactive
D/alsa_ucm(  311): Set mixer controls for HiFi Lowlatency enable 0
D/alsa_ucm(  311): Setting mixer control: SLIMBUS_0_RX Audio Mixer MultiMedia5, value: 0
V/ALSADevice(  311): Number of modifiers 0
V/ALSADevice(  311): usecase_type is 0
D/alsa_ucm(  311): snd_use_case_set(): uc_mgr 0xb89a5258 identifier _disdev value xLoud Speaker
D/alsa_ucm(  311): Set mixer controls for xLoud Speaker enable 0
D/alsa_ucm(  311): Setting mixer control: RX3 MIX1 INP1, value: ZERO
D/alsa_ucm(  311): Setting mixer control: RX3 MIX1 INP2, value: ZERO
D/alsa_ucm(  311): Setting mixer control: LINEOUT1 Volume, value: 0
D/alsa_ucm(  311): Setting mixer control: RX3 Digital Volume, value: 0
V/AudioHardwareALSA(  311): closeUsbPlaybackIfNothingActive, musbPlaybackState: 0
D/AudioUsbALSA(  311): exitPlaybackThread, mproxypfdPlayback: -1
D/AudioUsbALSA(  311): closeDevice handle 0x0
D/AudioUsbALSA(  311): closeDevice handle 0x0
D/BluetoothManagerService(  831): Message: 20
D/BluetoothManagerService(  831): Added callback: android.bluetooth.IBluetoothManagerCallback$Stub$Proxy@41e32960:true
I/ActivityManager(  831): No longer want com.sonyericsson.eventstream (pid 21488): empty #17
D/Diag_Lib(  745): [IMS_DEBUG]| 1035 | 749 |qpNetSelect : Select Unblocked , iRtn 0, errno 0, errno [Success]
E/Diag_Lib(  745): [IMS_FATAL]| 251 | 749 |qvp_rtp_handle_signals iRet : 0
E/Diag_Lib(  745): [IMS_FATAL]| 238 | 749 |qvp_rtp_handle_signals qpDplMainLoop: Calling imsSignalHandler
D/Diag_Lib(  745): [IMS_DEBUG]| 144 | 749 |qpDpl:imsSignalHandler
E/Diag_Lib(  745): [IMS_FATAL]| 155 | 749 |qpdpl:imsSignalHandler: GLobal data NULL or Event list size is 0
E/Diag_Lib(  745): [IMS_FATAL]| 243 | 749 |qvp_rtp_handle_signals add read fd : 8
W/qdhwcomposer(  308): Excessive delay reading vsync: took 2183 ms
W/qdhwcomposer(  308): Excessive delay reading vsync: took 266 ms
D/ALSADevice(  311): route: devices 0x2 in mode 0
V/ALSADevice(  311): switchDevice: device 0x2 mode:0
V/ALSADevice(  311): nonCallOutputRouting: 0x2, mDevSettingsFlag=0x00012012
V/ALSADevice(  311): Routing to rx=xLoud Speaker
V/ALSADevice(  311): nonCallInputRouting: 0, mDevSettingsFlag=0x00012012
V/ALSADevice(  311): Routing to tx=none
V/ALSADevice(  311): switchDevice,rxDev:xLoud Speaker, txDev:(null), curRxDev:xLoud Speaker, curTxDev:None
D/alsa_ucm(  311): snd_use_case_set(): uc_mgr 0xb89a5258 identifier _enadev value xLoud Speaker
D/ALSADevice(  311): switchDevice: mCurTxUCMDevivce None mCurRxDevDevice xLoud Speaker
D/alsa_ucm(  311): snd_use_case_set(): uc_mgr 0xb89a5258 identifier _verb value HiFi Lowlatency
D/alsa_ucm(  311): Set mixer controls for xLoud Speaker enable 1
D/alsa_ucm(  311): acdb_id 520 cap 1 enable 1
D/ACDB-LOADER(  311): ACDB -> send_audio_cal, acdb_id = 520, path =  0
D/ACDB-LOADER(  311): ACDB -> send_adm_topology
D/ACDB-LOADER(  311): ACDB -> ACDB_CMD_GET_AUDPROC_COMMON_TOPOLOGY_ID
D/ACDB-LOADER(  311): ACDB -> send_audtable
D/ACDB-LOADER(  311): ACDB -> ACDB_CMD_GET_AUDPROC_COMMON_TABLE
D/ACDB-LOADER(  311): ACDB -> AUDIO_SET_AUDPROC_CAL
D/ACDB-LOADER(  311): ACDB -> send_audvoltable
D/ACDB-LOADER(  311): ACDB -> ACDB_CMD_GET_AUDPROC_GAIN_DEP_VOLTBL_STEP_COPP
D/ACDB-LOADER(  311): ACDB -> AUDIO_SET_AUDPROC_VOL_CAL
D/ACDB-LOADER(  311): ACDB -> AUDIO_SET_AFE_CAL
D/alsa_ucm(  311): Setting mixer control: SLIM_0_RX Channels, value: Two
D/alsa_ucm(  311): Setting mixer control: RX3 MIX1 INP1, value: RX1
D/alsa_ucm(  311): Setting mixer control: RX3 MIX1 INP2, value: RX2
D/alsa_ucm(  311): Setting mixer control: LINEOUT1 Volume, value: 100
D/alsa_ucm(  311): Setting mixer control: RX3 Digital Volume, value: 68
D/alsa_ucm(  311): Set mixer controls for HiFi Lowlatency enable 1
D/alsa_ucm(  311): Setting mixer control: SLIMBUS_0_RX Audio Mixer MultiMedia5, value: 1
D/ALSADevice(  311): close: handle 0xb89fed40 h 0x0
D/ALSADevice(  311): open: handle 0xb89fed40, format 0x2
V/ALSADevice(  311): Music case
D/ALSADevice(  311): Device value returned is hw:0,14
V/ALSADevice(  311): flags 0, devName hw:0,14
V/ALSADevice(  311): pcm_open returned fd 40
D/ALSADevice(  311): handle->format: 0x2
D/ALSADevice(  311): setHardwareParams: reqBuffSize 1024 channels 2 sampleRate 48000
